Archive member included to satisfy reference by file (symbol)

/usr/lib/gcc/arm-none-eabi/12.1.0/../../../../arm-none-eabi/lib/thumb/v7e-m+fp/softfp/libc_nano.a(lib_a-assert.o)
                              Debug/mcu_mdriver.o (__assert_func)
/usr/lib/gcc/arm-none-eabi/12.1.0/../../../../arm-none-eabi/lib/thumb/v7e-m+fp/softfp/libc_nano.a(lib_a-atexit.o)
                              /usr/lib/gcc/arm-none-eabi/12.1.0/../../../../arm-none-eabi/lib/thumb/v7e-m+fp/softfp/crt0.o (atexit)
/usr/lib/gcc/arm-none-eabi/12.1.0/../../../../arm-none-eabi/lib/thumb/v7e-m+fp/softfp/libc_nano.a(lib_a-errno.o)
                              Debug/mcu_mdriver.o (__errno)
/usr/lib/gcc/arm-none-eabi/12.1.0/../../../../arm-none-eabi/lib/thumb/v7e-m+fp/softfp/libc_nano.a(lib_a-exit.o)
                              /usr/lib/gcc/arm-none-eabi/12.1.0/../../../../arm-none-eabi/lib/thumb/v7e-m+fp/softfp/crt0.o (exit)
/usr/lib/gcc/arm-none-eabi/12.1.0/../../../../arm-none-eabi/lib/thumb/v7e-m+fp/softfp/libc_nano.a(lib_a-fini.o)
                              /usr/lib/gcc/arm-none-eabi/12.1.0/../../../../arm-none-eabi/lib/thumb/v7e-m+fp/softfp/crt0.o (__libc_fini_array)
/usr/lib/gcc/arm-none-eabi/12.1.0/../../../../arm-none-eabi/lib/thumb/v7e-m+fp/softfp/libc_nano.a(lib_a-fprintf.o)
                              /usr/lib/gcc/arm-none-eabi/12.1.0/../../../../arm-none-eabi/lib/thumb/v7e-m+fp/softfp/libc_nano.a(lib_a-assert.o) (fiprintf)
/usr/lib/gcc/arm-none-eabi/12.1.0/../../../../arm-none-eabi/lib/thumb/v7e-m+fp/softfp/libc_nano.a(lib_a-impure.o)
                              /usr/lib/gcc/arm-none-eabi/12.1.0/../../../../arm-none-eabi/lib/thumb/v7e-m+fp/softfp/libc_nano.a(lib_a-exit.o) (_global_impure_ptr)
/usr/lib/gcc/arm-none-eabi/12.1.0/../../../../arm-none-eabi/lib/thumb/v7e-m+fp/softfp/libc_nano.a(lib_a-init.o)
                              /usr/lib/gcc/arm-none-eabi/12.1.0/../../../../arm-none-eabi/lib/thumb/v7e-m+fp/softfp/crt0.o (__libc_init_array)
/usr/lib/gcc/arm-none-eabi/12.1.0/../../../../arm-none-eabi/lib/thumb/v7e-m+fp/softfp/libc_nano.a(lib_a-memcpy-stub.o)
                              Debug/mcu_mm.o (memcpy)
/usr/lib/gcc/arm-none-eabi/12.1.0/../../../../arm-none-eabi/lib/thumb/v7e-m+fp/softfp/libc_nano.a(lib_a-memset.o)
                              /usr/lib/gcc/arm-none-eabi/12.1.0/../../../../arm-none-eabi/lib/thumb/v7e-m+fp/softfp/crt0.o (memset)
/usr/lib/gcc/arm-none-eabi/12.1.0/../../../../arm-none-eabi/lib/thumb/v7e-m+fp/softfp/libc_nano.a(lib_a-nano-mallocr.o)
                              Debug/mcu_mlib.o (__malloc_sbrk_start)
/usr/lib/gcc/arm-none-eabi/12.1.0/../../../../arm-none-eabi/lib/thumb/v7e-m+fp/softfp/libc_nano.a(lib_a-nano-vfprintf.o)
                              /usr/lib/gcc/arm-none-eabi/12.1.0/../../../../arm-none-eabi/lib/thumb/v7e-m+fp/softfp/libc_nano.a(lib_a-fprintf.o) (_vfprintf_r)
/usr/lib/gcc/arm-none-eabi/12.1.0/../../../../arm-none-eabi/lib/thumb/v7e-m+fp/softfp/libc_nano.a(lib_a-sbrkr.o)
                              /usr/lib/gcc/arm-none-eabi/12.1.0/../../../../arm-none-eabi/lib/thumb/v7e-m+fp/softfp/libc_nano.a(lib_a-nano-mallocr.o) (_sbrk_r)
/usr/lib/gcc/arm-none-eabi/12.1.0/../../../../arm-none-eabi/lib/thumb/v7e-m+fp/softfp/libc_nano.a(lib_a-sprintf.o)
                              Debug/mcu_mdriver.o (sprintf)
/usr/lib/gcc/arm-none-eabi/12.1.0/../../../../arm-none-eabi/lib/thumb/v7e-m+fp/softfp/libc_nano.a(lib_a-sscanf.o)
                              Debug/mcu_mdriver.o (sscanf)
/usr/lib/gcc/arm-none-eabi/12.1.0/../../../../arm-none-eabi/lib/thumb/v7e-m+fp/softfp/libc_nano.a(lib_a-stdio.o)
                              /usr/lib/gcc/arm-none-eabi/12.1.0/../../../../arm-none-eabi/lib/thumb/v7e-m+fp/softfp/libc_nano.a(lib_a-sscanf.o) (__seofread)
/usr/lib/gcc/arm-none-eabi/12.1.0/../../../../arm-none-eabi/lib/thumb/v7e-m+fp/softfp/libc_nano.a(lib_a-strcat.o)
                              Debug/mcu.o (strcat)
/usr/lib/gcc/arm-none-eabi/12.1.0/../../../../arm-none-eabi/lib/thumb/v7e-m+fp/softfp/libc_nano.a(lib_a-strerror.o)
                              Debug/mcu_mdriver.o (strerror)
/usr/lib/gcc/arm-none-eabi/12.1.0/../../../../arm-none-eabi/lib/thumb/v7e-m+fp/softfp/libc_nano.a(lib_a-strlen.o)
                              Debug/mcu.o (strlen)
/usr/lib/gcc/arm-none-eabi/12.1.0/../../../../arm-none-eabi/lib/thumb/v7e-m+fp/softfp/libc_nano.a(lib_a-u_strerr.o)
                              /usr/lib/gcc/arm-none-eabi/12.1.0/../../../../arm-none-eabi/lib/thumb/v7e-m+fp/softfp/libc_nano.a(lib_a-strerror.o) (_user_strerror)
/usr/lib/gcc/arm-none-eabi/12.1.0/../../../../arm-none-eabi/lib/thumb/v7e-m+fp/softfp/libc_nano.a(lib_a-wbuf.o)
                              /usr/lib/gcc/arm-none-eabi/12.1.0/../../../../arm-none-eabi/lib/thumb/v7e-m+fp/softfp/libc_nano.a(lib_a-nano-vfprintf.o) (__swbuf_r)
/usr/lib/gcc/arm-none-eabi/12.1.0/../../../../arm-none-eabi/lib/thumb/v7e-m+fp/softfp/libc_nano.a(lib_a-writer.o)
[...]
Memory Configuration

Name             Origin             Length             Attributes
RAM              0x0000000020000000 0x0000000000020000 xrw
FLASH            0x0000000008000000 0x0000000000080000 xr
*default*        0x0000000000000000 0xffffffffffffffff

Linker script and memory map

LOAD /usr/lib/gcc/arm-none-eabi/12.1.0/thumb/v7e-m+fp/softfp/crti.o
LOAD /usr/lib/gcc/arm-none-eabi/12.1.0/thumb/v7e-m+fp/softfp/crtbegin.o
LOAD /usr/lib/gcc/arm-none-eabi/12.1.0/../../../../arm-none-eabi/lib/thumb/v7e-m+fp/softfp/crt0.o
LOAD Debug/mcu_mdriver.o
LOAD Debug/mcu_mlib.o
LOAD Debug/mcu_mm.o
LOAD Debug/mcu_timer.o
LOAD Debug/mcu.o
LOAD Debug/mcu_request.o
LOAD Debug/uart.o
LOAD Debug/uart_dma.o
LOAD Debug/mcu_syscalls.o
LOAD Debug/system_stm32f4xx.o
LOAD Debug/startup_stm32f411xe.o
LOAD /usr/lib/gcc/arm-none-eabi/12.1.0/../../../../arm-none-eabi/lib/thumb/v7e-m+fp/softfp/libc_nano.a
START GROUP
LOAD /usr/lib/gcc/arm-none-eabi/12.1.0/thumb/v7e-m+fp/softfp/libgcc.a
LOAD /usr/lib/gcc/arm-none-eabi/12.1.0/../../../../arm-none-eabi/lib/thumb/v7e-m+fp/softfp/libc_nano.a
END GROUP
START GROUP
LOAD /usr/lib/gcc/arm-none-eabi/12.1.0/thumb/v7e-m+fp/softfp/libgcc.a
LOAD /usr/lib/gcc/arm-none-eabi/12.1.0/../../../../arm-none-eabi/lib/thumb/v7e-m+fp/softfp/libc_nano.a
LOAD /usr/lib/gcc/arm-none-eabi/12.1.0/../../../../arm-none-eabi/lib/thumb/v7e-m+fp/softfp/libnosys.a
END GROUP
START GROUP
LOAD /usr/lib/gcc/arm-none-eabi/12.1.0/thumb/v7e-m+fp/softfp/libgcc.a
LOAD /usr/lib/gcc/arm-none-eabi/12.1.0/../../../../arm-none-eabi/lib/thumb/v7e-m+fp/softfp/libc_nano.a
LOAD /usr/lib/gcc/arm-none-eabi/12.1.0/../../../../arm-none-eabi/lib/thumb/v7e-m+fp/softfp/libnosys.a
END GROUP
LOAD /usr/lib/gcc/arm-none-eabi/12.1.0/thumb/v7e-m+fp/softfp/crtend.o
LOAD /usr/lib/gcc/arm-none-eabi/12.1.0/thumb/v7e-m+fp/softfp/crtn.o
                0x0000000020020000                _estack = (ORIGIN (RAM) + LENGTH (RAM))
                0x0000000000000200                _Min_Heap_Size = 0x200
                0x0000000000000400                _Min_Stack_Size = 0x400

.isr_vector     0x0000000008000000      0x198
                0x0000000008000000                . = ALIGN (0x4)
 *(.isr_vector)
 .isr_vector    0x0000000008000000      0x198 Debug/startup_stm32f411xe.o
                0x0000000008000000                g_pfnVectors
                0x0000000008000198                . = ALIGN (0x4)

.text           0x00000000080001a0     0x4850
                0x00000000080001a0                . = ALIGN (0x4)
 *(.text)
 .text          0x00000000080001a0       0x10 /usr/lib/gcc/arm-none-eabi/12.1.0/../../../../arm-none-eabi/lib/thumb/v7e-m+fp/softfp/libc_nano.a(lib_a-strlen.o)
                0x00000000080001a0                strlen
 .text          0x00000000080001b0       0xa0 /usr/lib/gcc/arm-none-eabi/12.1.0/../../../../arm-none-eabi/lib/thumb/v7e-m+fp/softfp/libc_nano.a(lib_a-memchr.o)
                0x00000000080001b0                memchr
 .text          0x0000000008000250      0x378 /usr/lib/gcc/arm-none-eabi/12.1.0/thumb/v7e-m+fp/softfp/libgcc.a(_arm_addsubdf3.o)
                0x0000000008000250                __aeabi_drsub
                0x0000000008000258                __aeabi_dsub
                0x0000000008000258                __subdf3
                0x000000000800025c                __adddf3
                0x000000000800025c                __aeabi_dadd
                0x00000000080004d4                __aeabi_ui2d
                0x00000000080004d4                __floatunsidf
                0x00000000080004f4                __floatsidf
                0x00000000080004f4                __aeabi_i2d
                0x0000000008000518                __extendsfdf2
                0x0000000008000518                __aeabi_f2d
                0x000000000800055c                __aeabi_ul2d
                0x000000000800055c                __floatundidf
                0x000000000800056c                __floatdidf
                0x000000000800056c                __aeabi_l2d
 .text          0x00000000080005c8      0x424 /usr/lib/gcc/arm-none-eabi/12.1.0/thumb/v7e-m+fp/softfp/libgcc.a(_arm_muldivdf3.o)
                0x00000000080005c8                __aeabi_dmul
                0x00000000080005c8                __muldf3
                0x000000000800081c                __aeabi_ddiv
                0x000000000800081c                __divdf3
 .text          0x00000000080009ec       0x50 /usr/lib/gcc/arm-none-eabi/12.1.0/thumb/v7e-m+fp/softfp/libgcc.a(_arm_fixdfsi.o)
                0x00000000080009ec                __fixdfsi
                0x00000000080009ec                __aeabi_d2iz
 *(.text*)
 .text.__do_global_dtors_aux
                0x0000000008000a3c       0x24 /usr/lib/gcc/arm-none-eabi/12.1.0/thumb/v7e-m+fp/softfp/crtbegin.o
 .text.frame_dummy
                0x0000000008000a60       0x1c /usr/lib/gcc/arm-none-eabi/12.1.0/thumb/v7e-m+fp/softfp/crtbegin.o
 .text.stack_test
                0x0000000008000a7c       0x2e Debug/mcu_mdriver.o
 .text.heap_test
                0x0000000008000aaa       0x1a Debug/mcu_mdriver.o
 .text.main     0x0000000008000ac4      0x24c Debug/mcu_mdriver.o
                0x0000000008000ac4                main
 .text.add_range
                0x0000000008000d10      0x170 Debug/mcu_mdriver.o
 .text.remove_range
                0x0000000008000e80       0x4a Debug/mcu_mdriver.o
 .text.clear_ranges
                0x0000000008000eca       0x32 Debug/mcu_mdriver.o
 .text.read_trace
                0x0000000008000efc      0x46c Debug/mcu_mdriver.o
 .text.free_trace
                0x0000000008001368       0x32 Debug/mcu_mdriver.o
 *fill*         0x000000000800139a        0x2 
 .text.eval_mm_valid
                0x000000000800139c      0x210 Debug/mcu_mdriver.o
 .text.eval_mm_util
                0x00000000080015ac      0x1e4 Debug/mcu_mdriver.o
 .text.printresults
                0x0000000008001790      0x268 Debug/mcu_mdriver.o
 .text.app_error
                0x00000000080019f8       0x2c Debug/mcu_mdriver.o
 .text.unix_error
                0x0000000008001a24       0x3c Debug/mcu_mdriver.o
 .text.malloc_error
                0x0000000008001a60       0x48 Debug/mcu_mdriver.o
 .text.mem_init
                0x0000000008001aa8       0x50 Debug/mcu_mlib.o
                0x0000000008001aa8                mem_init
 .text.mem_sbrk
                0x0000000008001af8       0x8c Debug/mcu_mlib.o
                0x0000000008001af8                mem_sbrk
 .text.mem_heap_lo
                0x0000000008001b84        0xc Debug/mcu_mlib.o
                0x0000000008001b84                mem_heap_lo
 .text.mem_heap_hi
                0x0000000008001b90       0x10 Debug/mcu_mlib.o
                0x0000000008001b90                mem_heap_hi
 .text.mem_heapsize
                0x0000000008001ba0       0x18 Debug/mcu_mlib.o
                0x0000000008001ba0                mem_heapsize
 .text.extend_heap
                0x0000000008001bb8       0x3c Debug/mcu_mm.o
 .text.mm_init  0x0000000008001bf4       0x5c Debug/mcu_mm.o
                0x0000000008001bf4                mm_init
 .text.mm_malloc
                0x0000000008001c50       0xb8 Debug/mcu_mm.o
                0x0000000008001c50                mm_malloc
 .text.mm_free  0x0000000008001d08       0x30 Debug/mcu_mm.o
                0x0000000008001d08                mm_free
 .text.mm_realloc
                0x0000000008001d38       0x8c Debug/mcu_mm.o
                0x0000000008001d38                mm_realloc
 .text.mm_finish
                0x0000000008001dc4       0x2c Debug/mcu_mm.o
                0x0000000008001dc4                mm_finish
 .text.__NVIC_EnableIRQ
                0x0000000008001df0       0x34 Debug/mcu_timer.o
 .text.__NVIC_SetPriority
                0x0000000008001e24       0x50 Debug/mcu_timer.o
 .text.HardFault_Handler
                0x0000000008001e74       0x48 Debug/mcu_timer.o
                0x0000000008001e74                HardFault_Handler
 .text.WWDG_IRQHandler
                0x0000000008001ebc       0x48 Debug/mcu_timer.o
                0x0000000008001ebc                WWDG_IRQHandler
 .text.TIM2_IRQHandler
                0x0000000008001f04       0x7c Debug/mcu_timer.o
                0x0000000008001f04                TIM2_IRQHandler
 .text.get_time
                0x0000000008001f80        0xc Debug/mcu_timer.o
                0x0000000008001f80                get_time
 .text.wwdg_init
                0x0000000008001f8c       0x4c Debug/mcu_timer.o
                0x0000000008001f8c                wwdg_init
 .text.timer_init
                0x0000000008001fd8       0x70 Debug/mcu_timer.o
                0x0000000008001fd8                timer_init
 .text.loop     0x0000000008002048        0xc Debug/mcu.o
                0x0000000008002048                loop
 .text.var_print
                0x0000000008002054       0x34 Debug/mcu.o
                0x0000000008002054                var_print
 .text.send     0x0000000008002088       0x2c Debug/mcu_request.o
 .text.receive  0x00000000080020b4       0x20 Debug/mcu_request.o
 .text.mem_req_setup
                0x00000000080020d4       0x12 Debug/mcu_request.o
                0x00000000080020d4                mem_req_setup
 .text.req_send
                0x00000000080020e6       0x22 Debug/mcu_request.o
                0x00000000080020e6                req_send
 .text.req_receive
                0x0000000008002108       0x22 Debug/mcu_request.o
                0x0000000008002108                req_receive
 *fill*         0x000000000800212a        0x2 
 .text.uart_pin_setup
                0x000000000800212c       0x54 Debug/uart.o
 .text.led_on   0x0000000008002180       0x28 Debug/uart.o
                0x0000000008002180                led_on
 .text.led_off  0x00000000080021a8       0x28 Debug/uart.o
                0x00000000080021a8                led_off
 .text.led_init
                0x00000000080021d0       0x3c Debug/uart.o
                0x00000000080021d0                led_init
 .text.uart_enable
                0x000000000800220c       0x54 Debug/uart.o
 .text.uart_init
                0x0000000008002260       0x12 Debug/uart.o
                0x0000000008002260                uart_init
 *fill*         0x0000000008002272        0x2 
 .text.__NVIC_EnableIRQ
                0x0000000008002274       0x34 Debug/uart_dma.o
 .text.__NVIC_SetPriority
                0x00000000080022a8       0x50 Debug/uart_dma.o
 .text.uart_tx_setup
                0x00000000080022f8       0x58 Debug/uart_dma.o
 .text.uart_rx_setup
                0x0000000008002350       0x68 Debug/uart_dma.o
 .text.uart_tx_start
                0x00000000080023b8       0x58 Debug/uart_dma.o
                0x00000000080023b8                uart_tx_start
 .text.uart_tx_wait
                0x0000000008002410       0x14 Debug/uart_dma.o
                0x0000000008002410                uart_tx_wait
 .text.uart_rx_start
                0x0000000008002424       0x58 Debug/uart_dma.o
                0x0000000008002424                uart_rx_start
 .text.uart_rx_wait
                0x000000000800247c       0x14 Debug/uart_dma.o
                0x000000000800247c                uart_rx_wait
 .text.DMA1_Stream5_IRQHandler
                0x0000000008002490       0x3c Debug/uart_dma.o
                0x0000000008002490                DMA1_Stream5_IRQHandler
 .text.DMA1_Stream6_IRQHandler
                0x00000000080024cc       0x2c Debug/uart_dma.o
                0x00000000080024cc                DMA1_Stream6_IRQHandler
 .text.uart_dma_init
                0x00000000080024f8       0x3c Debug/uart_dma.o
                0x00000000080024f8                uart_dma_init
 .text.SVC_Handler
                0x0000000008002534       0x16 Debug/mcu_syscalls.o
                0x0000000008002534                SVC_Handler
 .text.SVC_Handler_Main
                0x000000000800254a       0x3c Debug/mcu_syscalls.o
                0x000000000800254a                SVC_Handler_Main
 .text.priv_mode_on
                0x0000000008002586        0x6 Debug/mcu_syscalls.o
                0x0000000008002586                priv_mode_on
 .text.priv_mode_off
                0x000000000800258c       0x24 Debug/mcu_syscalls.o
                0x000000000800258c                priv_mode_off
 .text.sys_mm_init
                0x00000000080025b0       0x12 Debug/mcu_syscalls.o
                0x00000000080025b0                sys_mm_init
 .text.sys_timer_init
                0x00000000080025c2       0x12 Debug/mcu_syscalls.o
                0x00000000080025c2                sys_timer_init
 .text.sys_malloc
                0x00000000080025d4       0x20 Debug/mcu_syscalls.o
                0x00000000080025d4                sys_malloc
 .text.sys_free
                0x00000000080025f4       0x1c Debug/mcu_syscalls.o
                0x00000000080025f4                sys_free
 .text.sys_realloc
                0x0000000008002610       0x24 Debug/mcu_syscalls.o
                0x0000000008002610                sys_realloc
 .text.sys_mm_finish
                0x0000000008002634       0x12 Debug/mcu_syscalls.o
                0x0000000008002634                sys_mm_finish
 .text.sys_get_time
                0x0000000008002646       0x1c Debug/mcu_syscalls.o
                0x0000000008002646                sys_get_time
 *fill*         0x0000000008002662        0x2 
 .text.SystemInit
                0x0000000008002664       0x5c Debug/system_stm32f4xx.o
                0x0000000008002664                SystemInit
 .text.set_sysclk_to_100
                0x00000000080026c0       0xc4 Debug/system_stm32f4xx.o
                0x00000000080026c0                set_sysclk_to_100
 .text.Reset_Handler
                0x0000000008002784       0x50 Debug/startup_stm32f411xe.o
                0x0000000008002784                Reset_Handler
 .text.Default_Handler
                0x00000000080027d4        0x2 Debug/startup_stm32f411xe.o
                0x00000000080027d4                RTC_Alarm_IRQHandler
                0x00000000080027d4                EXTI2_IRQHandler
                0x00000000080027d4                DebugMon_Handler
                0x00000000080027d4                SPI4_IRQHandler
                0x00000000080027d4                TIM1_CC_IRQHandler
                0x00000000080027d4                DMA2_Stream5_IRQHandler
                0x00000000080027d4                SysTick_Handler
                0x00000000080027d4                PVD_IRQHandler
                0x00000000080027d4                SDIO_IRQHandler
                0x00000000080027d4                TAMP_STAMP_IRQHandler
                0x00000000080027d4                PendSV_Handler
                0x00000000080027d4                NMI_Handler
                0x00000000080027d4                EXTI3_IRQHandler
                0x00000000080027d4                TIM1_UP_TIM10_IRQHandler
                0x00000000080027d4                I2C3_ER_IRQHandler
                0x00000000080027d4                EXTI0_IRQHandler
                0x00000000080027d4                I2C2_EV_IRQHandler
                0x00000000080027d4                DMA1_Stream2_IRQHandler
                0x00000000080027d4                FPU_IRQHandler
                0x00000000080027d4                UsageFault_Handler
                0x00000000080027d4                DMA2_Stream2_IRQHandler
                0x00000000080027d4                SPI1_IRQHandler
                0x00000000080027d4                TIM1_BRK_TIM9_IRQHandler
                0x00000000080027d4                DMA2_Stream3_IRQHandler
                0x00000000080027d4                USART6_IRQHandler
                0x00000000080027d4                DMA2_Stream0_IRQHandler
                0x00000000080027d4                TIM4_IRQHandler
                0x00000000080027d4                I2C1_EV_IRQHandler
                0x00000000080027d4                DMA1_Stream1_IRQHandler
                0x00000000080027d4                TIM3_IRQHandler
                0x00000000080027d4                RCC_IRQHandler
                0x00000000080027d4                Default_Handler
                0x00000000080027d4                EXTI15_10_IRQHandler
                0x00000000080027d4                ADC_IRQHandler
                0x00000000080027d4                DMA1_Stream7_IRQHandler
                0x00000000080027d4                SPI5_IRQHandler
                0x00000000080027d4                TIM5_IRQHandler
                0x00000000080027d4                DMA2_Stream7_IRQHandler
                0x00000000080027d4                I2C3_EV_IRQHandler
                0x00000000080027d4                EXTI9_5_IRQHandler
                0x00000000080027d4                RTC_WKUP_IRQHandler
                0x00000000080027d4                SPI2_IRQHandler
                0x00000000080027d4                MemManage_Handler
                0x00000000080027d4                DMA1_Stream0_IRQHandler
                0x00000000080027d4                EXTI4_IRQHandler
                0x00000000080027d4                OTG_FS_WKUP_IRQHandler
                0x00000000080027d4                TIM1_TRG_COM_TIM11_IRQHandler
                0x00000000080027d4                EXTI1_IRQHandler
                0x00000000080027d4                USART2_IRQHandler
                0x00000000080027d4                I2C2_ER_IRQHandler
                0x00000000080027d4                DMA2_Stream1_IRQHandler
                0x00000000080027d4                FLASH_IRQHandler
                0x00000000080027d4                DMA2_Stream4_IRQHandler
                0x00000000080027d4                BusFault_Handler
                0x00000000080027d4                USART1_IRQHandler
                0x00000000080027d4                OTG_FS_IRQHandler
                0x00000000080027d4                SPI3_IRQHandler
                0x00000000080027d4                DMA1_Stream4_IRQHandler
                0x00000000080027d4                I2C1_ER_IRQHandler
                0x00000000080027d4                DMA2_Stream6_IRQHandler
                0x00000000080027d4                DMA1_Stream3_IRQHandler
 *fill*         0x00000000080027d6        0x2 
 .text.__assert_func
                0x00000000080027d8       0x3c /usr/lib/gcc/arm-none-eabi/12.1.0/../../../../arm-none-eabi/lib/thumb/v7e-m+fp/softfp/libc_nano.a(lib_a-assert.o)
                0x00000000080027d8                __assert_func
 .text.__errno  0x0000000008002814        0xc /usr/lib/gcc/arm-none-eabi/12.1.0/../../../../arm-none-eabi/lib/thumb/v7e-m+fp/softfp/libc_nano.a(lib_a-errno.o)
                0x0000000008002814                __errno
 .text.fprintf  0x0000000008002820       0x24 /usr/lib/gcc/arm-none-eabi/12.1.0/../../../../arm-none-eabi/lib/thumb/v7e-m+fp/softfp/libc_nano.a(lib_a-fprintf.o)
                0x0000000008002820                fprintf
                0x0000000008002820                fiprintf
 .text.__libc_init_array
                0x0000000008002844       0x48 /usr/lib/gcc/arm-none-eabi/12.1.0/../../../../arm-none-eabi/lib/thumb/v7e-m+fp/softfp/libc_nano.a(lib_a-init.o)
                0x0000000008002844                __libc_init_array
 .text.memcpy   0x000000000800288c       0x1c /usr/lib/gcc/arm-none-eabi/12.1.0/../../../../arm-none-eabi/lib/thumb/v7e-m+fp/softfp/libc_nano.a(lib_a-memcpy-stub.o)
                0x000000000800288c                memcpy
 .text.memset   0x00000000080028a8       0x10 /usr/lib/gcc/arm-none-eabi/12.1.0/../../../../arm-none-eabi/lib/thumb/v7e-m+fp/softfp/libc_nano.a(lib_a-memset.o)
                0x00000000080028a8                memset
 .text.sbrk_aligned
                0x00000000080028b8       0x40 /usr/lib/gcc/arm-none-eabi/12.1.0/../../../../arm-none-eabi/lib/thumb/v7e-m+fp/softfp/libc_nano.a(lib_a-nano-mallocr.o)
 .text._malloc_r
                0x00000000080028f8       0xe8 /usr/lib/gcc/arm-none-eabi/12.1.0/../../../../arm-none-eabi/lib/thumb/v7e-m+fp/softfp/libc_nano.a(lib_a-nano-mallocr.o)
                0x00000000080028f8                _malloc_r
 .text.__sfputc_r
                0x00000000080029e0       0x2e /usr/lib/gcc/arm-none-eabi/12.1.0/../../../../arm-none-eabi/lib/thumb/v7e-m+fp/softfp/libc_nano.a(lib_a-nano-vfprintf.o)
 .text.__sfputs_r
                0x0000000008002a0e       0x24 /usr/lib/gcc/arm-none-eabi/12.1.0/../../../../arm-none-eabi/lib/thumb/v7e-m+fp/softfp/libc_nano.a(lib_a-nano-vfprintf.o)
                0x0000000008002a0e                __sfputs_r
 *fill*         0x0000000008002a32        0x2 
 .text._vfprintf_r
                0x0000000008002a34      0x25c /usr/lib/gcc/arm-none-eabi/12.1.0/../../../../arm-none-eabi/lib/thumb/v7e-m+fp/softfp/libc_nano.a(lib_a-nano-vfprintf.o)
                0x0000000008002a34                _vfiprintf_r
                0x0000000008002a34                _vfprintf_r
 .text._sbrk_r  0x0000000008002c90       0x20 /usr/lib/gcc/arm-none-eabi/12.1.0/../../../../arm-none-eabi/lib/thumb/v7e-m+fp/softfp/libc_nano.a(lib_a-sbrkr.o)
                0x0000000008002c90                _sbrk_r
 .text.sprintf  0x0000000008002cb0       0x40 /usr/lib/gcc/arm-none-eabi/12.1.0/../../../../arm-none-eabi/lib/thumb/v7e-m+fp/softfp/libc_nano.a(lib_a-sprintf.o)
                0x0000000008002cb0                sprintf
                0x0000000008002cb0                siprintf
 .text.sscanf   0x0000000008002cf0       0x58 /usr/lib/gcc/arm-none-eabi/12.1.0/../../../../arm-none-eabi/lib/thumb/v7e-m+fp/softfp/libc_nano.a(lib_a-sscanf.o)
                0x0000000008002cf0                sscanf
                0x0000000008002cf0                siscanf
 .text.__sread  0x0000000008002d48       0x22 /usr/lib/gcc/arm-none-eabi/12.1.0/../../../../arm-none-eabi/lib/thumb/v7e-m+fp/softfp/libc_nano.a(lib_a-stdio.o)
                0x0000000008002d48                __sread
 .text.__seofread
                0x0000000008002d6a        0x4 /usr/lib/gcc/arm-none-eabi/12.1.0/../../../../arm-none-eabi/lib/thumb/v7e-m+fp/softfp/libc_nano.a(lib_a-stdio.o)
                0x0000000008002d6a                __seofread
 .text.__swrite
                0x0000000008002d6e       0x38 /usr/lib/gcc/arm-none-eabi/12.1.0/../../../../arm-none-eabi/lib/thumb/v7e-m+fp/softfp/libc_nano.a(lib_a-stdio.o)
                0x0000000008002d6e                __swrite
 .text.__sseek  0x0000000008002da6       0x24 /usr/lib/gcc/arm-none-eabi/12.1.0/../../../../arm-none-eabi/lib/thumb/v7e-m+fp/softfp/libc_nano.a(lib_a-stdio.o)
                0x0000000008002da6                __sseek
 .text.__sclose
                0x0000000008002dca        0x8 /usr/lib/gcc/arm-none-eabi/12.1.0/../../../../arm-none-eabi/lib/thumb/v7e-m+fp/softfp/libc_nano.a(lib_a-stdio.o)
                0x0000000008002dca                __sclose
 .text.strcat   0x0000000008002dd2       0x1e /usr/lib/gcc/arm-none-eabi/12.1.0/../../../../arm-none-eabi/lib/thumb/v7e-m+fp/softfp/libc_nano.a(lib_a-strcat.o)
                0x0000000008002dd2                strcat
 .text._strerror_r
                0x0000000008002df0      0x3cc /usr/lib/gcc/arm-none-eabi/12.1.0/../../../../arm-none-eabi/lib/thumb/v7e-m+fp/softfp/libc_nano.a(lib_a-strerror.o)
                0x0000000008002df0                _strerror_r
 .text.strerror
                0x00000000080031bc       0x14 /usr/lib/gcc/arm-none-eabi/12.1.0/../../../../arm-none-eabi/lib/thumb/v7e-m+fp/softfp/libc_nano.a(lib_a-strerror.o)
                0x00000000080031bc                strerror
 .text._user_strerror
                0x00000000080031d0        0x4 /usr/lib/gcc/arm-none-eabi/12.1.0/../../../../arm-none-eabi/lib/thumb/v7e-m+fp/softfp/libc_nano.a(lib_a-u_strerr.o)
                0x00000000080031d0                _user_strerror
 .text.__swbuf_r
                0x00000000080031d4       0xa4 /usr/lib/gcc/arm-none-eabi/12.1.0/../../../../arm-none-eabi/lib/thumb/v7e-m+fp/softfp/libc_nano.a(lib_a-wbuf.o)
                0x00000000080031d4                __swbuf_r
 .text._write_r
                0x0000000008003278       0x24 /usr/lib/gcc/arm-none-eabi/12.1.0/../../../../arm-none-eabi/lib/thumb/v7e-m+fp/softfp/libc_nano.a(lib_a-writer.o)
                0x0000000008003278                _write_r
 .text.__swsetup_r
                0x000000000800329c       0xdc /usr/lib/gcc/arm-none-eabi/12.1.0/../../../../arm-none-eabi/lib/thumb/v7e-m+fp/softfp/libc_nano.a(lib_a-wsetup.o)
                0x000000000800329c                __swsetup_r
 .text.abort    0x0000000008003378        0xe /usr/lib/gcc/arm-none-eabi/12.1.0/../../../../arm-none-eabi/lib/thumb/v7e-m+fp/softfp/libc_nano.a(lib_a-abort.o)
                0x0000000008003378                abort
 *fill*         0x0000000008003386        0x2 
 .text._close_r
                0x0000000008003388       0x20 /usr/lib/gcc/arm-none-eabi/12.1.0/../../../../arm-none-eabi/lib/thumb/v7e-m+fp/softfp/libc_nano.a(lib_a-closer.o)
                0x0000000008003388                _close_r
 .text.__sflush_r
                0x00000000080033a8      0x10c /usr/lib/gcc/arm-none-eabi/12.1.0/../../../../arm-none-eabi/lib/thumb/v7e-m+fp/softfp/libc_nano.a(lib_a-fflush.o)
                0x00000000080033a8                __sflush_r
 .text._fflush_r
                0x00000000080034b4       0x78 /usr/lib/gcc/arm-none-eabi/12.1.0/../../../../arm-none-eabi/lib/thumb/v7e-m+fp/softfp/libc_nano.a(lib_a-fflush.o)
                0x00000000080034b4                _fflush_r
 .text.std      0x000000000800352c       0x48 /usr/lib/gcc/arm-none-eabi/12.1.0/../../../../arm-none-eabi/lib/thumb/v7e-m+fp/softfp/libc_nano.a(lib_a-findfp.o)
 .text._cleanup_r
                0x0000000008003574        0xc /usr/lib/gcc/arm-none-eabi/12.1.0/../../../../arm-none-eabi/lib/thumb/v7e-m+fp/softfp/libc_nano.a(lib_a-findfp.o)
                0x0000000008003574                _cleanup_r
 .text.__sfmoreglue
                0x0000000008003580       0x2c /usr/lib/gcc/arm-none-eabi/12.1.0/../../../../arm-none-eabi/lib/thumb/v7e-m+fp/softfp/libc_nano.a(lib_a-findfp.o)
                0x0000000008003580                __sfmoreglue
 .text.__sfp_lock_acquire
                0x00000000080035ac        0xc /usr/lib/gcc/arm-none-eabi/12.1.0/../../../../arm-none-eabi/lib/thumb/v7e-m+fp/softfp/libc_nano.a(lib_a-findfp.o)
                0x00000000080035ac                __sfp_lock_acquire
 .text.__sfp_lock_release
                0x00000000080035b8        0xc /usr/lib/gcc/arm-none-eabi/12.1.0/../../../../arm-none-eabi/lib/thumb/v7e-m+fp/softfp/libc_nano.a(lib_a-findfp.o)
                0x00000000080035b8                __sfp_lock_release
 .text.__sinit_lock_acquire
                0x00000000080035c4        0xc /usr/lib/gcc/arm-none-eabi/12.1.0/../../../../arm-none-eabi/lib/thumb/v7e-m+fp/softfp/libc_nano.a(lib_a-findfp.o)
                0x00000000080035c4                __sinit_lock_acquire
 .text.__sinit_lock_release
                0x00000000080035d0        0xc /usr/lib/gcc/arm-none-eabi/12.1.0/../../../../arm-none-eabi/lib/thumb/v7e-m+fp/softfp/libc_nano.a(lib_a-findfp.o)
                0x00000000080035d0                __sinit_lock_release
 .text.__sinit  0x00000000080035dc       0x70 /usr/lib/gcc/arm-none-eabi/12.1.0/../../../../arm-none-eabi/lib/thumb/v7e-m+fp/softfp/libc_nano.a(lib_a-findfp.o)
                0x00000000080035dc                __sinit
 .text.__sfp    0x000000000800364c       0x8c /usr/lib/gcc/arm-none-eabi/12.1.0/../../../../arm-none-eabi/lib/thumb/v7e-m+fp/softfp/libc_nano.a(lib_a-findfp.o)
                0x000000000800364c                __sfp
 .text._fwalk_reent
                0x00000000080036d8       0x3e /usr/lib/gcc/arm-none-eabi/12.1.0/../../../../arm-none-eabi/lib/thumb/v7e-m+fp/softfp/libc_nano.a(lib_a-fwalk.o)
                0x00000000080036d8                _fwalk_reent
 .text.__retarget_lock_init_recursive
                0x0000000008003716        0x2 /usr/lib/gcc/arm-none-eabi/12.1.0/../../../../arm-none-eabi/lib/thumb/v7e-m+fp/softfp/libc_nano.a(lib_a-lock.o)
                0x0000000008003716                __retarget_lock_init_recursive
 .text.__retarget_lock_acquire_recursive
                0x0000000008003718        0x2 /usr/lib/gcc/arm-none-eabi/12.1.0/../../../../arm-none-eabi/lib/thumb/v7e-m+fp/softfp/libc_nano.a(lib_a-lock.o)
                0x0000000008003718                __retarget_lock_acquire_recursive
 .text.__retarget_lock_release_recursive
                0x000000000800371a        0x2 /usr/lib/gcc/arm-none-eabi/12.1.0/../../../../arm-none-eabi/lib/thumb/v7e-m+fp/softfp/libc_nano.a(lib_a-lock.o)
                0x000000000800371a                __retarget_lock_release_recursive
 .text._lseek_r
                0x000000000800371c       0x24 /usr/lib/gcc/arm-none-eabi/12.1.0/../../../../arm-none-eabi/lib/thumb/v7e-m+fp/softfp/libc_nano.a(lib_a-lseekr.o)
                0x000000000800371c                _lseek_r
 .text.__swhatbuf_r
                0x0000000008003740       0x4c /usr/lib/gcc/arm-none-eabi/12.1.0/../../../../arm-none-eabi/lib/thumb/v7e-m+fp/softfp/libc_nano.a(lib_a-makebuf.o)
                0x0000000008003740                __swhatbuf_r
 .text.__smakebuf_r
                0x000000000800378c       0x80 /usr/lib/gcc/arm-none-eabi/12.1.0/../../../../arm-none-eabi/lib/thumb/v7e-m+fp/softfp/libc_nano.a(lib_a-makebuf.o)
                0x000000000800378c                __smakebuf_r
 .text.memmove  0x000000000800380c       0x34 /usr/lib/gcc/arm-none-eabi/12.1.0/../../../../arm-none-eabi/lib/thumb/v7e-m+fp/softfp/libc_nano.a(lib_a-memmove.o)
                0x000000000800380c                memmove
 .text.__malloc_lock
                0x0000000008003840        0xc /usr/lib/gcc/arm-none-eabi/12.1.0/../../../../arm-none-eabi/lib/thumb/v7e-m+fp/softfp/libc_nano.a(lib_a-mlock.o)
                0x0000000008003840                __malloc_lock
 .text.__malloc_unlock
                0x000000000800384c        0xc /usr/lib/gcc/arm-none-eabi/12.1.0/../../../../arm-none-eabi/lib/thumb/v7e-m+fp/softfp/libc_nano.a(lib_a-mlock.o)
                0x000000000800384c                __malloc_unlock
 .text._free_r  0x0000000008003858       0x98 /usr/lib/gcc/arm-none-eabi/12.1.0/../../../../arm-none-eabi/lib/thumb/v7e-m+fp/softfp/libc_nano.a(lib_a-nano-freer.o)
                0x0000000008003858                _free_r
 .text._realloc_r
                0x00000000080038f0       0x5e /usr/lib/gcc/arm-none-eabi/12.1.0/../../../../arm-none-eabi/lib/thumb/v7e-m+fp/softfp/libc_nano.a(lib_a-nano-reallocr.o)
                0x00000000080038f0                _realloc_r
 .text.__ssputs_r
                0x000000000800394e       0xb4 /usr/lib/gcc/arm-none-eabi/12.1.0/../../../../arm-none-eabi/lib/thumb/v7e-m+fp/softfp/libc_nano.a(lib_a-nano-svfprintf.o)
                0x000000000800394e                __ssputs_r
 *fill*         0x0000000008003a02        0x2 
 .text._svfprintf_r
                0x0000000008003a04      0x1fc /usr/lib/gcc/arm-none-eabi/12.1.0/../../../../arm-none-eabi/lib/thumb/v7e-m+fp/softfp/libc_nano.a(lib_a-nano-svfprintf.o)
                0x0000000008003a04                _svfprintf_r
                0x0000000008003a04                _svfiprintf_r
 .text._sungetc_r
                0x0000000008003c00       0x7a /usr/lib/gcc/arm-none-eabi/12.1.0/../../../../arm-none-eabi/lib/thumb/v7e-m+fp/softfp/libc_nano.a(lib_a-nano-svfscanf.o)
                0x0000000008003c00                _sungetc_r
 .text.__ssrefill_r
                0x0000000008003c7a       0x3a /usr/lib/gcc/arm-none-eabi/12.1.0/../../../../arm-none-eabi/lib/thumb/v7e-m+fp/softfp/libc_nano.a(lib_a-nano-svfscanf.o)
                0x0000000008003c7a                __ssrefill_r
 .text.__ssvfscanf_r
                0x0000000008003cb4      0x2f0 /usr/lib/gcc/arm-none-eabi/12.1.0/../../../../arm-none-eabi/lib/thumb/v7e-m+fp/softfp/libc_nano.a(lib_a-nano-svfscanf.o)
                0x0000000008003cb4                __ssvfscanf_r
                0x0000000008003cb4                __ssvfiscanf_r
 .text._printf_common
                0x0000000008003fa4       0xda /usr/lib/gcc/arm-none-eabi/12.1.0/../../../../arm-none-eabi/lib/thumb/v7e-m+fp/softfp/libc_nano.a(lib_a-nano-vfprintf_i.o)
                0x0000000008003fa4                _printf_common
 *fill*         0x000000000800407e        0x2 
 .text._printf_i
                0x0000000008004080      0x244 /usr/lib/gcc/arm-none-eabi/12.1.0/../../../../arm-none-eabi/lib/thumb/v7e-m+fp/softfp/libc_nano.a(lib_a-nano-vfprintf_i.o)
                0x0000000008004080                _printf_i
 .text._scanf_chars
                0x00000000080042c4       0xb4 /usr/lib/gcc/arm-none-eabi/12.1.0/../../../../arm-none-eabi/lib/thumb/v7e-m+fp/softfp/libc_nano.a(lib_a-nano-vfscanf_i.o)
                0x00000000080042c4                _scanf_chars
 .text._scanf_i
                0x0000000008004378      0x1e8 /usr/lib/gcc/arm-none-eabi/12.1.0/../../../../arm-none-eabi/lib/thumb/v7e-m+fp/softfp/libc_nano.a(lib_a-nano-vfscanf_i.o)
                0x0000000008004378                _scanf_i
 .text._read_r  0x0000000008004560       0x24 /usr/lib/gcc/arm-none-eabi/12.1.0/../../../../arm-none-eabi/lib/thumb/v7e-m+fp/softfp/libc_nano.a(lib_a-readr.o)
                0x0000000008004560                _read_r
 .text.__sccl   0x0000000008004584       0x72 /usr/lib/gcc/arm-none-eabi/12.1.0/../../../../arm-none-eabi/lib/thumb/v7e-m+fp/softfp/libc_nano.a(lib_a-sccl.o)
                0x0000000008004584                __sccl
 .text._raise_r
                0x00000000080045f6       0x50 /usr/lib/gcc/arm-none-eabi/12.1.0/../../../../arm-none-eabi/lib/thumb/v7e-m+fp/softfp/libc_nano.a(lib_a-signal.o)
                0x00000000080045f6                _raise_r
 *fill*         0x0000000008004646        0x2 
 .text.raise    0x0000000008004648       0x10 /usr/lib/gcc/arm-none-eabi/12.1.0/../../../../arm-none-eabi/lib/thumb/v7e-m+fp/softfp/libc_nano.a(lib_a-signal.o)
                0x0000000008004648                raise
 .text._kill_r  0x0000000008004658       0x24 /usr/lib/gcc/arm-none-eabi/12.1.0/../../../../arm-none-eabi/lib/thumb/v7e-m+fp/softfp/libc_nano.a(lib_a-signalr.o)
                0x0000000008004658                _kill_r
 .text._getpid_r
                0x000000000800467c        0x4 /usr/lib/gcc/arm-none-eabi/12.1.0/../../../../arm-none-eabi/lib/thumb/v7e-m+fp/softfp/libc_nano.a(lib_a-signalr.o)
                0x000000000800467c                _getpid_r
 .text._strtol_l.constprop.0
                0x0000000008004680      0x104 /usr/lib/gcc/arm-none-eabi/12.1.0/../../../../arm-none-eabi/lib/thumb/v7e-m+fp/softfp/libc_nano.a(lib_a-strtol.o)
 .text._strtol_r
                0x0000000008004784        0x4 /usr/lib/gcc/arm-none-eabi/12.1.0/../../../../arm-none-eabi/lib/thumb/v7e-m+fp/softfp/libc_nano.a(lib_a-strtol.o)
                0x0000000008004784                _strtol_r
 .text._strtoul_l.constprop.0
                0x0000000008004788       0xe4 /usr/lib/gcc/arm-none-eabi/12.1.0/../../../../arm-none-eabi/lib/thumb/v7e-m+fp/softfp/libc_nano.a(lib_a-strtoul.o)
 .text._strtoul_r
                0x000000000800486c        0x4 /usr/lib/gcc/arm-none-eabi/12.1.0/../../../../arm-none-eabi/lib/thumb/v7e-m+fp/softfp/libc_nano.a(lib_a-strtoul.o)
                0x000000000800486c                _strtoul_r
 .text.__submore
                0x0000000008004870       0x74 /usr/lib/gcc/arm-none-eabi/12.1.0/../../../../arm-none-eabi/lib/thumb/v7e-m+fp/softfp/libc_nano.a(lib_a-ungetc.o)
                0x0000000008004870                __submore
 .text._fstat_r
                0x00000000080048e4       0x24 /usr/lib/gcc/arm-none-eabi/12.1.0/../../../../arm-none-eabi/lib/thumb/v7e-m+fp/softfp/libc_nano.a(lib_a-fstatr.o)
                0x00000000080048e4                _fstat_r
 .text._isatty_r
                0x0000000008004908       0x20 /usr/lib/gcc/arm-none-eabi/12.1.0/../../../../arm-none-eabi/lib/thumb/v7e-m+fp/softfp/libc_nano.a(lib_a-isattyr.o)
                0x0000000008004908                _isatty_r
 .text._malloc_usable_size_r
                0x0000000008004928       0x10 /usr/lib/gcc/arm-none-eabi/12.1.0/../../../../arm-none-eabi/lib/thumb/v7e-m+fp/softfp/libc_nano.a(lib_a-nano-msizer.o)
                0x0000000008004928                _malloc_usable_size_r
 .text._close   0x0000000008004938       0x10 /usr/lib/gcc/arm-none-eabi/12.1.0/../../../../arm-none-eabi/lib/thumb/v7e-m+fp/softfp/libnosys.a(close.o)
                0x0000000008004938                _close
 .text._fstat   0x0000000008004948       0x10 /usr/lib/gcc/arm-none-eabi/12.1.0/../../../../arm-none-eabi/lib/thumb/v7e-m+fp/softfp/libnosys.a(fstat.o)
                0x0000000008004948                _fstat
 .text._getpid  0x0000000008004958       0x10 /usr/lib/gcc/arm-none-eabi/12.1.0/../../../../arm-none-eabi/lib/thumb/v7e-m+fp/softfp/libnosys.a(getpid.o)
                0x0000000008004958                _getpid
 .text._isatty  0x0000000008004968       0x10 /usr/lib/gcc/arm-none-eabi/12.1.0/../../../../arm-none-eabi/lib/thumb/v7e-m+fp/softfp/libnosys.a(isatty.o)
                0x0000000008004968                _isatty
 .text._kill    0x0000000008004978       0x10 /usr/lib/gcc/arm-none-eabi/12.1.0/../../../../arm-none-eabi/lib/thumb/v7e-m+fp/softfp/libnosys.a(kill.o)
                0x0000000008004978                _kill
 .text._lseek   0x0000000008004988       0x10 /usr/lib/gcc/arm-none-eabi/12.1.0/../../../../arm-none-eabi/lib/thumb/v7e-m+fp/softfp/libnosys.a(lseek.o)
                0x0000000008004988                _lseek
 .text._read    0x0000000008004998       0x10 /usr/lib/gcc/arm-none-eabi/12.1.0/../../../../arm-none-eabi/lib/thumb/v7e-m+fp/softfp/libnosys.a(read.o)
                0x0000000008004998                _read
 .text._sbrk    0x00000000080049a8       0x1c /usr/lib/gcc/arm-none-eabi/12.1.0/../../../../arm-none-eabi/lib/thumb/v7e-m+fp/softfp/libnosys.a(sbrk.o)
                0x00000000080049a8                _sbrk
 .text._write   0x00000000080049c4       0x10 /usr/lib/gcc/arm-none-eabi/12.1.0/../../../../arm-none-eabi/lib/thumb/v7e-m+fp/softfp/libnosys.a(write.o)
                0x00000000080049c4                _write
 .text._exit    0x00000000080049d4        0x4 /usr/lib/gcc/arm-none-eabi/12.1.0/../../../../arm-none-eabi/lib/thumb/v7e-m+fp/softfp/libnosys.a(_exit.o)
                0x00000000080049d4                _exit
 *(.glue_7)
 .glue_7        0x00000000080049d8        0x0 linker stubs
 *(.glue_7t)
 .glue_7t       0x00000000080049d8        0x0 linker stubs
 *(.eh_frame)
 .eh_frame      0x00000000080049d8        0x0 /usr/lib/gcc/arm-none-eabi/12.1.0/thumb/v7e-m+fp/softfp/crtbegin.o
 *(.init)
 .init          0x00000000080049d8        0x4 /usr/lib/gcc/arm-none-eabi/12.1.0/thumb/v7e-m+fp/softfp/crti.o
                0x00000000080049d8                _init
 .init          0x00000000080049dc        0x8 /usr/lib/gcc/arm-none-eabi/12.1.0/thumb/v7e-m+fp/softfp/crtn.o
 *(.fini)
 .fini          0x00000000080049e4        0x4 /usr/lib/gcc/arm-none-eabi/12.1.0/thumb/v7e-m+fp/softfp/crti.o
                0x00000000080049e4                _fini
 .fini          0x00000000080049e8        0x8 /usr/lib/gcc/arm-none-eabi/12.1.0/thumb/v7e-m+fp/softfp/crtn.o
                0x00000000080049f0                . = ALIGN (0x4)
                0x00000000080049f0                _etext = .

.vfp11_veneer   0x00000000080049f0        0x0
 .vfp11_veneer  0x00000000080049f0        0x0 linker stubs

.v4_bx          0x00000000080049f0        0x0
 .v4_bx         0x00000000080049f0        0x0 linker stubs

.iplt           0x00000000080049f0        0x0
 .iplt          0x00000000080049f0        0x0 /usr/lib/gcc/arm-none-eabi/12.1.0/thumb/v7e-m+fp/softfp/crtbegin.o

.rodata         0x00000000080049f0      0xdbc
                0x00000000080049f0                . = ALIGN (0x4)
 *(.rodata)
 .rodata        0x00000000080049f0      0x46f Debug/mcu_mdriver.o
 *fill*         0x0000000008004e5f        0x1 
 .rodata        0x0000000008004e60       0x2e Debug/mcu_mlib.o
 *fill*         0x0000000008004e8e        0x2 
 .rodata        0x0000000008004e90       0x4b Debug/mcu_mm.o
 *fill*         0x0000000008004edb        0x1 
 .rodata        0x0000000008004edc       0x30 Debug/mcu_timer.o
 .rodata        0x0000000008004f0c        0xc /usr/lib/gcc/arm-none-eabi/12.1.0/../../../../arm-none-eabi/lib/thumb/v7e-m+fp/softfp/libc_nano.a(lib_a-nano-vfscanf_i.o)
 *(.rodata*)
 .rodata.__func__.0
                0x0000000008004f18        0xa Debug/mcu_mdriver.o
 .rodata.__assert_func.str1.1
                0x0000000008004f22       0x3c /usr/lib/gcc/arm-none-eabi/12.1.0/../../../../arm-none-eabi/lib/thumb/v7e-m+fp/softfp/libc_nano.a(lib_a-assert.o)
                                         0x3d (size before relaxing)
 *fill*         0x0000000008004f5e        0x2 
 .rodata._global_impure_ptr
                0x0000000008004f60        0x4 /usr/lib/gcc/arm-none-eabi/12.1.0/../../../../arm-none-eabi/lib/thumb/v7e-m+fp/softfp/libc_nano.a(lib_a-impure.o)
                0x0000000008004f60                _global_impure_ptr
 .rodata._vfprintf_r.str1.1
                0x0000000008004f64       0x11 /usr/lib/gcc/arm-none-eabi/12.1.0/../../../../arm-none-eabi/lib/thumb/v7e-m+fp/softfp/libc_nano.a(lib_a-nano-vfprintf.o)
 .rodata._strerror_r.str1.1
                0x0000000008004f75      0x696 /usr/lib/gcc/arm-none-eabi/12.1.0/../../../../arm-none-eabi/lib/thumb/v7e-m+fp/softfp/libc_nano.a(lib_a-strerror.o)
                                        0x697 (size before relaxing)
 *fill*         0x000000000800560b        0x1 
 .rodata.__sf_fake_stderr
                0x000000000800560c       0x20 /usr/lib/gcc/arm-none-eabi/12.1.0/../../../../arm-none-eabi/lib/thumb/v7e-m+fp/softfp/libc_nano.a(lib_a-findfp.o)
                0x000000000800560c                __sf_fake_stderr
 .rodata.__sf_fake_stdin
                0x000000000800562c       0x20 /usr/lib/gcc/arm-none-eabi/12.1.0/../../../../arm-none-eabi/lib/thumb/v7e-m+fp/softfp/libc_nano.a(lib_a-findfp.o)
                0x000000000800562c                __sf_fake_stdin
 .rodata.__sf_fake_stdout
                0x000000000800564c       0x20 /usr/lib/gcc/arm-none-eabi/12.1.0/../../../../arm-none-eabi/lib/thumb/v7e-m+fp/softfp/libc_nano.a(lib_a-findfp.o)
                0x000000000800564c                __sf_fake_stdout
 .rodata._svfprintf_r.str1.1
                0x000000000800566c       0x11 /usr/lib/gcc/arm-none-eabi/12.1.0/../../../../arm-none-eabi/lib/thumb/v7e-m+fp/softfp/libc_nano.a(lib_a-nano-svfprintf.o)
 .rodata.__ssvfscanf_r.str1.1
                0x000000000800566c        0x4 /usr/lib/gcc/arm-none-eabi/12.1.0/../../../../arm-none-eabi/lib/thumb/v7e-m+fp/softfp/libc_nano.a(lib_a-nano-svfscanf.o)
 .rodata._printf_i.str1.1
                0x000000000800566c       0x22 /usr/lib/gcc/arm-none-eabi/12.1.0/../../../../arm-none-eabi/lib/thumb/v7e-m+fp/softfp/libc_nano.a(lib_a-nano-vfprintf_i.o)
 .rodata._scanf_i.str1.1
                0x000000000800568e       0x12 /usr/lib/gcc/arm-none-eabi/12.1.0/../../../../arm-none-eabi/lib/thumb/v7e-m+fp/softfp/libc_nano.a(lib_a-nano-vfscanf_i.o)
 .rodata.str1.1
                0x00000000080056a0        0x9 /usr/lib/gcc/arm-none-eabi/12.1.0/../../../../arm-none-eabi/lib/thumb/v7e-m+fp/softfp/libc_nano.a(lib_a-nano-vfscanf_i.o)
 .rodata._ctype_
                0x00000000080056a9      0x101 /usr/lib/gcc/arm-none-eabi/12.1.0/../../../../arm-none-eabi/lib/thumb/v7e-m+fp/softfp/libc_nano.a(lib_a-ctype_.o)
                0x00000000080056a9                _ctype_
                0x00000000080057ac                . = ALIGN (0x4)
 *fill*         0x00000000080057aa        0x2 

.rel.dyn        0x00000000080057ac        0x0
 .rel.iplt      0x00000000080057ac        0x0 /usr/lib/gcc/arm-none-eabi/12.1.0/thumb/v7e-m+fp/softfp/crtbegin.o

.ARM.extab      0x00000000080057ac        0x0
                0x00000000080057ac                . = ALIGN (0x4)
 *(.ARM.extab* .gnu.linkonce.armextab.*)
                0x00000000080057ac                . = ALIGN (0x4)

.ARM            0x00000000080057ac        0x0
                0x00000000080057ac                . = ALIGN (0x4)
                0x00000000080057ac                __exidx_start = .
 *(.ARM.exidx*)
                0x00000000080057ac                __exidx_end = .
                0x00000000080057ac                . = ALIGN (0x4)

.preinit_array  0x00000000080057ac        0x0
                0x00000000080057ac                . = ALIGN (0x4)
                0x00000000080057ac                PROVIDE (__preinit_array_start = .)
 *(.preinit_array*)
                0x00000000080057ac                PROVIDE (__preinit_array_end = .)
                0x00000000080057ac                . = ALIGN (0x4)

.init_array     0x00000000080057ac        0x4
                0x00000000080057ac                . = ALIGN (0x4)
                0x00000000080057ac                PROVIDE (__init_array_start = .)
 *(SORT_BY_NAME(.init_array.*))
 *(.init_array*)
 .init_array    0x00000000080057ac        0x4 /usr/lib/gcc/arm-none-eabi/12.1.0/thumb/v7e-m+fp/softfp/crtbegin.o
                0x00000000080057b0                PROVIDE (__init_array_end = .)
                0x00000000080057b0                . = ALIGN (0x4)

.fini_array     0x00000000080057b0        0x4
                0x00000000080057b0                . = ALIGN (0x4)
                0x00000000080057b0                PROVIDE (__fini_array_start = .)
 *(SORT_BY_NAME(.fini_array.*))
 *(.fini_array*)
 .fini_array    0x00000000080057b0        0x4 /usr/lib/gcc/arm-none-eabi/12.1.0/thumb/v7e-m+fp/softfp/crtbegin.o
                0x00000000080057b4                PROVIDE (__fini_array_end = .)
                0x00000000080057b4                . = ALIGN (0x4)
                0x00000000080057b4                _sidata = LOADADDR (.data)

.data           0x0000000020000000       0xc8 load address 0x00000000080057b4
                0x0000000020000000                . = ALIGN (0x4)
                0x0000000020000000                _sdata = .
 *(.data)
 *(.data*)
 .data.tracestr
                0x0000000020000000       0x5c Debug/mcu_mdriver.o
 .data.sp_reset
                0x000000002000005c        0x4 Debug/mcu.o
                0x000000002000005c                sp_reset
 .data.SystemCoreClock
                0x0000000020000060        0x4 Debug/system_stm32f4xx.o
                0x0000000020000060                SystemCoreClock
 .data._impure_ptr
                0x0000000020000064        0x4 /usr/lib/gcc/arm-none-eabi/12.1.0/../../../../arm-none-eabi/lib/thumb/v7e-m+fp/softfp/libc_nano.a(lib_a-impure.o)
                0x0000000020000064                _impure_ptr
 .data.impure_data
                0x0000000020000068       0x60 /usr/lib/gcc/arm-none-eabi/12.1.0/../../../../arm-none-eabi/lib/thumb/v7e-m+fp/softfp/libc_nano.a(lib_a-impure.o)
 *(.RamFunc)
 *(.RamFunc*)
                0x00000000200000c8                . = ALIGN (0x4)
                0x00000000200000c8                _edata = .

.igot.plt       0x00000000200000c8        0x0 load address 0x000000000800587c
 .igot.plt      0x00000000200000c8        0x0 /usr/lib/gcc/arm-none-eabi/12.1.0/thumb/v7e-m+fp/softfp/crtbegin.o
                0x00000000200000c8                . = ALIGN (0x4)

.bss            0x00000000200000c8      0xc64 load address 0x000000000800587c
                0x00000000200000c8                _sbss = .
                0x00000000200000c8                __bss_start__ = _sbss
 *(.bss)
 *(.bss*)
 .bss.completed.1
                0x00000000200000c8        0x1 /usr/lib/gcc/arm-none-eabi/12.1.0/thumb/v7e-m+fp/softfp/crtbegin.o
 *fill*         0x00000000200000c9        0x3 
 .bss.object.0  0x00000000200000cc       0x18 /usr/lib/gcc/arm-none-eabi/12.1.0/thumb/v7e-m+fp/softfp/crtbegin.o
 .bss.verbose   0x00000000200000e4        0x4 Debug/mcu_mdriver.o
                0x00000000200000e4                verbose
 .bss.errors    0x00000000200000e8        0x4 Debug/mcu_mdriver.o
 .bss.test_mem_use
                0x00000000200000ec        0x4 Debug/mcu_mdriver.o
 .bss.mem_start_brk
                0x00000000200000f0        0x4 Debug/mcu_mlib.o
 .bss.mem_brk   0x00000000200000f4        0x4 Debug/mcu_mlib.o
 .bss.systime   0x00000000200000f8        0x4 Debug/mcu_timer.o
 .bss.output_str
                0x00000000200000fc      0x800 Debug/mcu.o
 .bss.msg       0x00000000200008fc      0x400 Debug/mcu.o
                0x00000000200008fc                msg
 .bss.output_offset
                0x0000000020000cfc        0x4 Debug/mcu.o
                0x0000000020000cfc                output_offset
 .bss.tx_buffer
                0x0000000020000d00       0x10 Debug/mcu_request.o
 .bss.receiving
                0x0000000020000d10        0x4 Debug/uart_dma.o
 .bss.transmitting
                0x0000000020000d14        0x4 Debug/uart_dma.o
 .bss.__malloc_free_list
                0x0000000020000d18        0x4 /usr/lib/gcc/arm-none-eabi/12.1.0/../../../../arm-none-eabi/lib/thumb/v7e-m+fp/softfp/libc_nano.a(lib_a-nano-mallocr.o)
                0x0000000020000d18                __malloc_free_list
 .bss.__malloc_sbrk_start
                0x0000000020000d1c        0x4 /usr/lib/gcc/arm-none-eabi/12.1.0/../../../../arm-none-eabi/lib/thumb/v7e-m+fp/softfp/libc_nano.a(lib_a-nano-mallocr.o)
                0x0000000020000d1c                __malloc_sbrk_start
 .bss.__lock___malloc_recursive_mutex
                0x0000000020000d20        0x1 /usr/lib/gcc/arm-none-eabi/12.1.0/../../../../arm-none-eabi/lib/thumb/v7e-m+fp/softfp/libc_nano.a(lib_a-lock.o)
                0x0000000020000d20                __lock___malloc_recursive_mutex
 .bss.__lock___sfp_recursive_mutex
                0x0000000020000d21        0x1 /usr/lib/gcc/arm-none-eabi/12.1.0/../../../../arm-none-eabi/lib/thumb/v7e-m+fp/softfp/libc_nano.a(lib_a-lock.o)
                0x0000000020000d21                __lock___sfp_recursive_mutex
 .bss.__lock___sinit_recursive_mutex
                0x0000000020000d22        0x1 /usr/lib/gcc/arm-none-eabi/12.1.0/../../../../arm-none-eabi/lib/thumb/v7e-m+fp/softfp/libc_nano.a(lib_a-lock.o)
                0x0000000020000d22                __lock___sinit_recursive_mutex
 *fill*         0x0000000020000d23        0x1 
 .bss.errno     0x0000000020000d24        0x4 /usr/lib/gcc/arm-none-eabi/12.1.0/../../../../arm-none-eabi/lib/thumb/v7e-m+fp/softfp/libc_nano.a(lib_a-reent.o)
                0x0000000020000d24                errno
 .bss.heap_end.0
                0x0000000020000d28        0x4 /usr/lib/gcc/arm-none-eabi/12.1.0/../../../../arm-none-eabi/lib/thumb/v7e-m+fp/softfp/libnosys.a(sbrk.o)
 *(COMMON)
                0x0000000020000d2c                . = ALIGN (0x4)
                0x0000000020000d2c                _ebss = .
                0x0000000020000d2c                __bss_end__ = _ebss

._user_heap_stack
                0x0000000020000d2c      0x604 load address 0x000000000800587c
                0x0000000020000d30                . = ALIGN (0x8)
 *fill*         0x0000000020000d2c        0x4 
                0x0000000020000d30                PROVIDE (end = .)
                [!provide]                        PROVIDE (_end = .)
                0x0000000020000f30                . = (. + _Min_Heap_Size)
 *fill*         0x0000000020000d30      0x200 
                0x0000000020001330                . = (. + _Min_Stack_Size)
 *fill*         0x0000000020000f30      0x400 
                0x0000000020001330                . = ALIGN (0x8)

/DISCARD/
 libc.a(*)
 libm.a(*)
 libgcc.a(*)

.ARM.attributes
                0x0000000000000000       0x2e
 *(.ARM.attributes)
 .ARM.attributes
                0x0000000000000000       0x22 /usr/lib/gcc/arm-none-eabi/12.1.0/thumb/v7e-m+fp/softfp/crti.o
 .ARM.attributes
                0x0000000000000022       0x32 /usr/lib/gcc/arm-none-eabi/12.1.0/thumb/v7e-m+fp/softfp/crtbegin.o
 .ARM.attributes
                0x0000000000000054       0x32 Debug/mcu_mdriver.o
 .ARM.attributes
                0x0000000000000086       0x32 Debug/mcu_mlib.o
 .ARM.attributes
                0x00000000000000b8       0x32 Debug/mcu_mm.o
 .ARM.attributes
                0x00000000000000ea       0x32 Debug/mcu_timer.o
 .ARM.attributes
                0x000000000000011c       0x32 Debug/mcu.o
 .ARM.attributes
                0x000000000000014e       0x32 Debug/mcu_request.o
 .ARM.attributes
                0x0000000000000180       0x32 Debug/uart.o
 .ARM.attributes
                0x00000000000001b2       0x32 Debug/uart_dma.o
 .ARM.attributes
                0x00000000000001e4       0x32 Debug/mcu_syscalls.o
 .ARM.attributes
                0x0000000000000216       0x32 Debug/system_stm32f4xx.o
 .ARM.attributes
                0x0000000000000248       0x21 Debug/startup_stm32f411xe.o
 .ARM.attributes
                0x0000000000000269       0x32 /usr/lib/gcc/arm-none-eabi/12.1.0/../../../../arm-none-eabi/lib/thumb/v7e-m+fp/softfp/libc_nano.a(lib_a-assert.o)
 .ARM.attributes
                0x000000000000029b       0x32 /usr/lib/gcc/arm-none-eabi/12.1.0/../../../../arm-none-eabi/lib/thumb/v7e-m+fp/softfp/libc_nano.a(lib_a-errno.o)
 .ARM.attributes
                0x00000000000002cd       0x32 /usr/lib/gcc/arm-none-eabi/12.1.0/../../../../arm-none-eabi/lib/thumb/v7e-m+fp/softfp/libc_nano.a(lib_a-fprintf.o)
 .ARM.attributes
                0x00000000000002ff       0x30 /usr/lib/gcc/arm-none-eabi/12.1.0/../../../../arm-none-eabi/lib/thumb/v7e-m+fp/softfp/libc_nano.a(lib_a-impure.o)
 .ARM.attributes
                0x000000000000032f       0x32 /usr/lib/gcc/arm-none-eabi/12.1.0/../../../../arm-none-eabi/lib/thumb/v7e-m+fp/softfp/libc_nano.a(lib_a-init.o)
 .ARM.attributes
                0x0000000000000361       0x32 /usr/lib/gcc/arm-none-eabi/12.1.0/../../../../arm-none-eabi/lib/thumb/v7e-m+fp/softfp/libc_nano.a(lib_a-memcpy-stub.o)
 .ARM.attributes
                0x0000000000000393       0x32 /usr/lib/gcc/arm-none-eabi/12.1.0/../../../../arm-none-eabi/lib/thumb/v7e-m+fp/softfp/libc_nano.a(lib_a-memset.o)
 .ARM.attributes
                0x00000000000003c5       0x32 /usr/lib/gcc/arm-none-eabi/12.1.0/../../../../arm-none-eabi/lib/thumb/v7e-m+fp/softfp/libc_nano.a(lib_a-nano-mallocr.o)
 .ARM.attributes
                0x00000000000003f7       0x32 /usr/lib/gcc/arm-none-eabi/12.1.0/../../../../arm-none-eabi/lib/thumb/v7e-m+fp/softfp/libc_nano.a(lib_a-nano-vfprintf.o)
 .ARM.attributes
                0x0000000000000429       0x32 /usr/lib/gcc/arm-none-eabi/12.1.0/../../../../arm-none-eabi/lib/thumb/v7e-m+fp/softfp/libc_nano.a(lib_a-sbrkr.o)
 .ARM.attributes
                0x000000000000045b       0x32 /usr/lib/gcc/arm-none-eabi/12.1.0/../../../../arm-none-eabi/lib/thumb/v7e-m+fp/softfp/libc_nano.a(lib_a-sprintf.o)
 .ARM.attributes
                0x000000000000048d       0x32 /usr/lib/gcc/arm-none-eabi/12.1.0/../../../../arm-none-eabi/lib/thumb/v7e-m+fp/softfp/libc_nano.a(lib_a-sscanf.o)
 .ARM.attributes
                0x00000000000004bf       0x32 /usr/lib/gcc/arm-none-eabi/12.1.0/../../../../arm-none-eabi/lib/thumb/v7e-m+fp/softfp/libc_nano.a(lib_a-stdio.o)
 .ARM.attributes
                0x00000000000004f1       0x32 /usr/lib/gcc/arm-none-eabi/12.1.0/../../../../arm-none-eabi/lib/thumb/v7e-m+fp/softfp/libc_nano.a(lib_a-strcat.o)
 .ARM.attributes
                0x0000000000000523       0x32 /usr/lib/gcc/arm-none-eabi/12.1.0/../../../../arm-none-eabi/lib/thumb/v7e-m+fp/softfp/libc_nano.a(lib_a-strerror.o)
 .ARM.attributes
                0x0000000000000555       0x17 /usr/lib/gcc/arm-none-eabi/12.1.0/../../../../arm-none-eabi/lib/thumb/v7e-m+fp/softfp/libc_nano.a(lib_a-strlen.o)
 .ARM.attributes
                0x000000000000056c       0x32 /usr/lib/gcc/arm-none-eabi/12.1.0/../../../../arm-none-eabi/lib/thumb/v7e-m+fp/softfp/libc_nano.a(lib_a-u_strerr.o)
 .ARM.attributes
                0x000000000000059e       0x32 /usr/lib/gcc/arm-none-eabi/12.1.0/../../../../arm-none-eabi/lib/thumb/v7e-m+fp/softfp/libc_nano.a(lib_a-wbuf.o)
 .ARM.attributes
                0x00000000000005d0       0x32 /usr/lib/gcc/arm-none-eabi/12.1.0/../../../../arm-none-eabi/lib/thumb/v7e-m+fp/softfp/libc_nano.a(lib_a-writer.o)
 .ARM.attributes
                0x0000000000000602       0x32 /usr/lib/gcc/arm-none-eabi/12.1.0/../../../../arm-none-eabi/lib/thumb/v7e-m+fp/softfp/libc_nano.a(lib_a-wsetup.o)
 .ARM.attributes
                0x0000000000000634       0x32 /usr/lib/gcc/arm-none-eabi/12.1.0/../../../../arm-none-eabi/lib/thumb/v7e-m+fp/softfp/libc_nano.a(lib_a-abort.o)
 .ARM.attributes
                0x0000000000000666       0x32 /usr/lib/gcc/arm-none-eabi/12.1.0/../../../../arm-none-eabi/lib/thumb/v7e-m+fp/softfp/libc_nano.a(lib_a-closer.o)
 .ARM.attributes
                0x0000000000000698       0x32 /usr/lib/gcc/arm-none-eabi/12.1.0/../../../../arm-none-eabi/lib/thumb/v7e-m+fp/softfp/libc_nano.a(lib_a-fflush.o)
 .ARM.attributes
                0x00000000000006ca       0x32 /usr/lib/gcc/arm-none-eabi/12.1.0/../../../../arm-none-eabi/lib/thumb/v7e-m+fp/softfp/libc_nano.a(lib_a-findfp.o)
 .ARM.attributes
                0x00000000000006fc       0x32 /usr/lib/gcc/arm-none-eabi/12.1.0/../../../../arm-none-eabi/lib/thumb/v7e-m+fp/softfp/libc_nano.a(lib_a-fwalk.o)
 .ARM.attributes
                0x000000000000072e       0x32 /usr/lib/gcc/arm-none-eabi/12.1.0/../../../../arm-none-eabi/lib/thumb/v7e-m+fp/softfp/libc_nano.a(lib_a-lock.o)
 .ARM.attributes
                0x0000000000000760       0x32 /usr/lib/gcc/arm-none-eabi/12.1.0/../../../../arm-none-eabi/lib/thumb/v7e-m+fp/softfp/libc_nano.a(lib_a-lseekr.o)
 .ARM.attributes
                0x0000000000000792       0x32 /usr/lib/gcc/arm-none-eabi/12.1.0/../../../../arm-none-eabi/lib/thumb/v7e-m+fp/softfp/libc_nano.a(lib_a-makebuf.o)
 .ARM.attributes
                0x00000000000007c4       0x1c /usr/lib/gcc/arm-none-eabi/12.1.0/../../../../arm-none-eabi/lib/thumb/v7e-m+fp/softfp/libc_nano.a(lib_a-memchr.o)
 .ARM.attributes
                0x00000000000007e0       0x32 /usr/lib/gcc/arm-none-eabi/12.1.0/../../../../arm-none-eabi/lib/thumb/v7e-m+fp/softfp/libc_nano.a(lib_a-memmove.o)
 .ARM.attributes
                0x0000000000000812       0x32 /usr/lib/gcc/arm-none-eabi/12.1.0/../../../../arm-none-eabi/lib/thumb/v7e-m+fp/softfp/libc_nano.a(lib_a-mlock.o)
 .ARM.attributes
                0x0000000000000844       0x32 /usr/lib/gcc/arm-none-eabi/12.1.0/../../../../arm-none-eabi/lib/thumb/v7e-m+fp/softfp/libc_nano.a(lib_a-nano-freer.o)
 .ARM.attributes
                0x0000000000000876       0x32 /usr/lib/gcc/arm-none-eabi/12.1.0/../../../../arm-none-eabi/lib/thumb/v7e-m+fp/softfp/libc_nano.a(lib_a-nano-reallocr.o)
 .ARM.attributes
                0x00000000000008a8       0x32 /usr/lib/gcc/arm-none-eabi/12.1.0/../../../../arm-none-eabi/lib/thumb/v7e-m+fp/softfp/libc_nano.a(lib_a-nano-svfprintf.o)
 .ARM.attributes
                0x00000000000008da       0x32 /usr/lib/gcc/arm-none-eabi/12.1.0/../../../../arm-none-eabi/lib/thumb/v7e-m+fp/softfp/libc_nano.a(lib_a-nano-svfscanf.o)
 .ARM.attributes
                0x000000000000090c       0x32 /usr/lib/gcc/arm-none-eabi/12.1.0/../../../../arm-none-eabi/lib/thumb/v7e-m+fp/softfp/libc_nano.a(lib_a-nano-vfprintf_i.o)
 .ARM.attributes
                0x000000000000093e       0x32 /usr/lib/gcc/arm-none-eabi/12.1.0/../../../../arm-none-eabi/lib/thumb/v7e-m+fp/softfp/libc_nano.a(lib_a-nano-vfscanf_i.o)
 .ARM.attributes
                0x0000000000000970       0x32 /usr/lib/gcc/arm-none-eabi/12.1.0/../../../../arm-none-eabi/lib/thumb/v7e-m+fp/softfp/libc_nano.a(lib_a-readr.o)
 .ARM.attributes
                0x00000000000009a2       0x32 /usr/lib/gcc/arm-none-eabi/12.1.0/../../../../arm-none-eabi/lib/thumb/v7e-m+fp/softfp/libc_nano.a(lib_a-reent.o)
 .ARM.attributes
                0x00000000000009d4       0x32 /usr/lib/gcc/arm-none-eabi/12.1.0/../../../../arm-none-eabi/lib/thumb/v7e-m+fp/softfp/libc_nano.a(lib_a-sccl.o)
 .ARM.attributes
                0x0000000000000a06       0x32 /usr/lib/gcc/arm-none-eabi/12.1.0/../../../../arm-none-eabi/lib/thumb/v7e-m+fp/softfp/libc_nano.a(lib_a-signal.o)
 .ARM.attributes
                0x0000000000000a38       0x32 /usr/lib/gcc/arm-none-eabi/12.1.0/../../../../arm-none-eabi/lib/thumb/v7e-m+fp/softfp/libc_nano.a(lib_a-signalr.o)
 .ARM.attributes
                0x0000000000000a6a       0x32 /usr/lib/gcc/arm-none-eabi/12.1.0/../../../../arm-none-eabi/lib/thumb/v7e-m+fp/softfp/libc_nano.a(lib_a-strtol.o)
 .ARM.attributes
                0x0000000000000a9c       0x32 /usr/lib/gcc/arm-none-eabi/12.1.0/../../../../arm-none-eabi/lib/thumb/v7e-m+fp/softfp/libc_nano.a(lib_a-strtoul.o)
 .ARM.attributes
                0x0000000000000ace       0x32 /usr/lib/gcc/arm-none-eabi/12.1.0/../../../../arm-none-eabi/lib/thumb/v7e-m+fp/softfp/libc_nano.a(lib_a-ungetc.o)
 .ARM.attributes
                0x0000000000000b00       0x30 /usr/lib/gcc/arm-none-eabi/12.1.0/../../../../arm-none-eabi/lib/thumb/v7e-m+fp/softfp/libc_nano.a(lib_a-ctype_.o)
 .ARM.attributes
                0x0000000000000b30       0x32 /usr/lib/gcc/arm-none-eabi/12.1.0/../../../../arm-none-eabi/lib/thumb/v7e-m+fp/softfp/libc_nano.a(lib_a-fstatr.o)
 .ARM.attributes
                0x0000000000000b62       0x32 /usr/lib/gcc/arm-none-eabi/12.1.0/../../../../arm-none-eabi/lib/thumb/v7e-m+fp/softfp/libc_nano.a(lib_a-isattyr.o)
 .ARM.attributes
                0x0000000000000b94       0x32 /usr/lib/gcc/arm-none-eabi/12.1.0/../../../../arm-none-eabi/lib/thumb/v7e-m+fp/softfp/libc_nano.a(lib_a-nano-msizer.o)
 .ARM.attributes
                0x0000000000000bc6       0x22 /usr/lib/gcc/arm-none-eabi/12.1.0/thumb/v7e-m+fp/softfp/libgcc.a(_arm_addsubdf3.o)
 .ARM.attributes
                0x0000000000000be8       0x22 /usr/lib/gcc/arm-none-eabi/12.1.0/thumb/v7e-m+fp/softfp/libgcc.a(_arm_muldivdf3.o)
 .ARM.attributes
                0x0000000000000c0a       0x22 /usr/lib/gcc/arm-none-eabi/12.1.0/thumb/v7e-m+fp/softfp/libgcc.a(_arm_fixdfsi.o)
 .ARM.attributes
                0x0000000000000c2c       0x32 /usr/lib/gcc/arm-none-eabi/12.1.0/../../../../arm-none-eabi/lib/thumb/v7e-m+fp/softfp/libnosys.a(close.o)
 .ARM.attributes
                0x0000000000000c5e       0x32 /usr/lib/gcc/arm-none-eabi/12.1.0/../../../../arm-none-eabi/lib/thumb/v7e-m+fp/softfp/libnosys.a(fstat.o)
 .ARM.attributes
                0x0000000000000c90       0x32 /usr/lib/gcc/arm-none-eabi/12.1.0/../../../../arm-none-eabi/lib/thumb/v7e-m+fp/softfp/libnosys.a(getpid.o)
 .ARM.attributes
                0x0000000000000cc2       0x32 /usr/lib/gcc/arm-none-eabi/12.1.0/../../../../arm-none-eabi/lib/thumb/v7e-m+fp/softfp/libnosys.a(isatty.o)
 .ARM.attributes
                0x0000000000000cf4       0x32 /usr/lib/gcc/arm-none-eabi/12.1.0/../../../../arm-none-eabi/lib/thumb/v7e-m+fp/softfp/libnosys.a(kill.o)
 .ARM.attributes
                0x0000000000000d26       0x32 /usr/lib/gcc/arm-none-eabi/12.1.0/../../../../arm-none-eabi/lib/thumb/v7e-m+fp/softfp/libnosys.a(lseek.o)
 .ARM.attributes
                0x0000000000000d58       0x32 /usr/lib/gcc/arm-none-eabi/12.1.0/../../../../arm-none-eabi/lib/thumb/v7e-m+fp/softfp/libnosys.a(read.o)
 .ARM.attributes
                0x0000000000000d8a       0x32 /usr/lib/gcc/arm-none-eabi/12.1.0/../../../../arm-none-eabi/lib/thumb/v7e-m+fp/softfp/libnosys.a(sbrk.o)
 .ARM.attributes
                0x0000000000000dbc       0x32 /usr/lib/gcc/arm-none-eabi/12.1.0/../../../../arm-none-eabi/lib/thumb/v7e-m+fp/softfp/libnosys.a(write.o)
 .ARM.attributes
                0x0000000000000dee       0x32 /usr/lib/gcc/arm-none-eabi/12.1.0/../../../../arm-none-eabi/lib/thumb/v7e-m+fp/softfp/libnosys.a(_exit.o)
 .ARM.attributes
                0x0000000000000e20       0x22 /usr/lib/gcc/arm-none-eabi/12.1.0/thumb/v7e-m+fp/softfp/crtn.o
OUTPUT(Debug/mcu_mdriver.elf elf32-littlearm)
LOAD linker stubs
LOAD /usr/lib/gcc/arm-none-eabi/12.1.0/../../../../arm-none-eabi/lib/thumb/v7e-m+fp/softfp/libc.a
LOAD /usr/lib/gcc/arm-none-eabi/12.1.0/../../../../arm-none-eabi/lib/thumb/v7e-m+fp/softfp/libm.a
LOAD /usr/lib/gcc/arm-none-eabi/12.1.0/thumb/v7e-m+fp/softfp/libgcc.a

.debug_info     0x0000000000000000    0x1c2e8
 .debug_info    0x0000000000000000      0xacc Debug/mcu_mdriver.o
 .debug_info    0x0000000000000acc      0x2e4 Debug/mcu_mlib.o
 .debug_info    0x0000000000000db0      0x43c Debug/mcu_mm.o
 .debug_info    0x00000000000011ec      0xb8b Debug/mcu_timer.o
 .debug_info    0x0000000000001d77      0x1e6 Debug/mcu.o
 .debug_info    0x0000000000001f5d      0x2e8 Debug/mcu_request.o
 .debug_info    0x0000000000002245      0x602 Debug/uart.o
 .debug_info    0x0000000000002847      0xac4 Debug/uart_dma.o
 .debug_info    0x000000000000330b      0x3ab Debug/mcu_syscalls.o
 .debug_info    0x00000000000036b6      0x5be Debug/system_stm32f4xx.o
 .debug_info    0x0000000000003c74       0x22 Debug/startup_stm32f411xe.o
 .debug_info    0x0000000000003c96      0x87e /usr/lib/gcc/arm-none-eabi/12.1.0/../../../../arm-none-eabi/lib/thumb/v7e-m+fp/softfp/libc_nano.a(lib_a-assert.o)
 .debug_info    0x0000000000004514      0x75b /usr/lib/gcc/arm-none-eabi/12.1.0/../../../../arm-none-eabi/lib/thumb/v7e-m+fp/softfp/libc_nano.a(lib_a-errno.o)
 .debug_info    0x0000000000004c6f      0x8b5 /usr/lib/gcc/arm-none-eabi/12.1.0/../../../../arm-none-eabi/lib/thumb/v7e-m+fp/softfp/libc_nano.a(lib_a-fprintf.o)
 .debug_info    0x0000000000005524      0x806 /usr/lib/gcc/arm-none-eabi/12.1.0/../../../../arm-none-eabi/lib/thumb/v7e-m+fp/softfp/libc_nano.a(lib_a-impure.o)
 .debug_info    0x0000000000005d2a      0x10b /usr/lib/gcc/arm-none-eabi/12.1.0/../../../../arm-none-eabi/lib/thumb/v7e-m+fp/softfp/libc_nano.a(lib_a-init.o)
 .debug_info    0x0000000000005e35      0x121 /usr/lib/gcc/arm-none-eabi/12.1.0/../../../../arm-none-eabi/lib/thumb/v7e-m+fp/softfp/libc_nano.a(lib_a-memcpy-stub.o)
 .debug_info    0x0000000000005f56       0xe0 /usr/lib/gcc/arm-none-eabi/12.1.0/../../../../arm-none-eabi/lib/thumb/v7e-m+fp/softfp/libc_nano.a(lib_a-memset.o)
 .debug_info    0x0000000000006036      0xa1c /usr/lib/gcc/arm-none-eabi/12.1.0/../../../../arm-none-eabi/lib/thumb/v7e-m+fp/softfp/libc_nano.a(lib_a-nano-mallocr.o)
 .debug_info    0x0000000000006a52     0x1176 /usr/lib/gcc/arm-none-eabi/12.1.0/../../../../arm-none-eabi/lib/thumb/v7e-m+fp/softfp/libc_nano.a(lib_a-nano-vfprintf.o)
 .debug_info    0x0000000000007bc8      0x7dc /usr/lib/gcc/arm-none-eabi/12.1.0/../../../../arm-none-eabi/lib/thumb/v7e-m+fp/softfp/libc_nano.a(lib_a-sbrkr.o)
 .debug_info    0x00000000000083a4      0x8df /usr/lib/gcc/arm-none-eabi/12.1.0/../../../../arm-none-eabi/lib/thumb/v7e-m+fp/softfp/libc_nano.a(lib_a-sprintf.o)
 .debug_info    0x0000000000008c83      0x94e /usr/lib/gcc/arm-none-eabi/12.1.0/../../../../arm-none-eabi/lib/thumb/v7e-m+fp/softfp/libc_nano.a(lib_a-sscanf.o)
 .debug_info    0x00000000000095d1      0xab4 /usr/lib/gcc/arm-none-eabi/12.1.0/../../../../arm-none-eabi/lib/thumb/v7e-m+fp/softfp/libc_nano.a(lib_a-stdio.o)
 .debug_info    0x000000000000a085       0xe1 /usr/lib/gcc/arm-none-eabi/12.1.0/../../../../arm-none-eabi/lib/thumb/v7e-m+fp/softfp/libc_nano.a(lib_a-strcat.o)
 .debug_info    0x000000000000a166      0x8cb /usr/lib/gcc/arm-none-eabi/12.1.0/../../../../arm-none-eabi/lib/thumb/v7e-m+fp/softfp/libc_nano.a(lib_a-strerror.o)
 .debug_info    0x000000000000aa31       0x24 /usr/lib/gcc/arm-none-eabi/12.1.0/../../../../arm-none-eabi/lib/thumb/v7e-m+fp/softfp/libc_nano.a(lib_a-strlen.o)
 .debug_info    0x000000000000aa55       0x88 /usr/lib/gcc/arm-none-eabi/12.1.0/../../../../arm-none-eabi/lib/thumb/v7e-m+fp/softfp/libc_nano.a(lib_a-u_strerr.o)
 .debug_info    0x000000000000aadd      0x95d /usr/lib/gcc/arm-none-eabi/12.1.0/../../../../arm-none-eabi/lib/thumb/v7e-m+fp/softfp/libc_nano.a(lib_a-wbuf.o)
 .debug_info    0x000000000000b43a      0x813 /usr/lib/gcc/arm-none-eabi/12.1.0/../../../../arm-none-eabi/lib/thumb/v7e-m+fp/softfp/libc_nano.a(lib_a-writer.o)
 .debug_info    0x000000000000bc4d      0x8b9 /usr/lib/gcc/arm-none-eabi/12.1.0/../../../../arm-none-eabi/lib/thumb/v7e-m+fp/softfp/libc_nano.a(lib_a-wsetup.o)
 .debug_info    0x000000000000c506       0xd8 /usr/lib/gcc/arm-none-eabi/12.1.0/../../../../arm-none-eabi/lib/thumb/v7e-m+fp/softfp/libc_nano.a(lib_a-abort.o)
 .debug_info    0x000000000000c5de      0x7b7 /usr/lib/gcc/arm-none-eabi/12.1.0/../../../../arm-none-eabi/lib/thumb/v7e-m+fp/softfp/libc_nano.a(lib_a-closer.o)
 .debug_info    0x000000000000cd95      0xa9e /usr/lib/gcc/arm-none-eabi/12.1.0/../../../../arm-none-eabi/lib/thumb/v7e-m+fp/softfp/libc_nano.a(lib_a-fflush.o)
 .debug_info    0x000000000000d833      0xff1 /usr/lib/gcc/arm-none-eabi/12.1.0/../../../../arm-none-eabi/lib/thumb/v7e-m+fp/softfp/libc_nano.a(lib_a-findfp.o)
 .debug_info    0x000000000000e824      0x899 /usr/lib/gcc/arm-none-eabi/12.1.0/../../../../arm-none-eabi/lib/thumb/v7e-m+fp/softfp/libc_nano.a(lib_a-fwalk.o)
 .debug_info    0x000000000000f0bd      0x21a /usr/lib/gcc/arm-none-eabi/12.1.0/../../../../arm-none-eabi/lib/thumb/v7e-m+fp/softfp/libc_nano.a(lib_a-lock.o)
 .debug_info    0x000000000000f2d7      0x7f6 /usr/lib/gcc/arm-none-eabi/12.1.0/../../../../arm-none-eabi/lib/thumb/v7e-m+fp/softfp/libc_nano.a(lib_a-lseekr.o)
 .debug_info    0x000000000000facd      0xb8b /usr/lib/gcc/arm-none-eabi/12.1.0/../../../../arm-none-eabi/lib/thumb/v7e-m+fp/softfp/libc_nano.a(lib_a-makebuf.o)
 .debug_info    0x0000000000010658       0x25 /usr/lib/gcc/arm-none-eabi/12.1.0/../../../../arm-none-eabi/lib/thumb/v7e-m+fp/softfp/libc_nano.a(lib_a-memchr.o)
 .debug_info    0x000000000001067d      0x10f /usr/lib/gcc/arm-none-eabi/12.1.0/../../../../arm-none-eabi/lib/thumb/v7e-m+fp/softfp/libc_nano.a(lib_a-memmove.o)
 .debug_info    0x000000000001078c      0x7cb /usr/lib/gcc/arm-none-eabi/12.1.0/../../../../arm-none-eabi/lib/thumb/v7e-m+fp/softfp/libc_nano.a(lib_a-mlock.o)
 .debug_info    0x0000000000010f57      0x8a6 /usr/lib/gcc/arm-none-eabi/12.1.0/../../../../arm-none-eabi/lib/thumb/v7e-m+fp/softfp/libc_nano.a(lib_a-nano-freer.o)
 .debug_info    0x00000000000117fd      0x927 /usr/lib/gcc/arm-none-eabi/12.1.0/../../../../arm-none-eabi/lib/thumb/v7e-m+fp/softfp/libc_nano.a(lib_a-nano-reallocr.o)
 .debug_info    0x0000000000012124     0x1124 /usr/lib/gcc/arm-none-eabi/12.1.0/../../../../arm-none-eabi/lib/thumb/v7e-m+fp/softfp/libc_nano.a(lib_a-nano-svfprintf.o)
 .debug_info    0x0000000000013248      0xf62 /usr/lib/gcc/arm-none-eabi/12.1.0/../../../../arm-none-eabi/lib/thumb/v7e-m+fp/softfp/libc_nano.a(lib_a-nano-svfscanf.o)
 .debug_info    0x00000000000141aa      0xe42 /usr/lib/gcc/arm-none-eabi/12.1.0/../../../../arm-none-eabi/lib/thumb/v7e-m+fp/softfp/libc_nano.a(lib_a-nano-vfprintf_i.o)
 .debug_info    0x0000000000014fec      0xe11 /usr/lib/gcc/arm-none-eabi/12.1.0/../../../../arm-none-eabi/lib/thumb/v7e-m+fp/softfp/libc_nano.a(lib_a-nano-vfscanf_i.o)
 .debug_info    0x0000000000015dfd      0x80d /usr/lib/gcc/arm-none-eabi/12.1.0/../../../../arm-none-eabi/lib/thumb/v7e-m+fp/softfp/libc_nano.a(lib_a-readr.o)
 .debug_info    0x000000000001660a      0x936 /usr/lib/gcc/arm-none-eabi/12.1.0/../../../../arm-none-eabi/lib/thumb/v7e-m+fp/softfp/libc_nano.a(lib_a-reent.o)
 .debug_info    0x0000000000016f40      0x10e /usr/lib/gcc/arm-none-eabi/12.1.0/../../../../arm-none-eabi/lib/thumb/v7e-m+fp/softfp/libc_nano.a(lib_a-sccl.o)
 .debug_info    0x000000000001704e      0xa8f /usr/lib/gcc/arm-none-eabi/12.1.0/../../../../arm-none-eabi/lib/thumb/v7e-m+fp/softfp/libc_nano.a(lib_a-signal.o)
 .debug_info    0x0000000000017add      0x83e /usr/lib/gcc/arm-none-eabi/12.1.0/../../../../arm-none-eabi/lib/thumb/v7e-m+fp/softfp/libc_nano.a(lib_a-signalr.o)
 .debug_info    0x000000000001831b      0xd9d /usr/lib/gcc/arm-none-eabi/12.1.0/../../../../arm-none-eabi/lib/thumb/v7e-m+fp/softfp/libc_nano.a(lib_a-strtol.o)
 .debug_info    0x00000000000190b8      0xd0b /usr/lib/gcc/arm-none-eabi/12.1.0/../../../../arm-none-eabi/lib/thumb/v7e-m+fp/softfp/libc_nano.a(lib_a-strtoul.o)
 .debug_info    0x0000000000019dc3      0xa7e /usr/lib/gcc/arm-none-eabi/12.1.0/../../../../arm-none-eabi/lib/thumb/v7e-m+fp/softfp/libc_nano.a(lib_a-ungetc.o)
 .debug_info    0x000000000001a841       0xb9 /usr/lib/gcc/arm-none-eabi/12.1.0/../../../../arm-none-eabi/lib/thumb/v7e-m+fp/softfp/libc_nano.a(lib_a-ctype_.o)
 .debug_info    0x000000000001a8fa      0x9d5 /usr/lib/gcc/arm-none-eabi/12.1.0/../../../../arm-none-eabi/lib/thumb/v7e-m+fp/softfp/libc_nano.a(lib_a-fstatr.o)
 .debug_info    0x000000000001b2cf      0x7b7 /usr/lib/gcc/arm-none-eabi/12.1.0/../../../../arm-none-eabi/lib/thumb/v7e-m+fp/softfp/libc_nano.a(lib_a-isattyr.o)
 .debug_info    0x000000000001ba86      0x7f4 /usr/lib/gcc/arm-none-eabi/12.1.0/../../../../arm-none-eabi/lib/thumb/v7e-m+fp/softfp/libc_nano.a(lib_a-nano-msizer.o)
 .debug_info    0x000000000001c27a       0x25 /usr/lib/gcc/arm-none-eabi/12.1.0/thumb/v7e-m+fp/softfp/libgcc.a(_arm_addsubdf3.o)
 .debug_info    0x000000000001c29f       0x25 /usr/lib/gcc/arm-none-eabi/12.1.0/thumb/v7e-m+fp/softfp/libgcc.a(_arm_muldivdf3.o)
 .debug_info    0x000000000001c2c4       0x24 /usr/lib/gcc/arm-none-eabi/12.1.0/thumb/v7e-m+fp/softfp/libgcc.a(_arm_fixdfsi.o)

.debug_abbrev   0x0000000000000000     0x69b9
 .debug_abbrev  0x0000000000000000      0x260 Debug/mcu_mdriver.o
 .debug_abbrev  0x0000000000000260      0x1d0 Debug/mcu_mlib.o
 .debug_abbrev  0x0000000000000430      0x1cc Debug/mcu_mm.o
 .debug_abbrev  0x00000000000005fc      0x225 Debug/mcu_timer.o
 .debug_abbrev  0x0000000000000821      0x158 Debug/mcu.o
 .debug_abbrev  0x0000000000000979      0x19d Debug/mcu_request.o
 .debug_abbrev  0x0000000000000b16      0x1cb Debug/uart.o
 .debug_abbrev  0x0000000000000ce1      0x1c3 Debug/uart_dma.o
 .debug_abbrev  0x0000000000000ea4      0x212 Debug/mcu_syscalls.o
 .debug_abbrev  0x00000000000010b6       0xf9 Debug/system_stm32f4xx.o
 .debug_abbrev  0x00000000000011af       0x12 Debug/startup_stm32f411xe.o
 .debug_abbrev  0x00000000000011c1      0x1ea /usr/lib/gcc/arm-none-eabi/12.1.0/../../../../arm-none-eabi/lib/thumb/v7e-m+fp/softfp/libc_nano.a(lib_a-assert.o)
 .debug_abbrev  0x00000000000013ab      0x15e /usr/lib/gcc/arm-none-eabi/12.1.0/../../../../arm-none-eabi/lib/thumb/v7e-m+fp/softfp/libc_nano.a(lib_a-errno.o)
 .debug_abbrev  0x0000000000001509      0x21d /usr/lib/gcc/arm-none-eabi/12.1.0/../../../../arm-none-eabi/lib/thumb/v7e-m+fp/softfp/libc_nano.a(lib_a-fprintf.o)
 .debug_abbrev  0x0000000000001726      0x15a /usr/lib/gcc/arm-none-eabi/12.1.0/../../../../arm-none-eabi/lib/thumb/v7e-m+fp/softfp/libc_nano.a(lib_a-impure.o)
 .debug_abbrev  0x0000000000001880       0xc9 /usr/lib/gcc/arm-none-eabi/12.1.0/../../../../arm-none-eabi/lib/thumb/v7e-m+fp/softfp/libc_nano.a(lib_a-init.o)
 .debug_abbrev  0x0000000000001949       0xc1 /usr/lib/gcc/arm-none-eabi/12.1.0/../../../../arm-none-eabi/lib/thumb/v7e-m+fp/softfp/libc_nano.a(lib_a-memcpy-stub.o)
 .debug_abbrev  0x0000000000001a0a       0x9e /usr/lib/gcc/arm-none-eabi/12.1.0/../../../../arm-none-eabi/lib/thumb/v7e-m+fp/softfp/libc_nano.a(lib_a-memset.o)
 .debug_abbrev  0x0000000000001aa8      0x24a /usr/lib/gcc/arm-none-eabi/12.1.0/../../../../arm-none-eabi/lib/thumb/v7e-m+fp/softfp/libc_nano.a(lib_a-nano-mallocr.o)
 .debug_abbrev  0x0000000000001cf2      0x317 /usr/lib/gcc/arm-none-eabi/12.1.0/../../../../arm-none-eabi/lib/thumb/v7e-m+fp/softfp/libc_nano.a(lib_a-nano-vfprintf.o)
 .debug_abbrev  0x0000000000002009      0x1da /usr/lib/gcc/arm-none-eabi/12.1.0/../../../../arm-none-eabi/lib/thumb/v7e-m+fp/softfp/libc_nano.a(lib_a-sbrkr.o)
 .debug_abbrev  0x00000000000021e3      0x21c /usr/lib/gcc/arm-none-eabi/12.1.0/../../../../arm-none-eabi/lib/thumb/v7e-m+fp/softfp/libc_nano.a(lib_a-sprintf.o)
 .debug_abbrev  0x00000000000023ff      0x226 /usr/lib/gcc/arm-none-eabi/12.1.0/../../../../arm-none-eabi/lib/thumb/v7e-m+fp/softfp/libc_nano.a(lib_a-sscanf.o)
 .debug_abbrev  0x0000000000002625      0x221 /usr/lib/gcc/arm-none-eabi/12.1.0/../../../../arm-none-eabi/lib/thumb/v7e-m+fp/softfp/libc_nano.a(lib_a-stdio.o)
 .debug_abbrev  0x0000000000002846       0x86 /usr/lib/gcc/arm-none-eabi/12.1.0/../../../../arm-none-eabi/lib/thumb/v7e-m+fp/softfp/libc_nano.a(lib_a-strcat.o)
 .debug_abbrev  0x00000000000028cc      0x1f2 /usr/lib/gcc/arm-none-eabi/12.1.0/../../../../arm-none-eabi/lib/thumb/v7e-m+fp/softfp/libc_nano.a(lib_a-strerror.o)
 .debug_abbrev  0x0000000000002abe       0x14 /usr/lib/gcc/arm-none-eabi/12.1.0/../../../../arm-none-eabi/lib/thumb/v7e-m+fp/softfp/libc_nano.a(lib_a-strlen.o)
 .debug_abbrev  0x0000000000002ad2       0x77 /usr/lib/gcc/arm-none-eabi/12.1.0/../../../../arm-none-eabi/lib/thumb/v7e-m+fp/softfp/libc_nano.a(lib_a-u_strerr.o)
 .debug_abbrev  0x0000000000002b49      0x22e /usr/lib/gcc/arm-none-eabi/12.1.0/../../../../arm-none-eabi/lib/thumb/v7e-m+fp/softfp/libc_nano.a(lib_a-wbuf.o)
 .debug_abbrev  0x0000000000002d77      0x1b5 /usr/lib/gcc/arm-none-eabi/12.1.0/../../../../arm-none-eabi/lib/thumb/v7e-m+fp/softfp/libc_nano.a(lib_a-writer.o)
 .debug_abbrev  0x0000000000002f2c      0x1d9 /usr/lib/gcc/arm-none-eabi/12.1.0/../../../../arm-none-eabi/lib/thumb/v7e-m+fp/softfp/libc_nano.a(lib_a-wsetup.o)
 .debug_abbrev  0x0000000000003105       0x99 /usr/lib/gcc/arm-none-eabi/12.1.0/../../../../arm-none-eabi/lib/thumb/v7e-m+fp/softfp/libc_nano.a(lib_a-abort.o)
 .debug_abbrev  0x000000000000319e      0x1b0 /usr/lib/gcc/arm-none-eabi/12.1.0/../../../../arm-none-eabi/lib/thumb/v7e-m+fp/softfp/libc_nano.a(lib_a-closer.o)
 .debug_abbrev  0x000000000000334e      0x2a7 /usr/lib/gcc/arm-none-eabi/12.1.0/../../../../arm-none-eabi/lib/thumb/v7e-m+fp/softfp/libc_nano.a(lib_a-fflush.o)
 .debug_abbrev  0x00000000000035f5      0x398 /usr/lib/gcc/arm-none-eabi/12.1.0/../../../../arm-none-eabi/lib/thumb/v7e-m+fp/softfp/libc_nano.a(lib_a-findfp.o)
 .debug_abbrev  0x000000000000398d      0x19f /usr/lib/gcc/arm-none-eabi/12.1.0/../../../../arm-none-eabi/lib/thumb/v7e-m+fp/softfp/libc_nano.a(lib_a-fwalk.o)
 .debug_abbrev  0x0000000000003b2c      0x115 /usr/lib/gcc/arm-none-eabi/12.1.0/../../../../arm-none-eabi/lib/thumb/v7e-m+fp/softfp/libc_nano.a(lib_a-lock.o)
 .debug_abbrev  0x0000000000003c41      0x1c4 /usr/lib/gcc/arm-none-eabi/12.1.0/../../../../arm-none-eabi/lib/thumb/v7e-m+fp/softfp/libc_nano.a(lib_a-lseekr.o)
 .debug_abbrev  0x0000000000003e05      0x2a3 /usr/lib/gcc/arm-none-eabi/12.1.0/../../../../arm-none-eabi/lib/thumb/v7e-m+fp/softfp/libc_nano.a(lib_a-makebuf.o)
 .debug_abbrev  0x00000000000040a8       0x14 /usr/lib/gcc/arm-none-eabi/12.1.0/../../../../arm-none-eabi/lib/thumb/v7e-m+fp/softfp/libc_nano.a(lib_a-memchr.o)
 .debug_abbrev  0x00000000000040bc       0xac /usr/lib/gcc/arm-none-eabi/12.1.0/../../../../arm-none-eabi/lib/thumb/v7e-m+fp/softfp/libc_nano.a(lib_a-memmove.o)
 .debug_abbrev  0x0000000000004168      0x1bf /usr/lib/gcc/arm-none-eabi/12.1.0/../../../../arm-none-eabi/lib/thumb/v7e-m+fp/softfp/libc_nano.a(lib_a-mlock.o)
 .debug_abbrev  0x0000000000004327      0x23b /usr/lib/gcc/arm-none-eabi/12.1.0/../../../../arm-none-eabi/lib/thumb/v7e-m+fp/softfp/libc_nano.a(lib_a-nano-freer.o)
 .debug_abbrev  0x0000000000004562      0x217 /usr/lib/gcc/arm-none-eabi/12.1.0/../../../../arm-none-eabi/lib/thumb/v7e-m+fp/softfp/libc_nano.a(lib_a-nano-reallocr.o)
 .debug_abbrev  0x0000000000004779      0x31e /usr/lib/gcc/arm-none-eabi/12.1.0/../../../../arm-none-eabi/lib/thumb/v7e-m+fp/softfp/libc_nano.a(lib_a-nano-svfprintf.o)
 .debug_abbrev  0x0000000000004a97      0x312 /usr/lib/gcc/arm-none-eabi/12.1.0/../../../../arm-none-eabi/lib/thumb/v7e-m+fp/softfp/libc_nano.a(lib_a-nano-svfscanf.o)
 .debug_abbrev  0x0000000000004da9      0x28e /usr/lib/gcc/arm-none-eabi/12.1.0/../../../../arm-none-eabi/lib/thumb/v7e-m+fp/softfp/libc_nano.a(lib_a-nano-vfprintf_i.o)
 .debug_abbrev  0x0000000000005037      0x29f /usr/lib/gcc/arm-none-eabi/12.1.0/../../../../arm-none-eabi/lib/thumb/v7e-m+fp/softfp/libc_nano.a(lib_a-nano-vfscanf_i.o)
 .debug_abbrev  0x00000000000052d6      0x1b0 /usr/lib/gcc/arm-none-eabi/12.1.0/../../../../arm-none-eabi/lib/thumb/v7e-m+fp/softfp/libc_nano.a(lib_a-readr.o)
 .debug_abbrev  0x0000000000005486      0x233 /usr/lib/gcc/arm-none-eabi/12.1.0/../../../../arm-none-eabi/lib/thumb/v7e-m+fp/softfp/libc_nano.a(lib_a-reent.o)
 .debug_abbrev  0x00000000000056b9       0x9a /usr/lib/gcc/arm-none-eabi/12.1.0/../../../../arm-none-eabi/lib/thumb/v7e-m+fp/softfp/libc_nano.a(lib_a-sccl.o)
 .debug_abbrev  0x0000000000005753      0x296 /usr/lib/gcc/arm-none-eabi/12.1.0/../../../../arm-none-eabi/lib/thumb/v7e-m+fp/softfp/libc_nano.a(lib_a-signal.o)
 .debug_abbrev  0x00000000000059e9      0x1fd /usr/lib/gcc/arm-none-eabi/12.1.0/../../../../arm-none-eabi/lib/thumb/v7e-m+fp/softfp/libc_nano.a(lib_a-signalr.o)
 .debug_abbrev  0x0000000000005be6      0x2ee /usr/lib/gcc/arm-none-eabi/12.1.0/../../../../arm-none-eabi/lib/thumb/v7e-m+fp/softfp/libc_nano.a(lib_a-strtol.o)
 .debug_abbrev  0x0000000000005ed4      0x2c7 /usr/lib/gcc/arm-none-eabi/12.1.0/../../../../arm-none-eabi/lib/thumb/v7e-m+fp/softfp/libc_nano.a(lib_a-strtoul.o)
 .debug_abbrev  0x000000000000619b      0x277 /usr/lib/gcc/arm-none-eabi/12.1.0/../../../../arm-none-eabi/lib/thumb/v7e-m+fp/softfp/libc_nano.a(lib_a-ungetc.o)
 .debug_abbrev  0x0000000000006412       0x62 /usr/lib/gcc/arm-none-eabi/12.1.0/../../../../arm-none-eabi/lib/thumb/v7e-m+fp/softfp/libc_nano.a(lib_a-ctype_.o)
 .debug_abbrev  0x0000000000006474      0x1c3 /usr/lib/gcc/arm-none-eabi/12.1.0/../../../../arm-none-eabi/lib/thumb/v7e-m+fp/softfp/libc_nano.a(lib_a-fstatr.o)
 .debug_abbrev  0x0000000000006637      0x1b0 /usr/lib/gcc/arm-none-eabi/12.1.0/../../../../arm-none-eabi/lib/thumb/v7e-m+fp/softfp/libc_nano.a(lib_a-isattyr.o)
 .debug_abbrev  0x00000000000067e7      0x196 /usr/lib/gcc/arm-none-eabi/12.1.0/../../../../arm-none-eabi/lib/thumb/v7e-m+fp/softfp/libc_nano.a(lib_a-nano-msizer.o)
 .debug_abbrev  0x000000000000697d       0x14 /usr/lib/gcc/arm-none-eabi/12.1.0/thumb/v7e-m+fp/softfp/libgcc.a(_arm_addsubdf3.o)
 .debug_abbrev  0x0000000000006991       0x14 /usr/lib/gcc/arm-none-eabi/12.1.0/thumb/v7e-m+fp/softfp/libgcc.a(_arm_muldivdf3.o)
 .debug_abbrev  0x00000000000069a5       0x14 /usr/lib/gcc/arm-none-eabi/12.1.0/thumb/v7e-m+fp/softfp/libgcc.a(_arm_fixdfsi.o)

.debug_loc      0x0000000000000000      0xb13
 .debug_loc     0x0000000000000000      0x2fe Debug/mcu_mdriver.o
 .debug_loc     0x00000000000002fe       0xe9 Debug/mcu_mlib.o
 .debug_loc     0x00000000000003e7      0x150 Debug/mcu_mm.o
 .debug_loc     0x0000000000000537      0x128 Debug/mcu_timer.o
 .debug_loc     0x000000000000065f       0x58 Debug/mcu.o
 .debug_loc     0x00000000000006b7      0x100 Debug/mcu_request.o
 .debug_loc     0x00000000000007b7       0xfc Debug/uart.o
 .debug_loc     0x00000000000008b3       0xc8 Debug/uart_dma.o
 .debug_loc     0x000000000000097b      0x198 Debug/mcu_syscalls.o

.debug_aranges  0x0000000000000000      0xbb8
 .debug_aranges
                0x0000000000000000       0x88 Debug/mcu_mdriver.o
 .debug_aranges
                0x0000000000000088       0x58 Debug/mcu_mlib.o
 .debug_aranges
                0x00000000000000e0       0x48 Debug/mcu_mm.o
 .debug_aranges
                0x0000000000000128       0x58 Debug/mcu_timer.o
 .debug_aranges
                0x0000000000000180       0x28 Debug/mcu.o
 .debug_aranges
                0x00000000000001a8       0x40 Debug/mcu_request.o
 .debug_aranges
                0x00000000000001e8       0x60 Debug/uart.o
 .debug_aranges
                0x0000000000000248       0x70 Debug/uart_dma.o
 .debug_aranges
                0x00000000000002b8       0x70 Debug/mcu_syscalls.o
 .debug_aranges
                0x0000000000000328       0x28 Debug/system_stm32f4xx.o
 .debug_aranges
                0x0000000000000350       0x28 Debug/startup_stm32f411xe.o
 .debug_aranges
                0x0000000000000378       0x28 /usr/lib/gcc/arm-none-eabi/12.1.0/../../../../arm-none-eabi/lib/thumb/v7e-m+fp/softfp/libc_nano.a(lib_a-assert.o)
 .debug_aranges
                0x00000000000003a0       0x20 /usr/lib/gcc/arm-none-eabi/12.1.0/../../../../arm-none-eabi/lib/thumb/v7e-m+fp/softfp/libc_nano.a(lib_a-errno.o)
 .debug_aranges
                0x00000000000003c0       0x28 /usr/lib/gcc/arm-none-eabi/12.1.0/../../../../arm-none-eabi/lib/thumb/v7e-m+fp/softfp/libc_nano.a(lib_a-fprintf.o)
 .debug_aranges
                0x00000000000003e8       0x18 /usr/lib/gcc/arm-none-eabi/12.1.0/../../../../arm-none-eabi/lib/thumb/v7e-m+fp/softfp/libc_nano.a(lib_a-impure.o)
 .debug_aranges
                0x0000000000000400       0x20 /usr/lib/gcc/arm-none-eabi/12.1.0/../../../../arm-none-eabi/lib/thumb/v7e-m+fp/softfp/libc_nano.a(lib_a-init.o)
 .debug_aranges
                0x0000000000000420       0x20 /usr/lib/gcc/arm-none-eabi/12.1.0/../../../../arm-none-eabi/lib/thumb/v7e-m+fp/softfp/libc_nano.a(lib_a-memcpy-stub.o)
 .debug_aranges
                0x0000000000000440       0x20 /usr/lib/gcc/arm-none-eabi/12.1.0/../../../../arm-none-eabi/lib/thumb/v7e-m+fp/softfp/libc_nano.a(lib_a-memset.o)
 .debug_aranges
                0x0000000000000460       0x28 /usr/lib/gcc/arm-none-eabi/12.1.0/../../../../arm-none-eabi/lib/thumb/v7e-m+fp/softfp/libc_nano.a(lib_a-nano-mallocr.o)
 .debug_aranges
                0x0000000000000488       0x40 /usr/lib/gcc/arm-none-eabi/12.1.0/../../../../arm-none-eabi/lib/thumb/v7e-m+fp/softfp/libc_nano.a(lib_a-nano-vfprintf.o)
 .debug_aranges
                0x00000000000004c8       0x20 /usr/lib/gcc/arm-none-eabi/12.1.0/../../../../arm-none-eabi/lib/thumb/v7e-m+fp/softfp/libc_nano.a(lib_a-sbrkr.o)
 .debug_aranges
                0x00000000000004e8       0x28 /usr/lib/gcc/arm-none-eabi/12.1.0/../../../../arm-none-eabi/lib/thumb/v7e-m+fp/softfp/libc_nano.a(lib_a-sprintf.o)
 .debug_aranges
                0x0000000000000510       0x28 /usr/lib/gcc/arm-none-eabi/12.1.0/../../../../arm-none-eabi/lib/thumb/v7e-m+fp/softfp/libc_nano.a(lib_a-sscanf.o)
 .debug_aranges
                0x0000000000000538       0x40 /usr/lib/gcc/arm-none-eabi/12.1.0/../../../../arm-none-eabi/lib/thumb/v7e-m+fp/softfp/libc_nano.a(lib_a-stdio.o)
 .debug_aranges
                0x0000000000000578       0x20 /usr/lib/gcc/arm-none-eabi/12.1.0/../../../../arm-none-eabi/lib/thumb/v7e-m+fp/softfp/libc_nano.a(lib_a-strcat.o)
 .debug_aranges
                0x0000000000000598       0x30 /usr/lib/gcc/arm-none-eabi/12.1.0/../../../../arm-none-eabi/lib/thumb/v7e-m+fp/softfp/libc_nano.a(lib_a-strerror.o)
 .debug_aranges
                0x00000000000005c8       0x20 /usr/lib/gcc/arm-none-eabi/12.1.0/../../../../arm-none-eabi/lib/thumb/v7e-m+fp/softfp/libc_nano.a(lib_a-strlen.o)
 .debug_aranges
                0x00000000000005e8       0x20 /usr/lib/gcc/arm-none-eabi/12.1.0/../../../../arm-none-eabi/lib/thumb/v7e-m+fp/softfp/libc_nano.a(lib_a-u_strerr.o)
 .debug_aranges
                0x0000000000000608       0x28 /usr/lib/gcc/arm-none-eabi/12.1.0/../../../../arm-none-eabi/lib/thumb/v7e-m+fp/softfp/libc_nano.a(lib_a-wbuf.o)
 .debug_aranges
                0x0000000000000630       0x20 /usr/lib/gcc/arm-none-eabi/12.1.0/../../../../arm-none-eabi/lib/thumb/v7e-m+fp/softfp/libc_nano.a(lib_a-writer.o)
 .debug_aranges
                0x0000000000000650       0x20 /usr/lib/gcc/arm-none-eabi/12.1.0/../../../../arm-none-eabi/lib/thumb/v7e-m+fp/softfp/libc_nano.a(lib_a-wsetup.o)
 .debug_aranges
                0x0000000000000670       0x20 /usr/lib/gcc/arm-none-eabi/12.1.0/../../../../arm-none-eabi/lib/thumb/v7e-m+fp/softfp/libc_nano.a(lib_a-abort.o)
 .debug_aranges
                0x0000000000000690       0x20 /usr/lib/gcc/arm-none-eabi/12.1.0/../../../../arm-none-eabi/lib/thumb/v7e-m+fp/softfp/libc_nano.a(lib_a-closer.o)
 .debug_aranges
                0x00000000000006b0       0x30 /usr/lib/gcc/arm-none-eabi/12.1.0/../../../../arm-none-eabi/lib/thumb/v7e-m+fp/softfp/libc_nano.a(lib_a-fflush.o)
 .debug_aranges
                0x00000000000006e0       0x88 /usr/lib/gcc/arm-none-eabi/12.1.0/../../../../arm-none-eabi/lib/thumb/v7e-m+fp/softfp/libc_nano.a(lib_a-findfp.o)
 .debug_aranges
                0x0000000000000768       0x28 /usr/lib/gcc/arm-none-eabi/12.1.0/../../../../arm-none-eabi/lib/thumb/v7e-m+fp/softfp/libc_nano.a(lib_a-fwalk.o)
 .debug_aranges
                0x0000000000000790       0x28 /usr/lib/gcc/arm-none-eabi/12.1.0/../../../../arm-none-eabi/lib/thumb/v7e-m+fp/softfp/libc_nano.a(lib_a-lock.o)
 .debug_aranges
                0x00000000000007b8       0x20 /usr/lib/gcc/arm-none-eabi/12.1.0/../../../../arm-none-eabi/lib/thumb/v7e-m+fp/softfp/libc_nano.a(lib_a-lseekr.o)
 .debug_aranges
                0x00000000000007d8       0x28 /usr/lib/gcc/arm-none-eabi/12.1.0/../../../../arm-none-eabi/lib/thumb/v7e-m+fp/softfp/libc_nano.a(lib_a-makebuf.o)
 .debug_aranges
                0x0000000000000800       0x20 /usr/lib/gcc/arm-none-eabi/12.1.0/../../../../arm-none-eabi/lib/thumb/v7e-m+fp/softfp/libc_nano.a(lib_a-memchr.o)
 .debug_aranges
                0x0000000000000820       0x20 /usr/lib/gcc/arm-none-eabi/12.1.0/../../../../arm-none-eabi/lib/thumb/v7e-m+fp/softfp/libc_nano.a(lib_a-memmove.o)
 .debug_aranges
                0x0000000000000840       0x28 /usr/lib/gcc/arm-none-eabi/12.1.0/../../../../arm-none-eabi/lib/thumb/v7e-m+fp/softfp/libc_nano.a(lib_a-mlock.o)
 .debug_aranges
                0x0000000000000868       0x20 /usr/lib/gcc/arm-none-eabi/12.1.0/../../../../arm-none-eabi/lib/thumb/v7e-m+fp/softfp/libc_nano.a(lib_a-nano-freer.o)
 .debug_aranges
                0x0000000000000888       0x20 /usr/lib/gcc/arm-none-eabi/12.1.0/../../../../arm-none-eabi/lib/thumb/v7e-m+fp/softfp/libc_nano.a(lib_a-nano-reallocr.o)
 .debug_aranges
                0x00000000000008a8       0x30 /usr/lib/gcc/arm-none-eabi/12.1.0/../../../../arm-none-eabi/lib/thumb/v7e-m+fp/softfp/libc_nano.a(lib_a-nano-svfprintf.o)
 .debug_aranges
                0x00000000000008d8       0x30 /usr/lib/gcc/arm-none-eabi/12.1.0/../../../../arm-none-eabi/lib/thumb/v7e-m+fp/softfp/libc_nano.a(lib_a-nano-svfscanf.o)
 .debug_aranges
                0x0000000000000908       0x28 /usr/lib/gcc/arm-none-eabi/12.1.0/../../../../arm-none-eabi/lib/thumb/v7e-m+fp/softfp/libc_nano.a(lib_a-nano-vfprintf_i.o)
 .debug_aranges
                0x0000000000000930       0x28 /usr/lib/gcc/arm-none-eabi/12.1.0/../../../../arm-none-eabi/lib/thumb/v7e-m+fp/softfp/libc_nano.a(lib_a-nano-vfscanf_i.o)
 .debug_aranges
                0x0000000000000958       0x20 /usr/lib/gcc/arm-none-eabi/12.1.0/../../../../arm-none-eabi/lib/thumb/v7e-m+fp/softfp/libc_nano.a(lib_a-readr.o)
 .debug_aranges
                0x0000000000000978       0x28 /usr/lib/gcc/arm-none-eabi/12.1.0/../../../../arm-none-eabi/lib/thumb/v7e-m+fp/softfp/libc_nano.a(lib_a-reent.o)
 .debug_aranges
                0x00000000000009a0       0x20 /usr/lib/gcc/arm-none-eabi/12.1.0/../../../../arm-none-eabi/lib/thumb/v7e-m+fp/softfp/libc_nano.a(lib_a-sccl.o)
 .debug_aranges
                0x00000000000009c0       0x58 /usr/lib/gcc/arm-none-eabi/12.1.0/../../../../arm-none-eabi/lib/thumb/v7e-m+fp/softfp/libc_nano.a(lib_a-signal.o)
 .debug_aranges
                0x0000000000000a18       0x28 /usr/lib/gcc/arm-none-eabi/12.1.0/../../../../arm-none-eabi/lib/thumb/v7e-m+fp/softfp/libc_nano.a(lib_a-signalr.o)
 .debug_aranges
                0x0000000000000a40       0x38 /usr/lib/gcc/arm-none-eabi/12.1.0/../../../../arm-none-eabi/lib/thumb/v7e-m+fp/softfp/libc_nano.a(lib_a-strtol.o)
 .debug_aranges
                0x0000000000000a78       0x38 /usr/lib/gcc/arm-none-eabi/12.1.0/../../../../arm-none-eabi/lib/thumb/v7e-m+fp/softfp/libc_nano.a(lib_a-strtoul.o)
 .debug_aranges
                0x0000000000000ab0       0x30 /usr/lib/gcc/arm-none-eabi/12.1.0/../../../../arm-none-eabi/lib/thumb/v7e-m+fp/softfp/libc_nano.a(lib_a-ungetc.o)
 .debug_aranges
                0x0000000000000ae0       0x18 /usr/lib/gcc/arm-none-eabi/12.1.0/../../../../arm-none-eabi/lib/thumb/v7e-m+fp/softfp/libc_nano.a(lib_a-ctype_.o)
 .debug_aranges
                0x0000000000000af8       0x20 /usr/lib/gcc/arm-none-eabi/12.1.0/../../../../arm-none-eabi/lib/thumb/v7e-m+fp/softfp/libc_nano.a(lib_a-fstatr.o)
 .debug_aranges
                0x0000000000000b18       0x20 /usr/lib/gcc/arm-none-eabi/12.1.0/../../../../arm-none-eabi/lib/thumb/v7e-m+fp/softfp/libc_nano.a(lib_a-isattyr.o)
 .debug_aranges
                0x0000000000000b38       0x20 /usr/lib/gcc/arm-none-eabi/12.1.0/../../../../arm-none-eabi/lib/thumb/v7e-m+fp/softfp/libc_nano.a(lib_a-nano-msizer.o)
 .debug_aranges
                0x0000000000000b58       0x20 /usr/lib/gcc/arm-none-eabi/12.1.0/thumb/v7e-m+fp/softfp/libgcc.a(_arm_addsubdf3.o)
 .debug_aranges
                0x0000000000000b78       0x20 /usr/lib/gcc/arm-none-eabi/12.1.0/thumb/v7e-m+fp/softfp/libgcc.a(_arm_muldivdf3.o)
 .debug_aranges
                0x0000000000000b98       0x20 /usr/lib/gcc/arm-none-eabi/12.1.0/thumb/v7e-m+fp/softfp/libgcc.a(_arm_fixdfsi.o)

.debug_ranges   0x0000000000000000      0x2d0
 .debug_ranges  0x0000000000000000       0x78 Debug/mcu_mdriver.o
 .debug_ranges  0x0000000000000078       0x48 Debug/mcu_mlib.o
 .debug_ranges  0x00000000000000c0       0x38 Debug/mcu_mm.o
 .debug_ranges  0x00000000000000f8       0x48 Debug/mcu_timer.o
 .debug_ranges  0x0000000000000140       0x18 Debug/mcu.o
 .debug_ranges  0x0000000000000158       0x30 Debug/mcu_request.o
 .debug_ranges  0x0000000000000188       0x50 Debug/uart.o
 .debug_ranges  0x00000000000001d8       0x60 Debug/uart_dma.o
 .debug_ranges  0x0000000000000238       0x60 Debug/mcu_syscalls.o
 .debug_ranges  0x0000000000000298       0x18 Debug/system_stm32f4xx.o
 .debug_ranges  0x00000000000002b0       0x20 Debug/startup_stm32f411xe.o

.debug_line     0x0000000000000000     0xa3de
 .debug_line    0x0000000000000000      0x7bc Debug/mcu_mdriver.o
 .debug_line    0x00000000000007bc      0x200 Debug/mcu_mlib.o
 .debug_line    0x00000000000009bc      0x28c Debug/mcu_mm.o
 .debug_line    0x0000000000000c48      0x2e8 Debug/mcu_timer.o
 .debug_line    0x0000000000000f30       0xe4 Debug/mcu.o
 .debug_line    0x0000000000001014      0x19a Debug/mcu_request.o
 .debug_line    0x00000000000011ae      0x2dd Debug/uart.o
 .debug_line    0x000000000000148b      0x34c Debug/uart_dma.o
 .debug_line    0x00000000000017d7      0x293 Debug/mcu_syscalls.o
 .debug_line    0x0000000000001a6a      0x1a2 Debug/system_stm32f4xx.o
 .debug_line    0x0000000000001c0c       0x84 Debug/startup_stm32f411xe.o
 .debug_line    0x0000000000001c90      0x1d2 /usr/lib/gcc/arm-none-eabi/12.1.0/../../../../arm-none-eabi/lib/thumb/v7e-m+fp/softfp/libc_nano.a(lib_a-assert.o)
 .debug_line    0x0000000000001e62      0x130 /usr/lib/gcc/arm-none-eabi/12.1.0/../../../../arm-none-eabi/lib/thumb/v7e-m+fp/softfp/libc_nano.a(lib_a-errno.o)
 .debug_line    0x0000000000001f92      0x1e1 /usr/lib/gcc/arm-none-eabi/12.1.0/../../../../arm-none-eabi/lib/thumb/v7e-m+fp/softfp/libc_nano.a(lib_a-fprintf.o)
 .debug_line    0x0000000000002173      0x10e /usr/lib/gcc/arm-none-eabi/12.1.0/../../../../arm-none-eabi/lib/thumb/v7e-m+fp/softfp/libc_nano.a(lib_a-impure.o)