Archive member included to satisfy reference by file (symbol)

/usr/lib/gcc/arm-none-eabi/12.1.0/../../../../arm-none-eabi/lib/thumb/v7e-m+fp/softfp/libc_nano.a(lib_a-assert.o)
                              Debug/mcu_mdriver.o (__assert_func)
/usr/lib/gcc/arm-none-eabi/12.1.0/../../../../arm-none-eabi/lib/thumb/v7e-m+fp/softfp/libc_nano.a(lib_a-atexit.o)
                              /usr/lib/gcc/arm-none-eabi/12.1.0/../../../../arm-none-eabi/lib/thumb/v7e-m+fp/softfp/crt0.o (atexit)
/usr/lib/gcc/arm-none-eabi/12.1.0/../../../../arm-none-eabi/lib/thumb/v7e-m+fp/softfp/libc_nano.a(lib_a-errno.o)
                              Debug/mcu_mdriver.o (__errno)
/usr/lib/gcc/arm-none-eabi/12.1.0/../../../../arm-none-eabi/lib/thumb/v7e-m+fp/softfp/libc_nano.a(lib_a-exit.o)
                              /usr/lib/gcc/arm-none-eabi/12.1.0/../../../../arm-none-eabi/lib/thumb/v7e-m+fp/softfp/crt0.o (exit)
/usr/lib/gcc/arm-none-eabi/12.1.0/../../../../arm-none-eabi/lib/thumb/v7e-m+fp/softfp/libc_nano.a(lib_a-fini.o)
                              /usr/lib/gcc/arm-none-eabi/12.1.0/../../../../arm-none-eabi/lib/thumb/v7e-m+fp/softfp/crt0.o (__libc_fini_array)
/usr/lib/gcc/arm-none-eabi/12.1.0/../../../../arm-none-eabi/lib/thumb/v7e-m+fp/softfp/libc_nano.a(lib_a-fprintf.o)
                              /usr/lib/gcc/arm-none-eabi/12.1.0/../../../../arm-none-eabi/lib/thumb/v7e-m+fp/softfp/libc_nano.a(lib_a-assert.o) (fiprintf)
/usr/lib/gcc/arm-none-eabi/12.1.0/../../../../arm-none-eabi/lib/thumb/v7e-m+fp/softfp/libc_nano.a(lib_a-impure.o)
                              /usr/lib/gcc/arm-none-eabi/12.1.0/../../../../arm-none-eabi/lib/thumb/v7e-m+fp/softfp/libc_nano.a(lib_a-exit.o) (_global_impure_ptr)
/usr/lib/gcc/arm-none-eabi/12.1.0/../../../../arm-none-eabi/lib/thumb/v7e-m+fp/softfp/libc_nano.a(lib_a-init.o)
                              /usr/lib/gcc/arm-none-eabi/12.1.0/../../../../arm-none-eabi/lib/thumb/v7e-m+fp/softfp/crt0.o (__libc_init_array)
/usr/lib/gcc/arm-none-eabi/12.1.0/../../../../arm-none-eabi/lib/thumb/v7e-m+fp/softfp/libc_nano.a(lib_a-memcpy-stub.o)
                              Debug/mcu_mm.o (memcpy)
/usr/lib/gcc/arm-none-eabi/12.1.0/../../../../arm-none-eabi/lib/thumb/v7e-m+fp/softfp/libc_nano.a(lib_a-memset.o)
                              /usr/lib/gcc/arm-none-eabi/12.1.0/../../../../arm-none-eabi/lib/thumb/v7e-m+fp/softfp/crt0.o (memset)
/usr/lib/gcc/arm-none-eabi/12.1.0/../../../../arm-none-eabi/lib/thumb/v7e-m+fp/softfp/libc_nano.a(lib_a-nano-mallocr.o)
                              Debug/mcu_mlib.o (__malloc_sbrk_start)
/usr/lib/gcc/arm-none-eabi/12.1.0/../../../../arm-none-eabi/lib/thumb/v7e-m+fp/softfp/libc_nano.a(lib_a-nano-vfprintf.o)
                              /usr/lib/gcc/arm-none-eabi/12.1.0/../../../../arm-none-eabi/lib/thumb/v7e-m+fp/softfp/libc_nano.a(lib_a-fprintf.o) (_vfprintf_r)
/usr/lib/gcc/arm-none-eabi/12.1.0/../../../../arm-none-eabi/lib/thumb/v7e-m+fp/softfp/libc_nano.a(lib_a-sbrkr.o)
                              /usr/lib/gcc/arm-none-eabi/12.1.0/../../../../arm-none-eabi/lib/thumb/v7e-m+fp/softfp/libc_nano.a(lib_a-nano-mallocr.o) (_sbrk_r)
/usr/lib/gcc/arm-none-eabi/12.1.0/../../../../arm-none-eabi/lib/thumb/v7e-m+fp/softfp/libc_nano.a(lib_a-sprintf.o)
                              Debug/mcu_mdriver.o (sprintf)
/usr/lib/gcc/arm-none-eabi/12.1.0/../../../../arm-none-eabi/lib/thumb/v7e-m+fp/softfp/libc_nano.a(lib_a-sscanf.o)
                              Debug/mcu_mdriver.o (sscanf)
/usr/lib/gcc/arm-none-eabi/12.1.0/../../../../arm-none-eabi/lib/thumb/v7e-m+fp/softfp/libc_nano.a(lib_a-stdio.o)
                              /usr/lib/gcc/arm-none-eabi/12.1.0/../../../../arm-none-eabi/lib/thumb/v7e-m+fp/softfp/libc_nano.a(lib_a-sscanf.o) (__seofread)
/usr/lib/gcc/arm-none-eabi/12.1.0/../../../../arm-none-eabi/lib/thumb/v7e-m+fp/softfp/libc_nano.a(lib_a-strcat.o)
                              Debug/mcu.o (strcat)
/usr/lib/gcc/arm-none-eabi/12.1.0/../../../../arm-none-eabi/lib/thumb/v7e-m+fp/softfp/libc_nano.a(lib_a-strerror.o)
                              Debug/mcu_mdriver.o (strerror)
/usr/lib/gcc/arm-none-eabi/12.1.0/../../../../arm-none-eabi/lib/thumb/v7e-m+fp/softfp/libc_nano.a(lib_a-strlen.o)
                              Debug/mcu.o (strlen)
/usr/lib/gcc/arm-none-eabi/12.1.0/../../../../arm-none-eabi/lib/thumb/v7e-m+fp/softfp/libc_nano.a(lib_a-u_strerr.o)
                              /usr/lib/gcc/arm-none-eabi/12.1.0/../../../../arm-none-eabi/lib/thumb/v7e-m+fp/softfp/libc_nano.a(lib_a-strerror.o) (_user_strerror)
/usr/lib/gcc/arm-none-eabi/12.1.0/../../../../arm-none-eabi/lib/thumb/v7e-m+fp/softfp/libc_nano.a(lib_a-wbuf.o)
                              /usr/lib/gcc/arm-none-eabi/12.1.0/../../../../arm-none-eabi/lib/thumb/v7e-m+fp/softfp/libc_nano.a(lib_a-nano-vfprintf.o) (__swbuf_r)
/usr/lib/gcc/arm-none-eabi/12.1.0/../../../../arm-none-eabi/lib/thumb/v7e-m+fp/softfp/libc_nano.a(lib_a-writer.o)
[...]
Memory Configuration

Name             Origin             Length             Attributes
RAM              0x0000000020000000 0x0000000000020000 xrw
FLASH            0x0000000008000000 0x0000000000080000 xr
*default*        0x0000000000000000 0xffffffffffffffff

Linker script and memory map

LOAD /usr/lib/gcc/arm-none-eabi/12.1.0/thumb/v7e-m+fp/softfp/crti.o
LOAD /usr/lib/gcc/arm-none-eabi/12.1.0/thumb/v7e-m+fp/softfp/crtbegin.o
LOAD /usr/lib/gcc/arm-none-eabi/12.1.0/../../../../arm-none-eabi/lib/thumb/v7e-m+fp/softfp/crt0.o
LOAD Debug/mcu_mdriver.o
LOAD Debug/mcu_mlib.o
LOAD Debug/mcu_mm.o
LOAD Debug/mcu_timer.o
LOAD Debug/mcu.o
LOAD Debug/mcu_request.o
LOAD Debug/uart.o
LOAD Debug/uart_dma.o
LOAD Debug/system_stm32f4xx.o
LOAD Debug/startup_stm32f411xe.o
LOAD /usr/lib/gcc/arm-none-eabi/12.1.0/../../../../arm-none-eabi/lib/thumb/v7e-m+fp/softfp/libc_nano.a
START GROUP
LOAD /usr/lib/gcc/arm-none-eabi/12.1.0/thumb/v7e-m+fp/softfp/libgcc.a
LOAD /usr/lib/gcc/arm-none-eabi/12.1.0/../../../../arm-none-eabi/lib/thumb/v7e-m+fp/softfp/libc_nano.a
END GROUP
START GROUP
LOAD /usr/lib/gcc/arm-none-eabi/12.1.0/thumb/v7e-m+fp/softfp/libgcc.a
LOAD /usr/lib/gcc/arm-none-eabi/12.1.0/../../../../arm-none-eabi/lib/thumb/v7e-m+fp/softfp/libc_nano.a
LOAD /usr/lib/gcc/arm-none-eabi/12.1.0/../../../../arm-none-eabi/lib/thumb/v7e-m+fp/softfp/libnosys.a
END GROUP
START GROUP
LOAD /usr/lib/gcc/arm-none-eabi/12.1.0/thumb/v7e-m+fp/softfp/libgcc.a
LOAD /usr/lib/gcc/arm-none-eabi/12.1.0/../../../../arm-none-eabi/lib/thumb/v7e-m+fp/softfp/libc_nano.a
LOAD /usr/lib/gcc/arm-none-eabi/12.1.0/../../../../arm-none-eabi/lib/thumb/v7e-m+fp/softfp/libnosys.a
END GROUP
LOAD /usr/lib/gcc/arm-none-eabi/12.1.0/thumb/v7e-m+fp/softfp/crtend.o
LOAD /usr/lib/gcc/arm-none-eabi/12.1.0/thumb/v7e-m+fp/softfp/crtn.o
                0x0000000020020000                _estack = (ORIGIN (RAM) + LENGTH (RAM))
                0x0000000000000200                _Min_Heap_Size = 0x200
                0x0000000000000400                _Min_Stack_Size = 0x400

.isr_vector     0x0000000008000000      0x198
                0x0000000008000000                . = ALIGN (0x4)
 *(.isr_vector)
 .isr_vector    0x0000000008000000      0x198 Debug/startup_stm32f411xe.o
                0x0000000008000000                g_pfnVectors
                0x0000000008000198                . = ALIGN (0x4)

.text           0x00000000080001a0     0x4700
                0x00000000080001a0                . = ALIGN (0x4)
 *(.text)
 .text          0x00000000080001a0       0x10 /usr/lib/gcc/arm-none-eabi/12.1.0/../../../../arm-none-eabi/lib/thumb/v7e-m+fp/softfp/libc_nano.a(lib_a-strlen.o)
                0x00000000080001a0                strlen
 .text          0x00000000080001b0       0xa0 /usr/lib/gcc/arm-none-eabi/12.1.0/../../../../arm-none-eabi/lib/thumb/v7e-m+fp/softfp/libc_nano.a(lib_a-memchr.o)
                0x00000000080001b0                memchr
 .text          0x0000000008000250      0x378 /usr/lib/gcc/arm-none-eabi/12.1.0/thumb/v7e-m+fp/softfp/libgcc.a(_arm_addsubdf3.o)
                0x0000000008000250                __aeabi_drsub
                0x0000000008000258                __aeabi_dsub
                0x0000000008000258                __subdf3
                0x000000000800025c                __adddf3
                0x000000000800025c                __aeabi_dadd
                0x00000000080004d4                __aeabi_ui2d
                0x00000000080004d4                __floatunsidf
                0x00000000080004f4                __floatsidf
                0x00000000080004f4                __aeabi_i2d
                0x0000000008000518                __extendsfdf2
                0x0000000008000518                __aeabi_f2d
                0x000000000800055c                __aeabi_ul2d
                0x000000000800055c                __floatundidf
                0x000000000800056c                __floatdidf
                0x000000000800056c                __aeabi_l2d
 .text          0x00000000080005c8      0x424 /usr/lib/gcc/arm-none-eabi/12.1.0/thumb/v7e-m+fp/softfp/libgcc.a(_arm_muldivdf3.o)
                0x00000000080005c8                __aeabi_dmul
                0x00000000080005c8                __muldf3
                0x000000000800081c                __aeabi_ddiv
                0x000000000800081c                __divdf3
 .text          0x00000000080009ec       0x50 /usr/lib/gcc/arm-none-eabi/12.1.0/thumb/v7e-m+fp/softfp/libgcc.a(_arm_fixdfsi.o)
                0x00000000080009ec                __fixdfsi
                0x00000000080009ec                __aeabi_d2iz
 *(.text*)
 .text.__do_global_dtors_aux
                0x0000000008000a3c       0x24 /usr/lib/gcc/arm-none-eabi/12.1.0/thumb/v7e-m+fp/softfp/crtbegin.o
 .text.frame_dummy
                0x0000000008000a60       0x1c /usr/lib/gcc/arm-none-eabi/12.1.0/thumb/v7e-m+fp/softfp/crtbegin.o
 .text.stack_test
                0x0000000008000a7c       0x2e Debug/mcu_mdriver.o
 .text.heap_test
                0x0000000008000aaa       0x1a Debug/mcu_mdriver.o
 .text.main     0x0000000008000ac4      0x24c Debug/mcu_mdriver.o
                0x0000000008000ac4                main
 .text.add_range
                0x0000000008000d10      0x170 Debug/mcu_mdriver.o
 .text.remove_range
                0x0000000008000e80       0x4a Debug/mcu_mdriver.o
 .text.clear_ranges
                0x0000000008000eca       0x32 Debug/mcu_mdriver.o
 .text.read_trace
                0x0000000008000efc      0x46c Debug/mcu_mdriver.o
 .text.free_trace
                0x0000000008001368       0x32 Debug/mcu_mdriver.o
 *fill*         0x000000000800139a        0x2 
 .text.eval_mm_valid
                0x000000000800139c      0x210 Debug/mcu_mdriver.o
 .text.eval_mm_util
                0x00000000080015ac      0x1e4 Debug/mcu_mdriver.o
 .text.printresults
                0x0000000008001790      0x268 Debug/mcu_mdriver.o
 .text.app_error
                0x00000000080019f8       0x2c Debug/mcu_mdriver.o
 .text.unix_error
                0x0000000008001a24       0x3c Debug/mcu_mdriver.o
 .text.malloc_error
                0x0000000008001a60       0x48 Debug/mcu_mdriver.o
 .text.mem_init
                0x0000000008001aa8       0x50 Debug/mcu_mlib.o
                0x0000000008001aa8                mem_init
 .text.mem_sbrk
                0x0000000008001af8       0x8c Debug/mcu_mlib.o
                0x0000000008001af8                mem_sbrk
 .text.mem_heap_lo
                0x0000000008001b84        0xc Debug/mcu_mlib.o
                0x0000000008001b84                mem_heap_lo
 .text.mem_heap_hi
                0x0000000008001b90       0x10 Debug/mcu_mlib.o
                0x0000000008001b90                mem_heap_hi
 .text.mem_heapsize
                0x0000000008001ba0       0x18 Debug/mcu_mlib.o
                0x0000000008001ba0                mem_heapsize
 .text.extend_heap
                0x0000000008001bb8       0x3c Debug/mcu_mm.o
 .text.mm_init  0x0000000008001bf4       0x5c Debug/mcu_mm.o
                0x0000000008001bf4                mm_init
 .text.mm_malloc
                0x0000000008001c50       0xb8 Debug/mcu_mm.o
                0x0000000008001c50                mm_malloc
 .text.mm_free  0x0000000008001d08       0x30 Debug/mcu_mm.o
                0x0000000008001d08                mm_free
 .text.mm_realloc
                0x0000000008001d38       0x8c Debug/mcu_mm.o
                0x0000000008001d38                mm_realloc
 .text.mm_finish
                0x0000000008001dc4       0x2c Debug/mcu_mm.o
                0x0000000008001dc4                mm_finish
 .text.__NVIC_EnableIRQ
                0x0000000008001df0       0x34 Debug/mcu_timer.o
 .text.__NVIC_SetPriority
                0x0000000008001e24       0x50 Debug/mcu_timer.o
 .text.HardFault_Handler
                0x0000000008001e74       0x48 Debug/mcu_timer.o
                0x0000000008001e74                HardFault_Handler
 .text.WWDG_IRQHandler
                0x0000000008001ebc       0x48 Debug/mcu_timer.o
                0x0000000008001ebc                WWDG_IRQHandler
 .text.TIM2_IRQHandler
                0x0000000008001f04       0x6c Debug/mcu_timer.o
                0x0000000008001f04                TIM2_IRQHandler
 .text.get_time
                0x0000000008001f70        0xc Debug/mcu_timer.o
                0x0000000008001f70                get_time
 .text.wwdg_init
                0x0000000008001f7c       0x4c Debug/mcu_timer.o
                0x0000000008001f7c                wwdg_init
 .text.timer_init
                0x0000000008001fc8       0x60 Debug/mcu_timer.o
                0x0000000008001fc8                timer_init
 .text.loop     0x0000000008002028        0xc Debug/mcu.o
                0x0000000008002028                loop
 .text.var_print
                0x0000000008002034       0x34 Debug/mcu.o
                0x0000000008002034                var_print
 .text.send     0x0000000008002068       0x2c Debug/mcu_request.o
 .text.receive  0x0000000008002094       0x20 Debug/mcu_request.o
 .text.mem_req_setup
                0x00000000080020b4       0x12 Debug/mcu_request.o
                0x00000000080020b4                mem_req_setup
 .text.req_send
                0x00000000080020c6       0x22 Debug/mcu_request.o
                0x00000000080020c6                req_send
 .text.req_receive
                0x00000000080020e8       0x22 Debug/mcu_request.o
                0x00000000080020e8                req_receive
 *fill*         0x000000000800210a        0x2 
 .text.uart_pin_setup
                0x000000000800210c       0x54 Debug/uart.o
 .text.led_on   0x0000000008002160       0x28 Debug/uart.o
                0x0000000008002160                led_on
 .text.led_off  0x0000000008002188       0x28 Debug/uart.o
                0x0000000008002188                led_off
 .text.led_init
                0x00000000080021b0       0x3c Debug/uart.o
                0x00000000080021b0                led_init
 .text.uart_enable
                0x00000000080021ec       0x54 Debug/uart.o
 .text.uart_init
                0x0000000008002240       0x12 Debug/uart.o
                0x0000000008002240                uart_init
 *fill*         0x0000000008002252        0x2 
 .text.__NVIC_EnableIRQ
                0x0000000008002254       0x34 Debug/uart_dma.o
 .text.__NVIC_SetPriority
                0x0000000008002288       0x50 Debug/uart_dma.o
 .text.uart_tx_setup
                0x00000000080022d8       0x58 Debug/uart_dma.o
 .text.uart_rx_setup
                0x0000000008002330       0x68 Debug/uart_dma.o
 .text.uart_tx_start
                0x0000000008002398       0x58 Debug/uart_dma.o
                0x0000000008002398                uart_tx_start
 .text.uart_tx_wait
                0x00000000080023f0       0x14 Debug/uart_dma.o
                0x00000000080023f0                uart_tx_wait
 .text.uart_rx_start
                0x0000000008002404       0x58 Debug/uart_dma.o
                0x0000000008002404                uart_rx_start
 .text.uart_rx_wait
                0x000000000800245c       0x14 Debug/uart_dma.o
                0x000000000800245c                uart_rx_wait
 .text.DMA1_Stream5_IRQHandler
                0x0000000008002470       0x3c Debug/uart_dma.o
                0x0000000008002470                DMA1_Stream5_IRQHandler
 .text.DMA1_Stream6_IRQHandler
                0x00000000080024ac       0x2c Debug/uart_dma.o
                0x00000000080024ac                DMA1_Stream6_IRQHandler
 .text.uart_dma_init
                0x00000000080024d8       0x3c Debug/uart_dma.o
                0x00000000080024d8                uart_dma_init
 .text.SystemInit
                0x0000000008002514       0x5c Debug/system_stm32f4xx.o
                0x0000000008002514                SystemInit
 .text.set_sysclk_to_100
                0x0000000008002570       0xc4 Debug/system_stm32f4xx.o
                0x0000000008002570                set_sysclk_to_100
 .text.Reset_Handler
                0x0000000008002634       0x50 Debug/startup_stm32f411xe.o
                0x0000000008002634                Reset_Handler
 .text.Default_Handler
                0x0000000008002684        0x2 Debug/startup_stm32f411xe.o
                0x0000000008002684                RTC_Alarm_IRQHandler
                0x0000000008002684                EXTI2_IRQHandler
                0x0000000008002684                DebugMon_Handler
                0x0000000008002684                SPI4_IRQHandler
                0x0000000008002684                TIM1_CC_IRQHandler
                0x0000000008002684                DMA2_Stream5_IRQHandler
                0x0000000008002684                SysTick_Handler
                0x0000000008002684                PVD_IRQHandler
                0x0000000008002684                SDIO_IRQHandler
                0x0000000008002684                TAMP_STAMP_IRQHandler
                0x0000000008002684                PendSV_Handler
                0x0000000008002684                NMI_Handler
                0x0000000008002684                EXTI3_IRQHandler
                0x0000000008002684                TIM1_UP_TIM10_IRQHandler
                0x0000000008002684                I2C3_ER_IRQHandler
                0x0000000008002684                EXTI0_IRQHandler
                0x0000000008002684                I2C2_EV_IRQHandler
                0x0000000008002684                DMA1_Stream2_IRQHandler
                0x0000000008002684                FPU_IRQHandler
                0x0000000008002684                UsageFault_Handler
                0x0000000008002684                DMA2_Stream2_IRQHandler
                0x0000000008002684                SPI1_IRQHandler
                0x0000000008002684                TIM1_BRK_TIM9_IRQHandler
                0x0000000008002684                DMA2_Stream3_IRQHandler
                0x0000000008002684                USART6_IRQHandler
                0x0000000008002684                DMA2_Stream0_IRQHandler
                0x0000000008002684                TIM4_IRQHandler
                0x0000000008002684                I2C1_EV_IRQHandler
                0x0000000008002684                DMA1_Stream1_IRQHandler
                0x0000000008002684                TIM3_IRQHandler
                0x0000000008002684                RCC_IRQHandler
                0x0000000008002684                Default_Handler
                0x0000000008002684                EXTI15_10_IRQHandler
                0x0000000008002684                ADC_IRQHandler
                0x0000000008002684                DMA1_Stream7_IRQHandler
                0x0000000008002684                SPI5_IRQHandler
                0x0000000008002684                TIM5_IRQHandler
                0x0000000008002684                DMA2_Stream7_IRQHandler
                0x0000000008002684                I2C3_EV_IRQHandler
                0x0000000008002684                EXTI9_5_IRQHandler
                0x0000000008002684                RTC_WKUP_IRQHandler
                0x0000000008002684                SPI2_IRQHandler
                0x0000000008002684                MemManage_Handler
                0x0000000008002684                DMA1_Stream0_IRQHandler
                0x0000000008002684                SVC_Handler
                0x0000000008002684                EXTI4_IRQHandler
                0x0000000008002684                OTG_FS_WKUP_IRQHandler
                0x0000000008002684                TIM1_TRG_COM_TIM11_IRQHandler
                0x0000000008002684                EXTI1_IRQHandler
                0x0000000008002684                USART2_IRQHandler
                0x0000000008002684                I2C2_ER_IRQHandler
                0x0000000008002684                DMA2_Stream1_IRQHandler
                0x0000000008002684                FLASH_IRQHandler
                0x0000000008002684                DMA2_Stream4_IRQHandler
                0x0000000008002684                BusFault_Handler
                0x0000000008002684                USART1_IRQHandler
                0x0000000008002684                OTG_FS_IRQHandler
                0x0000000008002684                SPI3_IRQHandler
                0x0000000008002684                DMA1_Stream4_IRQHandler
                0x0000000008002684                I2C1_ER_IRQHandler
                0x0000000008002684                DMA2_Stream6_IRQHandler
                0x0000000008002684                DMA1_Stream3_IRQHandler
 *fill*         0x0000000008002686        0x2 
 .text.__assert_func
                0x0000000008002688       0x3c /usr/lib/gcc/arm-none-eabi/12.1.0/../../../../arm-none-eabi/lib/thumb/v7e-m+fp/softfp/libc_nano.a(lib_a-assert.o)
                0x0000000008002688                __assert_func
 .text.__errno  0x00000000080026c4        0xc /usr/lib/gcc/arm-none-eabi/12.1.0/../../../../arm-none-eabi/lib/thumb/v7e-m+fp/softfp/libc_nano.a(lib_a-errno.o)
                0x00000000080026c4                __errno
 .text.fprintf  0x00000000080026d0       0x24 /usr/lib/gcc/arm-none-eabi/12.1.0/../../../../arm-none-eabi/lib/thumb/v7e-m+fp/softfp/libc_nano.a(lib_a-fprintf.o)
                0x00000000080026d0                fprintf
                0x00000000080026d0                fiprintf
 .text.__libc_init_array
                0x00000000080026f4       0x48 /usr/lib/gcc/arm-none-eabi/12.1.0/../../../../arm-none-eabi/lib/thumb/v7e-m+fp/softfp/libc_nano.a(lib_a-init.o)
                0x00000000080026f4                __libc_init_array
 .text.memcpy   0x000000000800273c       0x1c /usr/lib/gcc/arm-none-eabi/12.1.0/../../../../arm-none-eabi/lib/thumb/v7e-m+fp/softfp/libc_nano.a(lib_a-memcpy-stub.o)
                0x000000000800273c                memcpy
 .text.memset   0x0000000008002758       0x10 /usr/lib/gcc/arm-none-eabi/12.1.0/../../../../arm-none-eabi/lib/thumb/v7e-m+fp/softfp/libc_nano.a(lib_a-memset.o)
                0x0000000008002758                memset
 .text.sbrk_aligned
                0x0000000008002768       0x40 /usr/lib/gcc/arm-none-eabi/12.1.0/../../../../arm-none-eabi/lib/thumb/v7e-m+fp/softfp/libc_nano.a(lib_a-nano-mallocr.o)
 .text._malloc_r
                0x00000000080027a8       0xe8 /usr/lib/gcc/arm-none-eabi/12.1.0/../../../../arm-none-eabi/lib/thumb/v7e-m+fp/softfp/libc_nano.a(lib_a-nano-mallocr.o)
                0x00000000080027a8                _malloc_r
 .text.__sfputc_r
                0x0000000008002890       0x2e /usr/lib/gcc/arm-none-eabi/12.1.0/../../../../arm-none-eabi/lib/thumb/v7e-m+fp/softfp/libc_nano.a(lib_a-nano-vfprintf.o)
 .text.__sfputs_r
                0x00000000080028be       0x24 /usr/lib/gcc/arm-none-eabi/12.1.0/../../../../arm-none-eabi/lib/thumb/v7e-m+fp/softfp/libc_nano.a(lib_a-nano-vfprintf.o)
                0x00000000080028be                __sfputs_r
 *fill*         0x00000000080028e2        0x2 
 .text._vfprintf_r
                0x00000000080028e4      0x25c /usr/lib/gcc/arm-none-eabi/12.1.0/../../../../arm-none-eabi/lib/thumb/v7e-m+fp/softfp/libc_nano.a(lib_a-nano-vfprintf.o)
                0x00000000080028e4                _vfiprintf_r
                0x00000000080028e4                _vfprintf_r
 .text._sbrk_r  0x0000000008002b40       0x20 /usr/lib/gcc/arm-none-eabi/12.1.0/../../../../arm-none-eabi/lib/thumb/v7e-m+fp/softfp/libc_nano.a(lib_a-sbrkr.o)
                0x0000000008002b40                _sbrk_r
 .text.sprintf  0x0000000008002b60       0x40 /usr/lib/gcc/arm-none-eabi/12.1.0/../../../../arm-none-eabi/lib/thumb/v7e-m+fp/softfp/libc_nano.a(lib_a-sprintf.o)
                0x0000000008002b60                sprintf
                0x0000000008002b60                siprintf
 .text.sscanf   0x0000000008002ba0       0x58 /usr/lib/gcc/arm-none-eabi/12.1.0/../../../../arm-none-eabi/lib/thumb/v7e-m+fp/softfp/libc_nano.a(lib_a-sscanf.o)
                0x0000000008002ba0                sscanf
                0x0000000008002ba0                siscanf
 .text.__sread  0x0000000008002bf8       0x22 /usr/lib/gcc/arm-none-eabi/12.1.0/../../../../arm-none-eabi/lib/thumb/v7e-m+fp/softfp/libc_nano.a(lib_a-stdio.o)
                0x0000000008002bf8                __sread
 .text.__seofread
                0x0000000008002c1a        0x4 /usr/lib/gcc/arm-none-eabi/12.1.0/../../../../arm-none-eabi/lib/thumb/v7e-m+fp/softfp/libc_nano.a(lib_a-stdio.o)
                0x0000000008002c1a                __seofread
 .text.__swrite
                0x0000000008002c1e       0x38 /usr/lib/gcc/arm-none-eabi/12.1.0/../../../../arm-none-eabi/lib/thumb/v7e-m+fp/softfp/libc_nano.a(lib_a-stdio.o)
                0x0000000008002c1e                __swrite
 .text.__sseek  0x0000000008002c56       0x24 /usr/lib/gcc/arm-none-eabi/12.1.0/../../../../arm-none-eabi/lib/thumb/v7e-m+fp/softfp/libc_nano.a(lib_a-stdio.o)
                0x0000000008002c56                __sseek
 .text.__sclose
                0x0000000008002c7a        0x8 /usr/lib/gcc/arm-none-eabi/12.1.0/../../../../arm-none-eabi/lib/thumb/v7e-m+fp/softfp/libc_nano.a(lib_a-stdio.o)
                0x0000000008002c7a                __sclose
 .text.strcat   0x0000000008002c82       0x1e /usr/lib/gcc/arm-none-eabi/12.1.0/../../../../arm-none-eabi/lib/thumb/v7e-m+fp/softfp/libc_nano.a(lib_a-strcat.o)
                0x0000000008002c82                strcat
 .text._strerror_r
                0x0000000008002ca0      0x3cc /usr/lib/gcc/arm-none-eabi/12.1.0/../../../../arm-none-eabi/lib/thumb/v7e-m+fp/softfp/libc_nano.a(lib_a-strerror.o)
                0x0000000008002ca0                _strerror_r
 .text.strerror
                0x000000000800306c       0x14 /usr/lib/gcc/arm-none-eabi/12.1.0/../../../../arm-none-eabi/lib/thumb/v7e-m+fp/softfp/libc_nano.a(lib_a-strerror.o)
                0x000000000800306c                strerror
 .text._user_strerror
                0x0000000008003080        0x4 /usr/lib/gcc/arm-none-eabi/12.1.0/../../../../arm-none-eabi/lib/thumb/v7e-m+fp/softfp/libc_nano.a(lib_a-u_strerr.o)
                0x0000000008003080                _user_strerror
 .text.__swbuf_r
                0x0000000008003084       0xa4 /usr/lib/gcc/arm-none-eabi/12.1.0/../../../../arm-none-eabi/lib/thumb/v7e-m+fp/softfp/libc_nano.a(lib_a-wbuf.o)
                0x0000000008003084                __swbuf_r
 .text._write_r
                0x0000000008003128       0x24 /usr/lib/gcc/arm-none-eabi/12.1.0/../../../../arm-none-eabi/lib/thumb/v7e-m+fp/softfp/libc_nano.a(lib_a-writer.o)
                0x0000000008003128                _write_r
 .text.__swsetup_r
                0x000000000800314c       0xdc /usr/lib/gcc/arm-none-eabi/12.1.0/../../../../arm-none-eabi/lib/thumb/v7e-m+fp/softfp/libc_nano.a(lib_a-wsetup.o)
                0x000000000800314c                __swsetup_r
 .text.abort    0x0000000008003228        0xe /usr/lib/gcc/arm-none-eabi/12.1.0/../../../../arm-none-eabi/lib/thumb/v7e-m+fp/softfp/libc_nano.a(lib_a-abort.o)
                0x0000000008003228                abort
 *fill*         0x0000000008003236        0x2 
 .text._close_r
                0x0000000008003238       0x20 /usr/lib/gcc/arm-none-eabi/12.1.0/../../../../arm-none-eabi/lib/thumb/v7e-m+fp/softfp/libc_nano.a(lib_a-closer.o)
                0x0000000008003238                _close_r
 .text.__sflush_r
                0x0000000008003258      0x10c /usr/lib/gcc/arm-none-eabi/12.1.0/../../../../arm-none-eabi/lib/thumb/v7e-m+fp/softfp/libc_nano.a(lib_a-fflush.o)
                0x0000000008003258                __sflush_r
 .text._fflush_r
                0x0000000008003364       0x78 /usr/lib/gcc/arm-none-eabi/12.1.0/../../../../arm-none-eabi/lib/thumb/v7e-m+fp/softfp/libc_nano.a(lib_a-fflush.o)
                0x0000000008003364                _fflush_r
 .text.std      0x00000000080033dc       0x48 /usr/lib/gcc/arm-none-eabi/12.1.0/../../../../arm-none-eabi/lib/thumb/v7e-m+fp/softfp/libc_nano.a(lib_a-findfp.o)
 .text._cleanup_r
                0x0000000008003424        0xc /usr/lib/gcc/arm-none-eabi/12.1.0/../../../../arm-none-eabi/lib/thumb/v7e-m+fp/softfp/libc_nano.a(lib_a-findfp.o)
                0x0000000008003424                _cleanup_r
 .text.__sfmoreglue
                0x0000000008003430       0x2c /usr/lib/gcc/arm-none-eabi/12.1.0/../../../../arm-none-eabi/lib/thumb/v7e-m+fp/softfp/libc_nano.a(lib_a-findfp.o)
                0x0000000008003430                __sfmoreglue
 .text.__sfp_lock_acquire
                0x000000000800345c        0xc /usr/lib/gcc/arm-none-eabi/12.1.0/../../../../arm-none-eabi/lib/thumb/v7e-m+fp/softfp/libc_nano.a(lib_a-findfp.o)
                0x000000000800345c                __sfp_lock_acquire
 .text.__sfp_lock_release
                0x0000000008003468        0xc /usr/lib/gcc/arm-none-eabi/12.1.0/../../../../arm-none-eabi/lib/thumb/v7e-m+fp/softfp/libc_nano.a(lib_a-findfp.o)
                0x0000000008003468                __sfp_lock_release
 .text.__sinit_lock_acquire
                0x0000000008003474        0xc /usr/lib/gcc/arm-none-eabi/12.1.0/../../../../arm-none-eabi/lib/thumb/v7e-m+fp/softfp/libc_nano.a(lib_a-findfp.o)
                0x0000000008003474                __sinit_lock_acquire
 .text.__sinit_lock_release
                0x0000000008003480        0xc /usr/lib/gcc/arm-none-eabi/12.1.0/../../../../arm-none-eabi/lib/thumb/v7e-m+fp/softfp/libc_nano.a(lib_a-findfp.o)
                0x0000000008003480                __sinit_lock_release
 .text.__sinit  0x000000000800348c       0x70 /usr/lib/gcc/arm-none-eabi/12.1.0/../../../../arm-none-eabi/lib/thumb/v7e-m+fp/softfp/libc_nano.a(lib_a-findfp.o)
                0x000000000800348c                __sinit
 .text.__sfp    0x00000000080034fc       0x8c /usr/lib/gcc/arm-none-eabi/12.1.0/../../../../arm-none-eabi/lib/thumb/v7e-m+fp/softfp/libc_nano.a(lib_a-findfp.o)
                0x00000000080034fc                __sfp
 .text._fwalk_reent
                0x0000000008003588       0x3e /usr/lib/gcc/arm-none-eabi/12.1.0/../../../../arm-none-eabi/lib/thumb/v7e-m+fp/softfp/libc_nano.a(lib_a-fwalk.o)
                0x0000000008003588                _fwalk_reent
 .text.__retarget_lock_init_recursive
                0x00000000080035c6        0x2 /usr/lib/gcc/arm-none-eabi/12.1.0/../../../../arm-none-eabi/lib/thumb/v7e-m+fp/softfp/libc_nano.a(lib_a-lock.o)
                0x00000000080035c6                __retarget_lock_init_recursive
 .text.__retarget_lock_acquire_recursive
                0x00000000080035c8        0x2 /usr/lib/gcc/arm-none-eabi/12.1.0/../../../../arm-none-eabi/lib/thumb/v7e-m+fp/softfp/libc_nano.a(lib_a-lock.o)
                0x00000000080035c8                __retarget_lock_acquire_recursive
 .text.__retarget_lock_release_recursive
                0x00000000080035ca        0x2 /usr/lib/gcc/arm-none-eabi/12.1.0/../../../../arm-none-eabi/lib/thumb/v7e-m+fp/softfp/libc_nano.a(lib_a-lock.o)
                0x00000000080035ca                __retarget_lock_release_recursive
 .text._lseek_r
                0x00000000080035cc       0x24 /usr/lib/gcc/arm-none-eabi/12.1.0/../../../../arm-none-eabi/lib/thumb/v7e-m+fp/softfp/libc_nano.a(lib_a-lseekr.o)
                0x00000000080035cc                _lseek_r
 .text.__swhatbuf_r
                0x00000000080035f0       0x4c /usr/lib/gcc/arm-none-eabi/12.1.0/../../../../arm-none-eabi/lib/thumb/v7e-m+fp/softfp/libc_nano.a(lib_a-makebuf.o)
                0x00000000080035f0                __swhatbuf_r
 .text.__smakebuf_r
                0x000000000800363c       0x80 /usr/lib/gcc/arm-none-eabi/12.1.0/../../../../arm-none-eabi/lib/thumb/v7e-m+fp/softfp/libc_nano.a(lib_a-makebuf.o)
                0x000000000800363c                __smakebuf_r
 .text.memmove  0x00000000080036bc       0x34 /usr/lib/gcc/arm-none-eabi/12.1.0/../../../../arm-none-eabi/lib/thumb/v7e-m+fp/softfp/libc_nano.a(lib_a-memmove.o)
                0x00000000080036bc                memmove
 .text.__malloc_lock
                0x00000000080036f0        0xc /usr/lib/gcc/arm-none-eabi/12.1.0/../../../../arm-none-eabi/lib/thumb/v7e-m+fp/softfp/libc_nano.a(lib_a-mlock.o)
                0x00000000080036f0                __malloc_lock
 .text.__malloc_unlock
                0x00000000080036fc        0xc /usr/lib/gcc/arm-none-eabi/12.1.0/../../../../arm-none-eabi/lib/thumb/v7e-m+fp/softfp/libc_nano.a(lib_a-mlock.o)
                0x00000000080036fc                __malloc_unlock
 .text._free_r  0x0000000008003708       0x98 /usr/lib/gcc/arm-none-eabi/12.1.0/../../../../arm-none-eabi/lib/thumb/v7e-m+fp/softfp/libc_nano.a(lib_a-nano-freer.o)
                0x0000000008003708                _free_r
 .text._realloc_r
                0x00000000080037a0       0x5e /usr/lib/gcc/arm-none-eabi/12.1.0/../../../../arm-none-eabi/lib/thumb/v7e-m+fp/softfp/libc_nano.a(lib_a-nano-reallocr.o)
                0x00000000080037a0                _realloc_r
 .text.__ssputs_r
                0x00000000080037fe       0xb4 /usr/lib/gcc/arm-none-eabi/12.1.0/../../../../arm-none-eabi/lib/thumb/v7e-m+fp/softfp/libc_nano.a(lib_a-nano-svfprintf.o)
                0x00000000080037fe                __ssputs_r
 *fill*         0x00000000080038b2        0x2 
 .text._svfprintf_r
                0x00000000080038b4      0x1fc /usr/lib/gcc/arm-none-eabi/12.1.0/../../../../arm-none-eabi/lib/thumb/v7e-m+fp/softfp/libc_nano.a(lib_a-nano-svfprintf.o)
                0x00000000080038b4                _svfprintf_r
                0x00000000080038b4                _svfiprintf_r
 .text._sungetc_r
                0x0000000008003ab0       0x7a /usr/lib/gcc/arm-none-eabi/12.1.0/../../../../arm-none-eabi/lib/thumb/v7e-m+fp/softfp/libc_nano.a(lib_a-nano-svfscanf.o)
                0x0000000008003ab0                _sungetc_r
 .text.__ssrefill_r
                0x0000000008003b2a       0x3a /usr/lib/gcc/arm-none-eabi/12.1.0/../../../../arm-none-eabi/lib/thumb/v7e-m+fp/softfp/libc_nano.a(lib_a-nano-svfscanf.o)
                0x0000000008003b2a                __ssrefill_r
 .text.__ssvfscanf_r
                0x0000000008003b64      0x2f0 /usr/lib/gcc/arm-none-eabi/12.1.0/../../../../arm-none-eabi/lib/thumb/v7e-m+fp/softfp/libc_nano.a(lib_a-nano-svfscanf.o)
                0x0000000008003b64                __ssvfscanf_r
                0x0000000008003b64                __ssvfiscanf_r
 .text._printf_common
                0x0000000008003e54       0xda /usr/lib/gcc/arm-none-eabi/12.1.0/../../../../arm-none-eabi/lib/thumb/v7e-m+fp/softfp/libc_nano.a(lib_a-nano-vfprintf_i.o)
                0x0000000008003e54                _printf_common
 *fill*         0x0000000008003f2e        0x2 
 .text._printf_i
                0x0000000008003f30      0x244 /usr/lib/gcc/arm-none-eabi/12.1.0/../../../../arm-none-eabi/lib/thumb/v7e-m+fp/softfp/libc_nano.a(lib_a-nano-vfprintf_i.o)
                0x0000000008003f30                _printf_i
 .text._scanf_chars
                0x0000000008004174       0xb4 /usr/lib/gcc/arm-none-eabi/12.1.0/../../../../arm-none-eabi/lib/thumb/v7e-m+fp/softfp/libc_nano.a(lib_a-nano-vfscanf_i.o)
                0x0000000008004174                _scanf_chars
 .text._scanf_i
                0x0000000008004228      0x1e8 /usr/lib/gcc/arm-none-eabi/12.1.0/../../../../arm-none-eabi/lib/thumb/v7e-m+fp/softfp/libc_nano.a(lib_a-nano-vfscanf_i.o)
                0x0000000008004228                _scanf_i
 .text._read_r  0x0000000008004410       0x24 /usr/lib/gcc/arm-none-eabi/12.1.0/../../../../arm-none-eabi/lib/thumb/v7e-m+fp/softfp/libc_nano.a(lib_a-readr.o)
                0x0000000008004410                _read_r
 .text.__sccl   0x0000000008004434       0x72 /usr/lib/gcc/arm-none-eabi/12.1.0/../../../../arm-none-eabi/lib/thumb/v7e-m+fp/softfp/libc_nano.a(lib_a-sccl.o)
                0x0000000008004434                __sccl
 .text._raise_r
                0x00000000080044a6       0x50 /usr/lib/gcc/arm-none-eabi/12.1.0/../../../../arm-none-eabi/lib/thumb/v7e-m+fp/softfp/libc_nano.a(lib_a-signal.o)
                0x00000000080044a6                _raise_r
 *fill*         0x00000000080044f6        0x2 
 .text.raise    0x00000000080044f8       0x10 /usr/lib/gcc/arm-none-eabi/12.1.0/../../../../arm-none-eabi/lib/thumb/v7e-m+fp/softfp/libc_nano.a(lib_a-signal.o)
                0x00000000080044f8                raise
 .text._kill_r  0x0000000008004508       0x24 /usr/lib/gcc/arm-none-eabi/12.1.0/../../../../arm-none-eabi/lib/thumb/v7e-m+fp/softfp/libc_nano.a(lib_a-signalr.o)
                0x0000000008004508                _kill_r
 .text._getpid_r
                0x000000000800452c        0x4 /usr/lib/gcc/arm-none-eabi/12.1.0/../../../../arm-none-eabi/lib/thumb/v7e-m+fp/softfp/libc_nano.a(lib_a-signalr.o)
                0x000000000800452c                _getpid_r
 .text._strtol_l.constprop.0
                0x0000000008004530      0x104 /usr/lib/gcc/arm-none-eabi/12.1.0/../../../../arm-none-eabi/lib/thumb/v7e-m+fp/softfp/libc_nano.a(lib_a-strtol.o)
 .text._strtol_r
                0x0000000008004634        0x4 /usr/lib/gcc/arm-none-eabi/12.1.0/../../../../arm-none-eabi/lib/thumb/v7e-m+fp/softfp/libc_nano.a(lib_a-strtol.o)
                0x0000000008004634                _strtol_r
 .text._strtoul_l.constprop.0
                0x0000000008004638       0xe4 /usr/lib/gcc/arm-none-eabi/12.1.0/../../../../arm-none-eabi/lib/thumb/v7e-m+fp/softfp/libc_nano.a(lib_a-strtoul.o)
 .text._strtoul_r
                0x000000000800471c        0x4 /usr/lib/gcc/arm-none-eabi/12.1.0/../../../../arm-none-eabi/lib/thumb/v7e-m+fp/softfp/libc_nano.a(lib_a-strtoul.o)
                0x000000000800471c                _strtoul_r
 .text.__submore
                0x0000000008004720       0x74 /usr/lib/gcc/arm-none-eabi/12.1.0/../../../../arm-none-eabi/lib/thumb/v7e-m+fp/softfp/libc_nano.a(lib_a-ungetc.o)
                0x0000000008004720                __submore
 .text._fstat_r
                0x0000000008004794       0x24 /usr/lib/gcc/arm-none-eabi/12.1.0/../../../../arm-none-eabi/lib/thumb/v7e-m+fp/softfp/libc_nano.a(lib_a-fstatr.o)
                0x0000000008004794                _fstat_r
 .text._isatty_r
                0x00000000080047b8       0x20 /usr/lib/gcc/arm-none-eabi/12.1.0/../../../../arm-none-eabi/lib/thumb/v7e-m+fp/softfp/libc_nano.a(lib_a-isattyr.o)
                0x00000000080047b8                _isatty_r
 .text._malloc_usable_size_r
                0x00000000080047d8       0x10 /usr/lib/gcc/arm-none-eabi/12.1.0/../../../../arm-none-eabi/lib/thumb/v7e-m+fp/softfp/libc_nano.a(lib_a-nano-msizer.o)
                0x00000000080047d8                _malloc_usable_size_r
 .text._close   0x00000000080047e8       0x10 /usr/lib/gcc/arm-none-eabi/12.1.0/../../../../arm-none-eabi/lib/thumb/v7e-m+fp/softfp/libnosys.a(close.o)
                0x00000000080047e8                _close
 .text._fstat   0x00000000080047f8       0x10 /usr/lib/gcc/arm-none-eabi/12.1.0/../../../../arm-none-eabi/lib/thumb/v7e-m+fp/softfp/libnosys.a(fstat.o)
                0x00000000080047f8                _fstat
 .text._getpid  0x0000000008004808       0x10 /usr/lib/gcc/arm-none-eabi/12.1.0/../../../../arm-none-eabi/lib/thumb/v7e-m+fp/softfp/libnosys.a(getpid.o)
                0x0000000008004808                _getpid
 .text._isatty  0x0000000008004818       0x10 /usr/lib/gcc/arm-none-eabi/12.1.0/../../../../arm-none-eabi/lib/thumb/v7e-m+fp/softfp/libnosys.a(isatty.o)
                0x0000000008004818                _isatty
 .text._kill    0x0000000008004828       0x10 /usr/lib/gcc/arm-none-eabi/12.1.0/../../../../arm-none-eabi/lib/thumb/v7e-m+fp/softfp/libnosys.a(kill.o)
                0x0000000008004828                _kill
 .text._lseek   0x0000000008004838       0x10 /usr/lib/gcc/arm-none-eabi/12.1.0/../../../../arm-none-eabi/lib/thumb/v7e-m+fp/softfp/libnosys.a(lseek.o)
                0x0000000008004838                _lseek
 .text._read    0x0000000008004848       0x10 /usr/lib/gcc/arm-none-eabi/12.1.0/../../../../arm-none-eabi/lib/thumb/v7e-m+fp/softfp/libnosys.a(read.o)
                0x0000000008004848                _read
 .text._sbrk    0x0000000008004858       0x1c /usr/lib/gcc/arm-none-eabi/12.1.0/../../../../arm-none-eabi/lib/thumb/v7e-m+fp/softfp/libnosys.a(sbrk.o)
                0x0000000008004858                _sbrk
 .text._write   0x0000000008004874       0x10 /usr/lib/gcc/arm-none-eabi/12.1.0/../../../../arm-none-eabi/lib/thumb/v7e-m+fp/softfp/libnosys.a(write.o)
                0x0000000008004874                _write
 .text._exit    0x0000000008004884        0x4 /usr/lib/gcc/arm-none-eabi/12.1.0/../../../../arm-none-eabi/lib/thumb/v7e-m+fp/softfp/libnosys.a(_exit.o)
                0x0000000008004884                _exit
 *(.glue_7)
 .glue_7        0x0000000008004888        0x0 linker stubs
 *(.glue_7t)
 .glue_7t       0x0000000008004888        0x0 linker stubs
 *(.eh_frame)
 .eh_frame      0x0000000008004888        0x0 /usr/lib/gcc/arm-none-eabi/12.1.0/thumb/v7e-m+fp/softfp/crtbegin.o
 *(.init)
 .init          0x0000000008004888        0x4 /usr/lib/gcc/arm-none-eabi/12.1.0/thumb/v7e-m+fp/softfp/crti.o
                0x0000000008004888                _init
 .init          0x000000000800488c        0x8 /usr/lib/gcc/arm-none-eabi/12.1.0/thumb/v7e-m+fp/softfp/crtn.o
 *(.fini)
 .fini          0x0000000008004894        0x4 /usr/lib/gcc/arm-none-eabi/12.1.0/thumb/v7e-m+fp/softfp/crti.o
                0x0000000008004894                _fini
 .fini          0x0000000008004898        0x8 /usr/lib/gcc/arm-none-eabi/12.1.0/thumb/v7e-m+fp/softfp/crtn.o
                0x00000000080048a0                . = ALIGN (0x4)
                0x00000000080048a0                _etext = .

.vfp11_veneer   0x00000000080048a0        0x0
 .vfp11_veneer  0x00000000080048a0        0x0 linker stubs

.v4_bx          0x00000000080048a0        0x0
 .v4_bx         0x00000000080048a0        0x0 linker stubs

.iplt           0x00000000080048a0        0x0
 .iplt          0x00000000080048a0        0x0 /usr/lib/gcc/arm-none-eabi/12.1.0/thumb/v7e-m+fp/softfp/crtbegin.o

.rodata         0x00000000080048a0      0xdb8
                0x00000000080048a0                . = ALIGN (0x4)
 *(.rodata)
 .rodata        0x00000000080048a0      0x46b Debug/mcu_mdriver.o
 *fill*         0x0000000008004d0b        0x1 
 .rodata        0x0000000008004d0c       0x2e Debug/mcu_mlib.o
 *fill*         0x0000000008004d3a        0x2 
 .rodata        0x0000000008004d3c       0x4b Debug/mcu_mm.o
 *fill*         0x0000000008004d87        0x1 
 .rodata        0x0000000008004d88       0x30 Debug/mcu_timer.o
 .rodata        0x0000000008004db8        0xc /usr/lib/gcc/arm-none-eabi/12.1.0/../../../../arm-none-eabi/lib/thumb/v7e-m+fp/softfp/libc_nano.a(lib_a-nano-vfscanf_i.o)
 *(.rodata*)
 .rodata.__func__.0
                0x0000000008004dc4        0xa Debug/mcu_mdriver.o
 .rodata.__assert_func.str1.1
                0x0000000008004dce       0x3c /usr/lib/gcc/arm-none-eabi/12.1.0/../../../../arm-none-eabi/lib/thumb/v7e-m+fp/softfp/libc_nano.a(lib_a-assert.o)
                                         0x3d (size before relaxing)
 *fill*         0x0000000008004e0a        0x2 
 .rodata._global_impure_ptr
                0x0000000008004e0c        0x4 /usr/lib/gcc/arm-none-eabi/12.1.0/../../../../arm-none-eabi/lib/thumb/v7e-m+fp/softfp/libc_nano.a(lib_a-impure.o)
                0x0000000008004e0c                _global_impure_ptr
 .rodata._vfprintf_r.str1.1
                0x0000000008004e10       0x11 /usr/lib/gcc/arm-none-eabi/12.1.0/../../../../arm-none-eabi/lib/thumb/v7e-m+fp/softfp/libc_nano.a(lib_a-nano-vfprintf.o)
 .rodata._strerror_r.str1.1
                0x0000000008004e21      0x696 /usr/lib/gcc/arm-none-eabi/12.1.0/../../../../arm-none-eabi/lib/thumb/v7e-m+fp/softfp/libc_nano.a(lib_a-strerror.o)
                                        0x697 (size before relaxing)
 *fill*         0x00000000080054b7        0x1 
 .rodata.__sf_fake_stderr
                0x00000000080054b8       0x20 /usr/lib/gcc/arm-none-eabi/12.1.0/../../../../arm-none-eabi/lib/thumb/v7e-m+fp/softfp/libc_nano.a(lib_a-findfp.o)
                0x00000000080054b8                __sf_fake_stderr
 .rodata.__sf_fake_stdin
                0x00000000080054d8       0x20 /usr/lib/gcc/arm-none-eabi/12.1.0/../../../../arm-none-eabi/lib/thumb/v7e-m+fp/softfp/libc_nano.a(lib_a-findfp.o)
                0x00000000080054d8                __sf_fake_stdin
 .rodata.__sf_fake_stdout
                0x00000000080054f8       0x20 /usr/lib/gcc/arm-none-eabi/12.1.0/../../../../arm-none-eabi/lib/thumb/v7e-m+fp/softfp/libc_nano.a(lib_a-findfp.o)
                0x00000000080054f8                __sf_fake_stdout
 .rodata._svfprintf_r.str1.1
                0x0000000008005518       0x11 /usr/lib/gcc/arm-none-eabi/12.1.0/../../../../arm-none-eabi/lib/thumb/v7e-m+fp/softfp/libc_nano.a(lib_a-nano-svfprintf.o)
 .rodata.__ssvfscanf_r.str1.1
                0x0000000008005518        0x4 /usr/lib/gcc/arm-none-eabi/12.1.0/../../../../arm-none-eabi/lib/thumb/v7e-m+fp/softfp/libc_nano.a(lib_a-nano-svfscanf.o)
 .rodata._printf_i.str1.1
                0x0000000008005518       0x22 /usr/lib/gcc/arm-none-eabi/12.1.0/../../../../arm-none-eabi/lib/thumb/v7e-m+fp/softfp/libc_nano.a(lib_a-nano-vfprintf_i.o)
 .rodata._scanf_i.str1.1
                0x000000000800553a       0x12 /usr/lib/gcc/arm-none-eabi/12.1.0/../../../../arm-none-eabi/lib/thumb/v7e-m+fp/softfp/libc_nano.a(lib_a-nano-vfscanf_i.o)
 .rodata.str1.1
                0x000000000800554c        0x9 /usr/lib/gcc/arm-none-eabi/12.1.0/../../../../arm-none-eabi/lib/thumb/v7e-m+fp/softfp/libc_nano.a(lib_a-nano-vfscanf_i.o)
 .rodata._ctype_
                0x0000000008005555      0x101 /usr/lib/gcc/arm-none-eabi/12.1.0/../../../../arm-none-eabi/lib/thumb/v7e-m+fp/softfp/libc_nano.a(lib_a-ctype_.o)
                0x0000000008005555                _ctype_
                0x0000000008005658                . = ALIGN (0x4)
 *fill*         0x0000000008005656        0x2 

.rel.dyn        0x0000000008005658        0x0
 .rel.iplt      0x0000000008005658        0x0 /usr/lib/gcc/arm-none-eabi/12.1.0/thumb/v7e-m+fp/softfp/crtbegin.o

.ARM.extab      0x0000000008005658        0x0
                0x0000000008005658                . = ALIGN (0x4)
 *(.ARM.extab* .gnu.linkonce.armextab.*)
                0x0000000008005658                . = ALIGN (0x4)

.ARM            0x0000000008005658        0x0
                0x0000000008005658                . = ALIGN (0x4)
                0x0000000008005658                __exidx_start = .
 *(.ARM.exidx*)
                0x0000000008005658                __exidx_end = .
                0x0000000008005658                . = ALIGN (0x4)

.preinit_array  0x0000000008005658        0x0
                0x0000000008005658                . = ALIGN (0x4)
                0x0000000008005658                PROVIDE (__preinit_array_start = .)
 *(.preinit_array*)
                0x0000000008005658                PROVIDE (__preinit_array_end = .)
                0x0000000008005658                . = ALIGN (0x4)

.init_array     0x0000000008005658        0x4
                0x0000000008005658                . = ALIGN (0x4)
                0x0000000008005658                PROVIDE (__init_array_start = .)
 *(SORT_BY_NAME(.init_array.*))
 *(.init_array*)
 .init_array    0x0000000008005658        0x4 /usr/lib/gcc/arm-none-eabi/12.1.0/thumb/v7e-m+fp/softfp/crtbegin.o
                0x000000000800565c                PROVIDE (__init_array_end = .)
                0x000000000800565c                . = ALIGN (0x4)

.fini_array     0x000000000800565c        0x4
                0x000000000800565c                . = ALIGN (0x4)
                0x000000000800565c                PROVIDE (__fini_array_start = .)
 *(SORT_BY_NAME(.fini_array.*))
 *(.fini_array*)
 .fini_array    0x000000000800565c        0x4 /usr/lib/gcc/arm-none-eabi/12.1.0/thumb/v7e-m+fp/softfp/crtbegin.o
                0x0000000008005660                PROVIDE (__fini_array_end = .)
                0x0000000008005660                . = ALIGN (0x4)
                0x0000000008005660                _sidata = LOADADDR (.data)

.data           0x0000000020000000       0xc8 load address 0x0000000008005660
                0x0000000020000000                . = ALIGN (0x4)
                0x0000000020000000                _sdata = .
 *(.data)
 *(.data*)
 .data.tracestr
                0x0000000020000000       0x5c Debug/mcu_mdriver.o
 .data.sp_reset
                0x000000002000005c        0x4 Debug/mcu.o
                0x000000002000005c                sp_reset
 .data.SystemCoreClock
                0x0000000020000060        0x4 Debug/system_stm32f4xx.o
                0x0000000020000060                SystemCoreClock
 .data._impure_ptr
                0x0000000020000064        0x4 /usr/lib/gcc/arm-none-eabi/12.1.0/../../../../arm-none-eabi/lib/thumb/v7e-m+fp/softfp/libc_nano.a(lib_a-impure.o)
                0x0000000020000064                _impure_ptr
 .data.impure_data
                0x0000000020000068       0x60 /usr/lib/gcc/arm-none-eabi/12.1.0/../../../../arm-none-eabi/lib/thumb/v7e-m+fp/softfp/libc_nano.a(lib_a-impure.o)
 *(.RamFunc)
 *(.RamFunc*)
                0x00000000200000c8                . = ALIGN (0x4)
                0x00000000200000c8                _edata = .

.igot.plt       0x00000000200000c8        0x0 load address 0x0000000008005728
 .igot.plt      0x00000000200000c8        0x0 /usr/lib/gcc/arm-none-eabi/12.1.0/thumb/v7e-m+fp/softfp/crtbegin.o
                0x00000000200000c8                . = ALIGN (0x4)

.bss            0x00000000200000c8      0xc64 load address 0x0000000008005728
                0x00000000200000c8                _sbss = .
                0x00000000200000c8                __bss_start__ = _sbss
 *(.bss)
 *(.bss*)
 .bss.completed.1
                0x00000000200000c8        0x1 /usr/lib/gcc/arm-none-eabi/12.1.0/thumb/v7e-m+fp/softfp/crtbegin.o
 *fill*         0x00000000200000c9        0x3 
 .bss.object.0  0x00000000200000cc       0x18 /usr/lib/gcc/arm-none-eabi/12.1.0/thumb/v7e-m+fp/softfp/crtbegin.o
 .bss.verbose   0x00000000200000e4        0x4 Debug/mcu_mdriver.o
                0x00000000200000e4                verbose
 .bss.errors    0x00000000200000e8        0x4 Debug/mcu_mdriver.o
 .bss.test_mem_use
                0x00000000200000ec        0x4 Debug/mcu_mdriver.o
 .bss.mem_start_brk
                0x00000000200000f0        0x4 Debug/mcu_mlib.o
 .bss.mem_brk   0x00000000200000f4        0x4 Debug/mcu_mlib.o
 .bss.systime   0x00000000200000f8        0x4 Debug/mcu_timer.o
 .bss.output_str
                0x00000000200000fc      0x800 Debug/mcu.o
                0x00000000200000fc                output_str
 .bss.msg       0x00000000200008fc      0x400 Debug/mcu.o
                0x00000000200008fc                msg
 .bss.output_offset
                0x0000000020000cfc        0x4 Debug/mcu.o
                0x0000000020000cfc                output_offset
 .bss.tx_buffer
                0x0000000020000d00       0x10 Debug/mcu_request.o
 .bss.receiving
                0x0000000020000d10        0x4 Debug/uart_dma.o
 .bss.transmitting
                0x0000000020000d14        0x4 Debug/uart_dma.o
 .bss.__malloc_free_list
                0x0000000020000d18        0x4 /usr/lib/gcc/arm-none-eabi/12.1.0/../../../../arm-none-eabi/lib/thumb/v7e-m+fp/softfp/libc_nano.a(lib_a-nano-mallocr.o)
                0x0000000020000d18                __malloc_free_list
 .bss.__malloc_sbrk_start
                0x0000000020000d1c        0x4 /usr/lib/gcc/arm-none-eabi/12.1.0/../../../../arm-none-eabi/lib/thumb/v7e-m+fp/softfp/libc_nano.a(lib_a-nano-mallocr.o)
                0x0000000020000d1c                __malloc_sbrk_start
 .bss.__lock___malloc_recursive_mutex
                0x0000000020000d20        0x1 /usr/lib/gcc/arm-none-eabi/12.1.0/../../../../arm-none-eabi/lib/thumb/v7e-m+fp/softfp/libc_nano.a(lib_a-lock.o)
                0x0000000020000d20                __lock___malloc_recursive_mutex
 .bss.__lock___sfp_recursive_mutex
                0x0000000020000d21        0x1 /usr/lib/gcc/arm-none-eabi/12.1.0/../../../../arm-none-eabi/lib/thumb/v7e-m+fp/softfp/libc_nano.a(lib_a-lock.o)
                0x0000000020000d21                __lock___sfp_recursive_mutex
 .bss.__lock___sinit_recursive_mutex
                0x0000000020000d22        0x1 /usr/lib/gcc/arm-none-eabi/12.1.0/../../../../arm-none-eabi/lib/thumb/v7e-m+fp/softfp/libc_nano.a(lib_a-lock.o)
                0x0000000020000d22                __lock___sinit_recursive_mutex
 *fill*         0x0000000020000d23        0x1 
 .bss.errno     0x0000000020000d24        0x4 /usr/lib/gcc/arm-none-eabi/12.1.0/../../../../arm-none-eabi/lib/thumb/v7e-m+fp/softfp/libc_nano.a(lib_a-reent.o)
                0x0000000020000d24                errno
 .bss.heap_end.0
                0x0000000020000d28        0x4 /usr/lib/gcc/arm-none-eabi/12.1.0/../../../../arm-none-eabi/lib/thumb/v7e-m+fp/softfp/libnosys.a(sbrk.o)
 *(COMMON)
                0x0000000020000d2c                . = ALIGN (0x4)
                0x0000000020000d2c                _ebss = .
                0x0000000020000d2c                __bss_end__ = _ebss

._user_heap_stack
                0x0000000020000d2c      0x604 load address 0x0000000008005728
                0x0000000020000d30                . = ALIGN (0x8)
 *fill*         0x0000000020000d2c        0x4 
                0x0000000020000d30                PROVIDE (end = .)
                [!provide]                        PROVIDE (_end = .)
                0x0000000020000f30                . = (. + _Min_Heap_Size)
 *fill*         0x0000000020000d30      0x200 
                0x0000000020001330                . = (. + _Min_Stack_Size)
 *fill*         0x0000000020000f30      0x400 
                0x0000000020001330                . = ALIGN (0x8)

/DISCARD/
 libc.a(*)
 libm.a(*)
 libgcc.a(*)

.ARM.attributes
                0x0000000000000000       0x2e
 *(.ARM.attributes)
 .ARM.attributes
                0x0000000000000000       0x22 /usr/lib/gcc/arm-none-eabi/12.1.0/thumb/v7e-m+fp/softfp/crti.o
 .ARM.attributes
                0x0000000000000022       0x32 /usr/lib/gcc/arm-none-eabi/12.1.0/thumb/v7e-m+fp/softfp/crtbegin.o
 .ARM.attributes
                0x0000000000000054       0x32 Debug/mcu_mdriver.o
 .ARM.attributes
                0x0000000000000086       0x32 Debug/mcu_mlib.o
 .ARM.attributes
                0x00000000000000b8       0x32 Debug/mcu_mm.o
 .ARM.attributes
                0x00000000000000ea       0x32 Debug/mcu_timer.o
 .ARM.attributes
                0x000000000000011c       0x32 Debug/mcu.o
 .ARM.attributes
                0x000000000000014e       0x32 Debug/mcu_request.o
 .ARM.attributes
                0x0000000000000180       0x32 Debug/uart.o
 .ARM.attributes
                0x00000000000001b2       0x32 Debug/uart_dma.o
 .ARM.attributes
                0x00000000000001e4       0x32 Debug/system_stm32f4xx.o
 .ARM.attributes
                0x0000000000000216       0x21 Debug/startup_stm32f411xe.o
 .ARM.attributes
                0x0000000000000237       0x32 /usr/lib/gcc/arm-none-eabi/12.1.0/../../../../arm-none-eabi/lib/thumb/v7e-m+fp/softfp/libc_nano.a(lib_a-assert.o)
 .ARM.attributes
                0x0000000000000269       0x32 /usr/lib/gcc/arm-none-eabi/12.1.0/../../../../arm-none-eabi/lib/thumb/v7e-m+fp/softfp/libc_nano.a(lib_a-errno.o)
 .ARM.attributes
                0x000000000000029b       0x32 /usr/lib/gcc/arm-none-eabi/12.1.0/../../../../arm-none-eabi/lib/thumb/v7e-m+fp/softfp/libc_nano.a(lib_a-fprintf.o)
 .ARM.attributes
                0x00000000000002cd       0x30 /usr/lib/gcc/arm-none-eabi/12.1.0/../../../../arm-none-eabi/lib/thumb/v7e-m+fp/softfp/libc_nano.a(lib_a-impure.o)
 .ARM.attributes
                0x00000000000002fd       0x32 /usr/lib/gcc/arm-none-eabi/12.1.0/../../../../arm-none-eabi/lib/thumb/v7e-m+fp/softfp/libc_nano.a(lib_a-init.o)
 .ARM.attributes
                0x000000000000032f       0x32 /usr/lib/gcc/arm-none-eabi/12.1.0/../../../../arm-none-eabi/lib/thumb/v7e-m+fp/softfp/libc_nano.a(lib_a-memcpy-stub.o)
 .ARM.attributes
                0x0000000000000361       0x32 /usr/lib/gcc/arm-none-eabi/12.1.0/../../../../arm-none-eabi/lib/thumb/v7e-m+fp/softfp/libc_nano.a(lib_a-memset.o)
 .ARM.attributes
                0x0000000000000393       0x32 /usr/lib/gcc/arm-none-eabi/12.1.0/../../../../arm-none-eabi/lib/thumb/v7e-m+fp/softfp/libc_nano.a(lib_a-nano-mallocr.o)
 .ARM.attributes
                0x00000000000003c5       0x32 /usr/lib/gcc/arm-none-eabi/12.1.0/../../../../arm-none-eabi/lib/thumb/v7e-m+fp/softfp/libc_nano.a(lib_a-nano-vfprintf.o)
 .ARM.attributes
                0x00000000000003f7       0x32 /usr/lib/gcc/arm-none-eabi/12.1.0/../../../../arm-none-eabi/lib/thumb/v7e-m+fp/softfp/libc_nano.a(lib_a-sbrkr.o)
 .ARM.attributes
                0x0000000000000429       0x32 /usr/lib/gcc/arm-none-eabi/12.1.0/../../../../arm-none-eabi/lib/thumb/v7e-m+fp/softfp/libc_nano.a(lib_a-sprintf.o)
 .ARM.attributes
                0x000000000000045b       0x32 /usr/lib/gcc/arm-none-eabi/12.1.0/../../../../arm-none-eabi/lib/thumb/v7e-m+fp/softfp/libc_nano.a(lib_a-sscanf.o)
 .ARM.attributes
                0x000000000000048d       0x32 /usr/lib/gcc/arm-none-eabi/12.1.0/../../../../arm-none-eabi/lib/thumb/v7e-m+fp/softfp/libc_nano.a(lib_a-stdio.o)
 .ARM.attributes
                0x00000000000004bf       0x32 /usr/lib/gcc/arm-none-eabi/12.1.0/../../../../arm-none-eabi/lib/thumb/v7e-m+fp/softfp/libc_nano.a(lib_a-strcat.o)
 .ARM.attributes
                0x00000000000004f1       0x32 /usr/lib/gcc/arm-none-eabi/12.1.0/../../../../arm-none-eabi/lib/thumb/v7e-m+fp/softfp/libc_nano.a(lib_a-strerror.o)
 .ARM.attributes
                0x0000000000000523       0x17 /usr/lib/gcc/arm-none-eabi/12.1.0/../../../../arm-none-eabi/lib/thumb/v7e-m+fp/softfp/libc_nano.a(lib_a-strlen.o)
 .ARM.attributes
                0x000000000000053a       0x32 /usr/lib/gcc/arm-none-eabi/12.1.0/../../../../arm-none-eabi/lib/thumb/v7e-m+fp/softfp/libc_nano.a(lib_a-u_strerr.o)
 .ARM.attributes
                0x000000000000056c       0x32 /usr/lib/gcc/arm-none-eabi/12.1.0/../../../../arm-none-eabi/lib/thumb/v7e-m+fp/softfp/libc_nano.a(lib_a-wbuf.o)
 .ARM.attributes
                0x000000000000059e       0x32 /usr/lib/gcc/arm-none-eabi/12.1.0/../../../../arm-none-eabi/lib/thumb/v7e-m+fp/softfp/libc_nano.a(lib_a-writer.o)
 .ARM.attributes
                0x00000000000005d0       0x32 /usr/lib/gcc/arm-none-eabi/12.1.0/../../../../arm-none-eabi/lib/thumb/v7e-m+fp/softfp/libc_nano.a(lib_a-wsetup.o)
 .ARM.attributes
                0x0000000000000602       0x32 /usr/lib/gcc/arm-none-eabi/12.1.0/../../../../arm-none-eabi/lib/thumb/v7e-m+fp/softfp/libc_nano.a(lib_a-abort.o)
 .ARM.attributes
                0x0000000000000634       0x32 /usr/lib/gcc/arm-none-eabi/12.1.0/../../../../arm-none-eabi/lib/thumb/v7e-m+fp/softfp/libc_nano.a(lib_a-closer.o)
 .ARM.attributes
                0x0000000000000666       0x32 /usr/lib/gcc/arm-none-eabi/12.1.0/../../../../arm-none-eabi/lib/thumb/v7e-m+fp/softfp/libc_nano.a(lib_a-fflush.o)
 .ARM.attributes
                0x0000000000000698       0x32 /usr/lib/gcc/arm-none-eabi/12.1.0/../../../../arm-none-eabi/lib/thumb/v7e-m+fp/softfp/libc_nano.a(lib_a-findfp.o)
 .ARM.attributes
                0x00000000000006ca       0x32 /usr/lib/gcc/arm-none-eabi/12.1.0/../../../../arm-none-eabi/lib/thumb/v7e-m+fp/softfp/libc_nano.a(lib_a-fwalk.o)
 .ARM.attributes
                0x00000000000006fc       0x32 /usr/lib/gcc/arm-none-eabi/12.1.0/../../../../arm-none-eabi/lib/thumb/v7e-m+fp/softfp/libc_nano.a(lib_a-lock.o)
 .ARM.attributes
                0x000000000000072e       0x32 /usr/lib/gcc/arm-none-eabi/12.1.0/../../../../arm-none-eabi/lib/thumb/v7e-m+fp/softfp/libc_nano.a(lib_a-lseekr.o)
 .ARM.attributes
                0x0000000000000760       0x32 /usr/lib/gcc/arm-none-eabi/12.1.0/../../../../arm-none-eabi/lib/thumb/v7e-m+fp/softfp/libc_nano.a(lib_a-makebuf.o)
 .ARM.attributes
                0x0000000000000792       0x1c /usr/lib/gcc/arm-none-eabi/12.1.0/../../../../arm-none-eabi/lib/thumb/v7e-m+fp/softfp/libc_nano.a(lib_a-memchr.o)
 .ARM.attributes
                0x00000000000007ae       0x32 /usr/lib/gcc/arm-none-eabi/12.1.0/../../../../arm-none-eabi/lib/thumb/v7e-m+fp/softfp/libc_nano.a(lib_a-memmove.o)
 .ARM.attributes
                0x00000000000007e0       0x32 /usr/lib/gcc/arm-none-eabi/12.1.0/../../../../arm-none-eabi/lib/thumb/v7e-m+fp/softfp/libc_nano.a(lib_a-mlock.o)
 .ARM.attributes
                0x0000000000000812       0x32 /usr/lib/gcc/arm-none-eabi/12.1.0/../../../../arm-none-eabi/lib/thumb/v7e-m+fp/softfp/libc_nano.a(lib_a-nano-freer.o)
 .ARM.attributes
                0x0000000000000844       0x32 /usr/lib/gcc/arm-none-eabi/12.1.0/../../../../arm-none-eabi/lib/thumb/v7e-m+fp/softfp/libc_nano.a(lib_a-nano-reallocr.o)
 .ARM.attributes
                0x0000000000000876       0x32 /usr/lib/gcc/arm-none-eabi/12.1.0/../../../../arm-none-eabi/lib/thumb/v7e-m+fp/softfp/libc_nano.a(lib_a-nano-svfprintf.o)
 .ARM.attributes
                0x00000000000008a8       0x32 /usr/lib/gcc/arm-none-eabi/12.1.0/../../../../arm-none-eabi/lib/thumb/v7e-m+fp/softfp/libc_nano.a(lib_a-nano-svfscanf.o)
 .ARM.attributes
                0x00000000000008da       0x32 /usr/lib/gcc/arm-none-eabi/12.1.0/../../../../arm-none-eabi/lib/thumb/v7e-m+fp/softfp/libc_nano.a(lib_a-nano-vfprintf_i.o)
 .ARM.attributes
                0x000000000000090c       0x32 /usr/lib/gcc/arm-none-eabi/12.1.0/../../../../arm-none-eabi/lib/thumb/v7e-m+fp/softfp/libc_nano.a(lib_a-nano-vfscanf_i.o)
 .ARM.attributes
                0x000000000000093e       0x32 /usr/lib/gcc/arm-none-eabi/12.1.0/../../../../arm-none-eabi/lib/thumb/v7e-m+fp/softfp/libc_nano.a(lib_a-readr.o)
 .ARM.attributes
                0x0000000000000970       0x32 /usr/lib/gcc/arm-none-eabi/12.1.0/../../../../arm-none-eabi/lib/thumb/v7e-m+fp/softfp/libc_nano.a(lib_a-reent.o)
 .ARM.attributes
                0x00000000000009a2       0x32 /usr/lib/gcc/arm-none-eabi/12.1.0/../../../../arm-none-eabi/lib/thumb/v7e-m+fp/softfp/libc_nano.a(lib_a-sccl.o)
 .ARM.attributes
                0x00000000000009d4       0x32 /usr/lib/gcc/arm-none-eabi/12.1.0/../../../../arm-none-eabi/lib/thumb/v7e-m+fp/softfp/libc_nano.a(lib_a-signal.o)
 .ARM.attributes
                0x0000000000000a06       0x32 /usr/lib/gcc/arm-none-eabi/12.1.0/../../../../arm-none-eabi/lib/thumb/v7e-m+fp/softfp/libc_nano.a(lib_a-signalr.o)
 .ARM.attributes
                0x0000000000000a38       0x32 /usr/lib/gcc/arm-none-eabi/12.1.0/../../../../arm-none-eabi/lib/thumb/v7e-m+fp/softfp/libc_nano.a(lib_a-strtol.o)
 .ARM.attributes
                0x0000000000000a6a       0x32 /usr/lib/gcc/arm-none-eabi/12.1.0/../../../../arm-none-eabi/lib/thumb/v7e-m+fp/softfp/libc_nano.a(lib_a-strtoul.o)
 .ARM.attributes
                0x0000000000000a9c       0x32 /usr/lib/gcc/arm-none-eabi/12.1.0/../../../../arm-none-eabi/lib/thumb/v7e-m+fp/softfp/libc_nano.a(lib_a-ungetc.o)
 .ARM.attributes
                0x0000000000000ace       0x30 /usr/lib/gcc/arm-none-eabi/12.1.0/../../../../arm-none-eabi/lib/thumb/v7e-m+fp/softfp/libc_nano.a(lib_a-ctype_.o)
 .ARM.attributes
                0x0000000000000afe       0x32 /usr/lib/gcc/arm-none-eabi/12.1.0/../../../../arm-none-eabi/lib/thumb/v7e-m+fp/softfp/libc_nano.a(lib_a-fstatr.o)
 .ARM.attributes
                0x0000000000000b30       0x32 /usr/lib/gcc/arm-none-eabi/12.1.0/../../../../arm-none-eabi/lib/thumb/v7e-m+fp/softfp/libc_nano.a(lib_a-isattyr.o)
 .ARM.attributes
                0x0000000000000b62       0x32 /usr/lib/gcc/arm-none-eabi/12.1.0/../../../../arm-none-eabi/lib/thumb/v7e-m+fp/softfp/libc_nano.a(lib_a-nano-msizer.o)
 .ARM.attributes
                0x0000000000000b94       0x22 /usr/lib/gcc/arm-none-eabi/12.1.0/thumb/v7e-m+fp/softfp/libgcc.a(_arm_addsubdf3.o)
 .ARM.attributes
                0x0000000000000bb6       0x22 /usr/lib/gcc/arm-none-eabi/12.1.0/thumb/v7e-m+fp/softfp/libgcc.a(_arm_muldivdf3.o)
 .ARM.attributes
                0x0000000000000bd8       0x22 /usr/lib/gcc/arm-none-eabi/12.1.0/thumb/v7e-m+fp/softfp/libgcc.a(_arm_fixdfsi.o)
 .ARM.attributes
                0x0000000000000bfa       0x32 /usr/lib/gcc/arm-none-eabi/12.1.0/../../../../arm-none-eabi/lib/thumb/v7e-m+fp/softfp/libnosys.a(close.o)
 .ARM.attributes
                0x0000000000000c2c       0x32 /usr/lib/gcc/arm-none-eabi/12.1.0/../../../../arm-none-eabi/lib/thumb/v7e-m+fp/softfp/libnosys.a(fstat.o)
 .ARM.attributes
                0x0000000000000c5e       0x32 /usr/lib/gcc/arm-none-eabi/12.1.0/../../../../arm-none-eabi/lib/thumb/v7e-m+fp/softfp/libnosys.a(getpid.o)
 .ARM.attributes
                0x0000000000000c90       0x32 /usr/lib/gcc/arm-none-eabi/12.1.0/../../../../arm-none-eabi/lib/thumb/v7e-m+fp/softfp/libnosys.a(isatty.o)
 .ARM.attributes
                0x0000000000000cc2       0x32 /usr/lib/gcc/arm-none-eabi/12.1.0/../../../../arm-none-eabi/lib/thumb/v7e-m+fp/softfp/libnosys.a(kill.o)
 .ARM.attributes
                0x0000000000000cf4       0x32 /usr/lib/gcc/arm-none-eabi/12.1.0/../../../../arm-none-eabi/lib/thumb/v7e-m+fp/softfp/libnosys.a(lseek.o)
 .ARM.attributes
                0x0000000000000d26       0x32 /usr/lib/gcc/arm-none-eabi/12.1.0/../../../../arm-none-eabi/lib/thumb/v7e-m+fp/softfp/libnosys.a(read.o)
 .ARM.attributes
                0x0000000000000d58       0x32 /usr/lib/gcc/arm-none-eabi/12.1.0/../../../../arm-none-eabi/lib/thumb/v7e-m+fp/softfp/libnosys.a(sbrk.o)
 .ARM.attributes
                0x0000000000000d8a       0x32 /usr/lib/gcc/arm-none-eabi/12.1.0/../../../../arm-none-eabi/lib/thumb/v7e-m+fp/softfp/libnosys.a(write.o)
 .ARM.attributes
                0x0000000000000dbc       0x32 /usr/lib/gcc/arm-none-eabi/12.1.0/../../../../arm-none-eabi/lib/thumb/v7e-m+fp/softfp/libnosys.a(_exit.o)
 .ARM.attributes
                0x0000000000000dee       0x22 /usr/lib/gcc/arm-none-eabi/12.1.0/thumb/v7e-m+fp/softfp/crtn.o
OUTPUT(Debug/mcu_mdriver.elf elf32-littlearm)
LOAD linker stubs
LOAD /usr/lib/gcc/arm-none-eabi/12.1.0/../../../../arm-none-eabi/lib/thumb/v7e-m+fp/softfp/libc.a
LOAD /usr/lib/gcc/arm-none-eabi/12.1.0/../../../../arm-none-eabi/lib/thumb/v7e-m+fp/softfp/libm.a
LOAD /usr/lib/gcc/arm-none-eabi/12.1.0/thumb/v7e-m+fp/softfp/libgcc.a

.debug_info     0x0000000000000000    0x1bf4b
 .debug_info    0x0000000000000000      0xad0 Debug/mcu_mdriver.o
 .debug_info    0x0000000000000ad0      0x2e4 Debug/mcu_mlib.o
 .debug_info    0x0000000000000db4      0x43c Debug/mcu_mm.o
 .debug_info    0x00000000000011f0      0xb8b Debug/mcu_timer.o
 .debug_info    0x0000000000001d7b      0x1f0 Debug/mcu.o
 .debug_info    0x0000000000001f6b      0x2e8 Debug/mcu_request.o
 .debug_info    0x0000000000002253      0x602 Debug/uart.o
 .debug_info    0x0000000000002855      0xac4 Debug/uart_dma.o
 .debug_info    0x0000000000003319      0x5be Debug/system_stm32f4xx.o
 .debug_info    0x00000000000038d7       0x22 Debug/startup_stm32f411xe.o
 .debug_info    0x00000000000038f9      0x87e /usr/lib/gcc/arm-none-eabi/12.1.0/../../../../arm-none-eabi/lib/thumb/v7e-m+fp/softfp/libc_nano.a(lib_a-assert.o)
 .debug_info    0x0000000000004177      0x75b /usr/lib/gcc/arm-none-eabi/12.1.0/../../../../arm-none-eabi/lib/thumb/v7e-m+fp/softfp/libc_nano.a(lib_a-errno.o)
 .debug_info    0x00000000000048d2      0x8b5 /usr/lib/gcc/arm-none-eabi/12.1.0/../../../../arm-none-eabi/lib/thumb/v7e-m+fp/softfp/libc_nano.a(lib_a-fprintf.o)
 .debug_info    0x0000000000005187      0x806 /usr/lib/gcc/arm-none-eabi/12.1.0/../../../../arm-none-eabi/lib/thumb/v7e-m+fp/softfp/libc_nano.a(lib_a-impure.o)
 .debug_info    0x000000000000598d      0x10b /usr/lib/gcc/arm-none-eabi/12.1.0/../../../../arm-none-eabi/lib/thumb/v7e-m+fp/softfp/libc_nano.a(lib_a-init.o)
 .debug_info    0x0000000000005a98      0x121 /usr/lib/gcc/arm-none-eabi/12.1.0/../../../../arm-none-eabi/lib/thumb/v7e-m+fp/softfp/libc_nano.a(lib_a-memcpy-stub.o)
 .debug_info    0x0000000000005bb9       0xe0 /usr/lib/gcc/arm-none-eabi/12.1.0/../../../../arm-none-eabi/lib/thumb/v7e-m+fp/softfp/libc_nano.a(lib_a-memset.o)
 .debug_info    0x0000000000005c99      0xa1c /usr/lib/gcc/arm-none-eabi/12.1.0/../../../../arm-none-eabi/lib/thumb/v7e-m+fp/softfp/libc_nano.a(lib_a-nano-mallocr.o)
 .debug_info    0x00000000000066b5     0x1176 /usr/lib/gcc/arm-none-eabi/12.1.0/../../../../arm-none-eabi/lib/thumb/v7e-m+fp/softfp/libc_nano.a(lib_a-nano-vfprintf.o)
 .debug_info    0x000000000000782b      0x7dc /usr/lib/gcc/arm-none-eabi/12.1.0/../../../../arm-none-eabi/lib/thumb/v7e-m+fp/softfp/libc_nano.a(lib_a-sbrkr.o)
 .debug_info    0x0000000000008007      0x8df /usr/lib/gcc/arm-none-eabi/12.1.0/../../../../arm-none-eabi/lib/thumb/v7e-m+fp/softfp/libc_nano.a(lib_a-sprintf.o)
 .debug_info    0x00000000000088e6      0x94e /usr/lib/gcc/arm-none-eabi/12.1.0/../../../../arm-none-eabi/lib/thumb/v7e-m+fp/softfp/libc_nano.a(lib_a-sscanf.o)
 .debug_info    0x0000000000009234      0xab4 /usr/lib/gcc/arm-none-eabi/12.1.0/../../../../arm-none-eabi/lib/thumb/v7e-m+fp/softfp/libc_nano.a(lib_a-stdio.o)
 .debug_info    0x0000000000009ce8       0xe1 /usr/lib/gcc/arm-none-eabi/12.1.0/../../../../arm-none-eabi/lib/thumb/v7e-m+fp/softfp/libc_nano.a(lib_a-strcat.o)
 .debug_info    0x0000000000009dc9      0x8cb /usr/lib/gcc/arm-none-eabi/12.1.0/../../../../arm-none-eabi/lib/thumb/v7e-m+fp/softfp/libc_nano.a(lib_a-strerror.o)
 .debug_info    0x000000000000a694       0x24 /usr/lib/gcc/arm-none-eabi/12.1.0/../../../../arm-none-eabi/lib/thumb/v7e-m+fp/softfp/libc_nano.a(lib_a-strlen.o)
 .debug_info    0x000000000000a6b8       0x88 /usr/lib/gcc/arm-none-eabi/12.1.0/../../../../arm-none-eabi/lib/thumb/v7e-m+fp/softfp/libc_nano.a(lib_a-u_strerr.o)
 .debug_info    0x000000000000a740      0x95d /usr/lib/gcc/arm-none-eabi/12.1.0/../../../../arm-none-eabi/lib/thumb/v7e-m+fp/softfp/libc_nano.a(lib_a-wbuf.o)
 .debug_info    0x000000000000b09d      0x813 /usr/lib/gcc/arm-none-eabi/12.1.0/../../../../arm-none-eabi/lib/thumb/v7e-m+fp/softfp/libc_nano.a(lib_a-writer.o)
 .debug_info    0x000000000000b8b0      0x8b9 /usr/lib/gcc/arm-none-eabi/12.1.0/../../../../arm-none-eabi/lib/thumb/v7e-m+fp/softfp/libc_nano.a(lib_a-wsetup.o)
 .debug_info    0x000000000000c169       0xd8 /usr/lib/gcc/arm-none-eabi/12.1.0/../../../../arm-none-eabi/lib/thumb/v7e-m+fp/softfp/libc_nano.a(lib_a-abort.o)
 .debug_info    0x000000000000c241      0x7b7 /usr/lib/gcc/arm-none-eabi/12.1.0/../../../../arm-none-eabi/lib/thumb/v7e-m+fp/softfp/libc_nano.a(lib_a-closer.o)
 .debug_info    0x000000000000c9f8      0xa9e /usr/lib/gcc/arm-none-eabi/12.1.0/../../../../arm-none-eabi/lib/thumb/v7e-m+fp/softfp/libc_nano.a(lib_a-fflush.o)
 .debug_info    0x000000000000d496      0xff1 /usr/lib/gcc/arm-none-eabi/12.1.0/../../../../arm-none-eabi/lib/thumb/v7e-m+fp/softfp/libc_nano.a(lib_a-findfp.o)
 .debug_info    0x000000000000e487      0x899 /usr/lib/gcc/arm-none-eabi/12.1.0/../../../../arm-none-eabi/lib/thumb/v7e-m+fp/softfp/libc_nano.a(lib_a-fwalk.o)
 .debug_info    0x000000000000ed20      0x21a /usr/lib/gcc/arm-none-eabi/12.1.0/../../../../arm-none-eabi/lib/thumb/v7e-m+fp/softfp/libc_nano.a(lib_a-lock.o)
 .debug_info    0x000000000000ef3a      0x7f6 /usr/lib/gcc/arm-none-eabi/12.1.0/../../../../arm-none-eabi/lib/thumb/v7e-m+fp/softfp/libc_nano.a(lib_a-lseekr.o)
 .debug_info    0x000000000000f730      0xb8b /usr/lib/gcc/arm-none-eabi/12.1.0/../../../../arm-none-eabi/lib/thumb/v7e-m+fp/softfp/libc_nano.a(lib_a-makebuf.o)
 .debug_info    0x00000000000102bb       0x25 /usr/lib/gcc/arm-none-eabi/12.1.0/../../../../arm-none-eabi/lib/thumb/v7e-m+fp/softfp/libc_nano.a(lib_a-memchr.o)
 .debug_info    0x00000000000102e0      0x10f /usr/lib/gcc/arm-none-eabi/12.1.0/../../../../arm-none-eabi/lib/thumb/v7e-m+fp/softfp/libc_nano.a(lib_a-memmove.o)
 .debug_info    0x00000000000103ef      0x7cb /usr/lib/gcc/arm-none-eabi/12.1.0/../../../../arm-none-eabi/lib/thumb/v7e-m+fp/softfp/libc_nano.a(lib_a-mlock.o)
 .debug_info    0x0000000000010bba      0x8a6 /usr/lib/gcc/arm-none-eabi/12.1.0/../../../../arm-none-eabi/lib/thumb/v7e-m+fp/softfp/libc_nano.a(lib_a-nano-freer.o)
 .debug_info    0x0000000000011460      0x927 /usr/lib/gcc/arm-none-eabi/12.1.0/../../../../arm-none-eabi/lib/thumb/v7e-m+fp/softfp/libc_nano.a(lib_a-nano-reallocr.o)
 .debug_info    0x0000000000011d87     0x1124 /usr/lib/gcc/arm-none-eabi/12.1.0/../../../../arm-none-eabi/lib/thumb/v7e-m+fp/softfp/libc_nano.a(lib_a-nano-svfprintf.o)
 .debug_info    0x0000000000012eab      0xf62 /usr/lib/gcc/arm-none-eabi/12.1.0/../../../../arm-none-eabi/lib/thumb/v7e-m+fp/softfp/libc_nano.a(lib_a-nano-svfscanf.o)
 .debug_info    0x0000000000013e0d      0xe42 /usr/lib/gcc/arm-none-eabi/12.1.0/../../../../arm-none-eabi/lib/thumb/v7e-m+fp/softfp/libc_nano.a(lib_a-nano-vfprintf_i.o)
 .debug_info    0x0000000000014c4f      0xe11 /usr/lib/gcc/arm-none-eabi/12.1.0/../../../../arm-none-eabi/lib/thumb/v7e-m+fp/softfp/libc_nano.a(lib_a-nano-vfscanf_i.o)
 .debug_info    0x0000000000015a60      0x80d /usr/lib/gcc/arm-none-eabi/12.1.0/../../../../arm-none-eabi/lib/thumb/v7e-m+fp/softfp/libc_nano.a(lib_a-readr.o)
 .debug_info    0x000000000001626d      0x936 /usr/lib/gcc/arm-none-eabi/12.1.0/../../../../arm-none-eabi/lib/thumb/v7e-m+fp/softfp/libc_nano.a(lib_a-reent.o)
 .debug_info    0x0000000000016ba3      0x10e /usr/lib/gcc/arm-none-eabi/12.1.0/../../../../arm-none-eabi/lib/thumb/v7e-m+fp/softfp/libc_nano.a(lib_a-sccl.o)
 .debug_info    0x0000000000016cb1      0xa8f /usr/lib/gcc/arm-none-eabi/12.1.0/../../../../arm-none-eabi/lib/thumb/v7e-m+fp/softfp/libc_nano.a(lib_a-signal.o)
 .debug_info    0x0000000000017740      0x83e /usr/lib/gcc/arm-none-eabi/12.1.0/../../../../arm-none-eabi/lib/thumb/v7e-m+fp/softfp/libc_nano.a(lib_a-signalr.o)
 .debug_info    0x0000000000017f7e      0xd9d /usr/lib/gcc/arm-none-eabi/12.1.0/../../../../arm-none-eabi/lib/thumb/v7e-m+fp/softfp/libc_nano.a(lib_a-strtol.o)
 .debug_info    0x0000000000018d1b      0xd0b /usr/lib/gcc/arm-none-eabi/12.1.0/../../../../arm-none-eabi/lib/thumb/v7e-m+fp/softfp/libc_nano.a(lib_a-strtoul.o)
 .debug_info    0x0000000000019a26      0xa7e /usr/lib/gcc/arm-none-eabi/12.1.0/../../../../arm-none-eabi/lib/thumb/v7e-m+fp/softfp/libc_nano.a(lib_a-ungetc.o)
 .debug_info    0x000000000001a4a4       0xb9 /usr/lib/gcc/arm-none-eabi/12.1.0/../../../../arm-none-eabi/lib/thumb/v7e-m+fp/softfp/libc_nano.a(lib_a-ctype_.o)
 .debug_info    0x000000000001a55d      0x9d5 /usr/lib/gcc/arm-none-eabi/12.1.0/../../../../arm-none-eabi/lib/thumb/v7e-m+fp/softfp/libc_nano.a(lib_a-fstatr.o)
 .debug_info    0x000000000001af32      0x7b7 /usr/lib/gcc/arm-none-eabi/12.1.0/../../../../arm-none-eabi/lib/thumb/v7e-m+fp/softfp/libc_nano.a(lib_a-isattyr.o)
 .debug_info    0x000000000001b6e9      0x7f4 /usr/lib/gcc/arm-none-eabi/12.1.0/../../../../arm-none-eabi/lib/thumb/v7e-m+fp/softfp/libc_nano.a(lib_a-nano-msizer.o)
 .debug_info    0x000000000001bedd       0x25 /usr/lib/gcc/arm-none-eabi/12.1.0/thumb/v7e-m+fp/softfp/libgcc.a(_arm_addsubdf3.o)
 .debug_info    0x000000000001bf02       0x25 /usr/lib/gcc/arm-none-eabi/12.1.0/thumb/v7e-m+fp/softfp/libgcc.a(_arm_muldivdf3.o)
 .debug_info    0x000000000001bf27       0x24 /usr/lib/gcc/arm-none-eabi/12.1.0/thumb/v7e-m+fp/softfp/libgcc.a(_arm_fixdfsi.o)

.debug_abbrev   0x0000000000000000     0x6796
 .debug_abbrev  0x0000000000000000      0x260 Debug/mcu_mdriver.o
 .debug_abbrev  0x0000000000000260      0x1d0 Debug/mcu_mlib.o
 .debug_abbrev  0x0000000000000430      0x1cc Debug/mcu_mm.o
 .debug_abbrev  0x00000000000005fc      0x225 Debug/mcu_timer.o
 .debug_abbrev  0x0000000000000821      0x147 Debug/mcu.o
 .debug_abbrev  0x0000000000000968      0x19d Debug/mcu_request.o
 .debug_abbrev  0x0000000000000b05      0x1cb Debug/uart.o
 .debug_abbrev  0x0000000000000cd0      0x1c3 Debug/uart_dma.o
 .debug_abbrev  0x0000000000000e93       0xf9 Debug/system_stm32f4xx.o
 .debug_abbrev  0x0000000000000f8c       0x12 Debug/startup_stm32f411xe.o
 .debug_abbrev  0x0000000000000f9e      0x1ea /usr/lib/gcc/arm-none-eabi/12.1.0/../../../../arm-none-eabi/lib/thumb/v7e-m+fp/softfp/libc_nano.a(lib_a-assert.o)
 .debug_abbrev  0x0000000000001188      0x15e /usr/lib/gcc/arm-none-eabi/12.1.0/../../../../arm-none-eabi/lib/thumb/v7e-m+fp/softfp/libc_nano.a(lib_a-errno.o)
 .debug_abbrev  0x00000000000012e6      0x21d /usr/lib/gcc/arm-none-eabi/12.1.0/../../../../arm-none-eabi/lib/thumb/v7e-m+fp/softfp/libc_nano.a(lib_a-fprintf.o)
 .debug_abbrev  0x0000000000001503      0x15a /usr/lib/gcc/arm-none-eabi/12.1.0/../../../../arm-none-eabi/lib/thumb/v7e-m+fp/softfp/libc_nano.a(lib_a-impure.o)
 .debug_abbrev  0x000000000000165d       0xc9 /usr/lib/gcc/arm-none-eabi/12.1.0/../../../../arm-none-eabi/lib/thumb/v7e-m+fp/softfp/libc_nano.a(lib_a-init.o)
 .debug_abbrev  0x0000000000001726       0xc1 /usr/lib/gcc/arm-none-eabi/12.1.0/../../../../arm-none-eabi/lib/thumb/v7e-m+fp/softfp/libc_nano.a(lib_a-memcpy-stub.o)
 .debug_abbrev  0x00000000000017e7       0x9e /usr/lib/gcc/arm-none-eabi/12.1.0/../../../../arm-none-eabi/lib/thumb/v7e-m+fp/softfp/libc_nano.a(lib_a-memset.o)
 .debug_abbrev  0x0000000000001885      0x24a /usr/lib/gcc/arm-none-eabi/12.1.0/../../../../arm-none-eabi/lib/thumb/v7e-m+fp/softfp/libc_nano.a(lib_a-nano-mallocr.o)
 .debug_abbrev  0x0000000000001acf      0x317 /usr/lib/gcc/arm-none-eabi/12.1.0/../../../../arm-none-eabi/lib/thumb/v7e-m+fp/softfp/libc_nano.a(lib_a-nano-vfprintf.o)
 .debug_abbrev  0x0000000000001de6      0x1da /usr/lib/gcc/arm-none-eabi/12.1.0/../../../../arm-none-eabi/lib/thumb/v7e-m+fp/softfp/libc_nano.a(lib_a-sbrkr.o)
 .debug_abbrev  0x0000000000001fc0      0x21c /usr/lib/gcc/arm-none-eabi/12.1.0/../../../../arm-none-eabi/lib/thumb/v7e-m+fp/softfp/libc_nano.a(lib_a-sprintf.o)
 .debug_abbrev  0x00000000000021dc      0x226 /usr/lib/gcc/arm-none-eabi/12.1.0/../../../../arm-none-eabi/lib/thumb/v7e-m+fp/softfp/libc_nano.a(lib_a-sscanf.o)
 .debug_abbrev  0x0000000000002402      0x221 /usr/lib/gcc/arm-none-eabi/12.1.0/../../../../arm-none-eabi/lib/thumb/v7e-m+fp/softfp/libc_nano.a(lib_a-stdio.o)
 .debug_abbrev  0x0000000000002623       0x86 /usr/lib/gcc/arm-none-eabi/12.1.0/../../../../arm-none-eabi/lib/thumb/v7e-m+fp/softfp/libc_nano.a(lib_a-strcat.o)
 .debug_abbrev  0x00000000000026a9      0x1f2 /usr/lib/gcc/arm-none-eabi/12.1.0/../../../../arm-none-eabi/lib/thumb/v7e-m+fp/softfp/libc_nano.a(lib_a-strerror.o)
 .debug_abbrev  0x000000000000289b       0x14 /usr/lib/gcc/arm-none-eabi/12.1.0/../../../../arm-none-eabi/lib/thumb/v7e-m+fp/softfp/libc_nano.a(lib_a-strlen.o)
 .debug_abbrev  0x00000000000028af       0x77 /usr/lib/gcc/arm-none-eabi/12.1.0/../../../../arm-none-eabi/lib/thumb/v7e-m+fp/softfp/libc_nano.a(lib_a-u_strerr.o)
 .debug_abbrev  0x0000000000002926      0x22e /usr/lib/gcc/arm-none-eabi/12.1.0/../../../../arm-none-eabi/lib/thumb/v7e-m+fp/softfp/libc_nano.a(lib_a-wbuf.o)
 .debug_abbrev  0x0000000000002b54      0x1b5 /usr/lib/gcc/arm-none-eabi/12.1.0/../../../../arm-none-eabi/lib/thumb/v7e-m+fp/softfp/libc_nano.a(lib_a-writer.o)
 .debug_abbrev  0x0000000000002d09      0x1d9 /usr/lib/gcc/arm-none-eabi/12.1.0/../../../../arm-none-eabi/lib/thumb/v7e-m+fp/softfp/libc_nano.a(lib_a-wsetup.o)
 .debug_abbrev  0x0000000000002ee2       0x99 /usr/lib/gcc/arm-none-eabi/12.1.0/../../../../arm-none-eabi/lib/thumb/v7e-m+fp/softfp/libc_nano.a(lib_a-abort.o)
 .debug_abbrev  0x0000000000002f7b      0x1b0 /usr/lib/gcc/arm-none-eabi/12.1.0/../../../../arm-none-eabi/lib/thumb/v7e-m+fp/softfp/libc_nano.a(lib_a-closer.o)
 .debug_abbrev  0x000000000000312b      0x2a7 /usr/lib/gcc/arm-none-eabi/12.1.0/../../../../arm-none-eabi/lib/thumb/v7e-m+fp/softfp/libc_nano.a(lib_a-fflush.o)
 .debug_abbrev  0x00000000000033d2      0x398 /usr/lib/gcc/arm-none-eabi/12.1.0/../../../../arm-none-eabi/lib/thumb/v7e-m+fp/softfp/libc_nano.a(lib_a-findfp.o)
 .debug_abbrev  0x000000000000376a      0x19f /usr/lib/gcc/arm-none-eabi/12.1.0/../../../../arm-none-eabi/lib/thumb/v7e-m+fp/softfp/libc_nano.a(lib_a-fwalk.o)
 .debug_abbrev  0x0000000000003909      0x115 /usr/lib/gcc/arm-none-eabi/12.1.0/../../../../arm-none-eabi/lib/thumb/v7e-m+fp/softfp/libc_nano.a(lib_a-lock.o)
 .debug_abbrev  0x0000000000003a1e      0x1c4 /usr/lib/gcc/arm-none-eabi/12.1.0/../../../../arm-none-eabi/lib/thumb/v7e-m+fp/softfp/libc_nano.a(lib_a-lseekr.o)
 .debug_abbrev  0x0000000000003be2      0x2a3 /usr/lib/gcc/arm-none-eabi/12.1.0/../../../../arm-none-eabi/lib/thumb/v7e-m+fp/softfp/libc_nano.a(lib_a-makebuf.o)
 .debug_abbrev  0x0000000000003e85       0x14 /usr/lib/gcc/arm-none-eabi/12.1.0/../../../../arm-none-eabi/lib/thumb/v7e-m+fp/softfp/libc_nano.a(lib_a-memchr.o)
 .debug_abbrev  0x0000000000003e99       0xac /usr/lib/gcc/arm-none-eabi/12.1.0/../../../../arm-none-eabi/lib/thumb/v7e-m+fp/softfp/libc_nano.a(lib_a-memmove.o)
 .debug_abbrev  0x0000000000003f45      0x1bf /usr/lib/gcc/arm-none-eabi/12.1.0/../../../../arm-none-eabi/lib/thumb/v7e-m+fp/softfp/libc_nano.a(lib_a-mlock.o)
 .debug_abbrev  0x0000000000004104      0x23b /usr/lib/gcc/arm-none-eabi/12.1.0/../../../../arm-none-eabi/lib/thumb/v7e-m+fp/softfp/libc_nano.a(lib_a-nano-freer.o)
 .debug_abbrev  0x000000000000433f      0x217 /usr/lib/gcc/arm-none-eabi/12.1.0/../../../../arm-none-eabi/lib/thumb/v7e-m+fp/softfp/libc_nano.a(lib_a-nano-reallocr.o)
 .debug_abbrev  0x0000000000004556      0x31e /usr/lib/gcc/arm-none-eabi/12.1.0/../../../../arm-none-eabi/lib/thumb/v7e-m+fp/softfp/libc_nano.a(lib_a-nano-svfprintf.o)
 .debug_abbrev  0x0000000000004874      0x312 /usr/lib/gcc/arm-none-eabi/12.1.0/../../../../arm-none-eabi/lib/thumb/v7e-m+fp/softfp/libc_nano.a(lib_a-nano-svfscanf.o)
 .debug_abbrev  0x0000000000004b86      0x28e /usr/lib/gcc/arm-none-eabi/12.1.0/../../../../arm-none-eabi/lib/thumb/v7e-m+fp/softfp/libc_nano.a(lib_a-nano-vfprintf_i.o)
 .debug_abbrev  0x0000000000004e14      0x29f /usr/lib/gcc/arm-none-eabi/12.1.0/../../../../arm-none-eabi/lib/thumb/v7e-m+fp/softfp/libc_nano.a(lib_a-nano-vfscanf_i.o)
 .debug_abbrev  0x00000000000050b3      0x1b0 /usr/lib/gcc/arm-none-eabi/12.1.0/../../../../arm-none-eabi/lib/thumb/v7e-m+fp/softfp/libc_nano.a(lib_a-readr.o)
 .debug_abbrev  0x0000000000005263      0x233 /usr/lib/gcc/arm-none-eabi/12.1.0/../../../../arm-none-eabi/lib/thumb/v7e-m+fp/softfp/libc_nano.a(lib_a-reent.o)
 .debug_abbrev  0x0000000000005496       0x9a /usr/lib/gcc/arm-none-eabi/12.1.0/../../../../arm-none-eabi/lib/thumb/v7e-m+fp/softfp/libc_nano.a(lib_a-sccl.o)
 .debug_abbrev  0x0000000000005530      0x296 /usr/lib/gcc/arm-none-eabi/12.1.0/../../../../arm-none-eabi/lib/thumb/v7e-m+fp/softfp/libc_nano.a(lib_a-signal.o)
 .debug_abbrev  0x00000000000057c6      0x1fd /usr/lib/gcc/arm-none-eabi/12.1.0/../../../../arm-none-eabi/lib/thumb/v7e-m+fp/softfp/libc_nano.a(lib_a-signalr.o)
 .debug_abbrev  0x00000000000059c3      0x2ee /usr/lib/gcc/arm-none-eabi/12.1.0/../../../../arm-none-eabi/lib/thumb/v7e-m+fp/softfp/libc_nano.a(lib_a-strtol.o)
 .debug_abbrev  0x0000000000005cb1      0x2c7 /usr/lib/gcc/arm-none-eabi/12.1.0/../../../../arm-none-eabi/lib/thumb/v7e-m+fp/softfp/libc_nano.a(lib_a-strtoul.o)
 .debug_abbrev  0x0000000000005f78      0x277 /usr/lib/gcc/arm-none-eabi/12.1.0/../../../../arm-none-eabi/lib/thumb/v7e-m+fp/softfp/libc_nano.a(lib_a-ungetc.o)
 .debug_abbrev  0x00000000000061ef       0x62 /usr/lib/gcc/arm-none-eabi/12.1.0/../../../../arm-none-eabi/lib/thumb/v7e-m+fp/softfp/libc_nano.a(lib_a-ctype_.o)
 .debug_abbrev  0x0000000000006251      0x1c3 /usr/lib/gcc/arm-none-eabi/12.1.0/../../../../arm-none-eabi/lib/thumb/v7e-m+fp/softfp/libc_nano.a(lib_a-fstatr.o)
 .debug_abbrev  0x0000000000006414      0x1b0 /usr/lib/gcc/arm-none-eabi/12.1.0/../../../../arm-none-eabi/lib/thumb/v7e-m+fp/softfp/libc_nano.a(lib_a-isattyr.o)
 .debug_abbrev  0x00000000000065c4      0x196 /usr/lib/gcc/arm-none-eabi/12.1.0/../../../../arm-none-eabi/lib/thumb/v7e-m+fp/softfp/libc_nano.a(lib_a-nano-msizer.o)
 .debug_abbrev  0x000000000000675a       0x14 /usr/lib/gcc/arm-none-eabi/12.1.0/thumb/v7e-m+fp/softfp/libgcc.a(_arm_addsubdf3.o)
 .debug_abbrev  0x000000000000676e       0x14 /usr/lib/gcc/arm-none-eabi/12.1.0/thumb/v7e-m+fp/softfp/libgcc.a(_arm_muldivdf3.o)
 .debug_abbrev  0x0000000000006782       0x14 /usr/lib/gcc/arm-none-eabi/12.1.0/thumb/v7e-m+fp/softfp/libgcc.a(_arm_fixdfsi.o)

.debug_loc      0x0000000000000000      0x97b
 .debug_loc     0x0000000000000000      0x2fe Debug/mcu_mdriver.o
 .debug_loc     0x00000000000002fe       0xe9 Debug/mcu_mlib.o
 .debug_loc     0x00000000000003e7      0x150 Debug/mcu_mm.o
 .debug_loc     0x0000000000000537      0x128 Debug/mcu_timer.o
 .debug_loc     0x000000000000065f       0x58 Debug/mcu.o
 .debug_loc     0x00000000000006b7      0x100 Debug/mcu_request.o
 .debug_loc     0x00000000000007b7       0xfc Debug/uart.o
 .debug_loc     0x00000000000008b3       0xc8 Debug/uart_dma.o

.debug_aranges  0x0000000000000000      0xb48
 .debug_aranges
                0x0000000000000000       0x88 Debug/mcu_mdriver.o
 .debug_aranges
                0x0000000000000088       0x58 Debug/mcu_mlib.o
 .debug_aranges
                0x00000000000000e0       0x48 Debug/mcu_mm.o
 .debug_aranges
                0x0000000000000128       0x58 Debug/mcu_timer.o
 .debug_aranges
                0x0000000000000180       0x28 Debug/mcu.o
 .debug_aranges
                0x00000000000001a8       0x40 Debug/mcu_request.o
 .debug_aranges
                0x00000000000001e8       0x60 Debug/uart.o
 .debug_aranges
                0x0000000000000248       0x70 Debug/uart_dma.o
 .debug_aranges
                0x00000000000002b8       0x28 Debug/system_stm32f4xx.o
 .debug_aranges
                0x00000000000002e0       0x28 Debug/startup_stm32f411xe.o
 .debug_aranges
                0x0000000000000308       0x28 /usr/lib/gcc/arm-none-eabi/12.1.0/../../../../arm-none-eabi/lib/thumb/v7e-m+fp/softfp/libc_nano.a(lib_a-assert.o)
 .debug_aranges
                0x0000000000000330       0x20 /usr/lib/gcc/arm-none-eabi/12.1.0/../../../../arm-none-eabi/lib/thumb/v7e-m+fp/softfp/libc_nano.a(lib_a-errno.o)
 .debug_aranges
                0x0000000000000350       0x28 /usr/lib/gcc/arm-none-eabi/12.1.0/../../../../arm-none-eabi/lib/thumb/v7e-m+fp/softfp/libc_nano.a(lib_a-fprintf.o)
 .debug_aranges
                0x0000000000000378       0x18 /usr/lib/gcc/arm-none-eabi/12.1.0/../../../../arm-none-eabi/lib/thumb/v7e-m+fp/softfp/libc_nano.a(lib_a-impure.o)
 .debug_aranges
                0x0000000000000390       0x20 /usr/lib/gcc/arm-none-eabi/12.1.0/../../../../arm-none-eabi/lib/thumb/v7e-m+fp/softfp/libc_nano.a(lib_a-init.o)
 .debug_aranges
                0x00000000000003b0       0x20 /usr/lib/gcc/arm-none-eabi/12.1.0/../../../../arm-none-eabi/lib/thumb/v7e-m+fp/softfp/libc_nano.a(lib_a-memcpy-stub.o)
 .debug_aranges
                0x00000000000003d0       0x20 /usr/lib/gcc/arm-none-eabi/12.1.0/../../../../arm-none-eabi/lib/thumb/v7e-m+fp/softfp/libc_nano.a(lib_a-memset.o)
 .debug_aranges
                0x00000000000003f0       0x28 /usr/lib/gcc/arm-none-eabi/12.1.0/../../../../arm-none-eabi/lib/thumb/v7e-m+fp/softfp/libc_nano.a(lib_a-nano-mallocr.o)
 .debug_aranges
                0x0000000000000418       0x40 /usr/lib/gcc/arm-none-eabi/12.1.0/../../../../arm-none-eabi/lib/thumb/v7e-m+fp/softfp/libc_nano.a(lib_a-nano-vfprintf.o)
 .debug_aranges
                0x0000000000000458       0x20 /usr/lib/gcc/arm-none-eabi/12.1.0/../../../../arm-none-eabi/lib/thumb/v7e-m+fp/softfp/libc_nano.a(lib_a-sbrkr.o)
 .debug_aranges
                0x0000000000000478       0x28 /usr/lib/gcc/arm-none-eabi/12.1.0/../../../../arm-none-eabi/lib/thumb/v7e-m+fp/softfp/libc_nano.a(lib_a-sprintf.o)
 .debug_aranges
                0x00000000000004a0       0x28 /usr/lib/gcc/arm-none-eabi/12.1.0/../../../../arm-none-eabi/lib/thumb/v7e-m+fp/softfp/libc_nano.a(lib_a-sscanf.o)
 .debug_aranges
                0x00000000000004c8       0x40 /usr/lib/gcc/arm-none-eabi/12.1.0/../../../../arm-none-eabi/lib/thumb/v7e-m+fp/softfp/libc_nano.a(lib_a-stdio.o)
 .debug_aranges
                0x0000000000000508       0x20 /usr/lib/gcc/arm-none-eabi/12.1.0/../../../../arm-none-eabi/lib/thumb/v7e-m+fp/softfp/libc_nano.a(lib_a-strcat.o)
 .debug_aranges
                0x0000000000000528       0x30 /usr/lib/gcc/arm-none-eabi/12.1.0/../../../../arm-none-eabi/lib/thumb/v7e-m+fp/softfp/libc_nano.a(lib_a-strerror.o)
 .debug_aranges
                0x0000000000000558       0x20 /usr/lib/gcc/arm-none-eabi/12.1.0/../../../../arm-none-eabi/lib/thumb/v7e-m+fp/softfp/libc_nano.a(lib_a-strlen.o)
 .debug_aranges
                0x0000000000000578       0x20 /usr/lib/gcc/arm-none-eabi/12.1.0/../../../../arm-none-eabi/lib/thumb/v7e-m+fp/softfp/libc_nano.a(lib_a-u_strerr.o)
 .debug_aranges
                0x0000000000000598       0x28 /usr/lib/gcc/arm-none-eabi/12.1.0/../../../../arm-none-eabi/lib/thumb/v7e-m+fp/softfp/libc_nano.a(lib_a-wbuf.o)
 .debug_aranges
                0x00000000000005c0       0x20 /usr/lib/gcc/arm-none-eabi/12.1.0/../../../../arm-none-eabi/lib/thumb/v7e-m+fp/softfp/libc_nano.a(lib_a-writer.o)
 .debug_aranges
                0x00000000000005e0       0x20 /usr/lib/gcc/arm-none-eabi/12.1.0/../../../../arm-none-eabi/lib/thumb/v7e-m+fp/softfp/libc_nano.a(lib_a-wsetup.o)
 .debug_aranges
                0x0000000000000600       0x20 /usr/lib/gcc/arm-none-eabi/12.1.0/../../../../arm-none-eabi/lib/thumb/v7e-m+fp/softfp/libc_nano.a(lib_a-abort.o)
 .debug_aranges
                0x0000000000000620       0x20 /usr/lib/gcc/arm-none-eabi/12.1.0/../../../../arm-none-eabi/lib/thumb/v7e-m+fp/softfp/libc_nano.a(lib_a-closer.o)
 .debug_aranges
                0x0000000000000640       0x30 /usr/lib/gcc/arm-none-eabi/12.1.0/../../../../arm-none-eabi/lib/thumb/v7e-m+fp/softfp/libc_nano.a(lib_a-fflush.o)
 .debug_aranges
                0x0000000000000670       0x88 /usr/lib/gcc/arm-none-eabi/12.1.0/../../../../arm-none-eabi/lib/thumb/v7e-m+fp/softfp/libc_nano.a(lib_a-findfp.o)
 .debug_aranges
                0x00000000000006f8       0x28 /usr/lib/gcc/arm-none-eabi/12.1.0/../../../../arm-none-eabi/lib/thumb/v7e-m+fp/softfp/libc_nano.a(lib_a-fwalk.o)
 .debug_aranges
                0x0000000000000720       0x28 /usr/lib/gcc/arm-none-eabi/12.1.0/../../../../arm-none-eabi/lib/thumb/v7e-m+fp/softfp/libc_nano.a(lib_a-lock.o)
 .debug_aranges
                0x0000000000000748       0x20 /usr/lib/gcc/arm-none-eabi/12.1.0/../../../../arm-none-eabi/lib/thumb/v7e-m+fp/softfp/libc_nano.a(lib_a-lseekr.o)
 .debug_aranges
                0x0000000000000768       0x28 /usr/lib/gcc/arm-none-eabi/12.1.0/../../../../arm-none-eabi/lib/thumb/v7e-m+fp/softfp/libc_nano.a(lib_a-makebuf.o)
 .debug_aranges
                0x0000000000000790       0x20 /usr/lib/gcc/arm-none-eabi/12.1.0/../../../../arm-none-eabi/lib/thumb/v7e-m+fp/softfp/libc_nano.a(lib_a-memchr.o)
 .debug_aranges
                0x00000000000007b0       0x20 /usr/lib/gcc/arm-none-eabi/12.1.0/../../../../arm-none-eabi/lib/thumb/v7e-m+fp/softfp/libc_nano.a(lib_a-memmove.o)
 .debug_aranges
                0x00000000000007d0       0x28 /usr/lib/gcc/arm-none-eabi/12.1.0/../../../../arm-none-eabi/lib/thumb/v7e-m+fp/softfp/libc_nano.a(lib_a-mlock.o)
 .debug_aranges
                0x00000000000007f8       0x20 /usr/lib/gcc/arm-none-eabi/12.1.0/../../../../arm-none-eabi/lib/thumb/v7e-m+fp/softfp/libc_nano.a(lib_a-nano-freer.o)
 .debug_aranges
                0x0000000000000818       0x20 /usr/lib/gcc/arm-none-eabi/12.1.0/../../../../arm-none-eabi/lib/thumb/v7e-m+fp/softfp/libc_nano.a(lib_a-nano-reallocr.o)
 .debug_aranges
                0x0000000000000838       0x30 /usr/lib/gcc/arm-none-eabi/12.1.0/../../../../arm-none-eabi/lib/thumb/v7e-m+fp/softfp/libc_nano.a(lib_a-nano-svfprintf.o)
 .debug_aranges
                0x0000000000000868       0x30 /usr/lib/gcc/arm-none-eabi/12.1.0/../../../../arm-none-eabi/lib/thumb/v7e-m+fp/softfp/libc_nano.a(lib_a-nano-svfscanf.o)
 .debug_aranges
                0x0000000000000898       0x28 /usr/lib/gcc/arm-none-eabi/12.1.0/../../../../arm-none-eabi/lib/thumb/v7e-m+fp/softfp/libc_nano.a(lib_a-nano-vfprintf_i.o)
 .debug_aranges
                0x00000000000008c0       0x28 /usr/lib/gcc/arm-none-eabi/12.1.0/../../../../arm-none-eabi/lib/thumb/v7e-m+fp/softfp/libc_nano.a(lib_a-nano-vfscanf_i.o)
 .debug_aranges
                0x00000000000008e8       0x20 /usr/lib/gcc/arm-none-eabi/12.1.0/../../../../arm-none-eabi/lib/thumb/v7e-m+fp/softfp/libc_nano.a(lib_a-readr.o)
 .debug_aranges
                0x0000000000000908       0x28 /usr/lib/gcc/arm-none-eabi/12.1.0/../../../../arm-none-eabi/lib/thumb/v7e-m+fp/softfp/libc_nano.a(lib_a-reent.o)
 .debug_aranges
                0x0000000000000930       0x20 /usr/lib/gcc/arm-none-eabi/12.1.0/../../../../arm-none-eabi/lib/thumb/v7e-m+fp/softfp/libc_nano.a(lib_a-sccl.o)
 .debug_aranges
                0x0000000000000950       0x58 /usr/lib/gcc/arm-none-eabi/12.1.0/../../../../arm-none-eabi/lib/thumb/v7e-m+fp/softfp/libc_nano.a(lib_a-signal.o)
 .debug_aranges
                0x00000000000009a8       0x28 /usr/lib/gcc/arm-none-eabi/12.1.0/../../../../arm-none-eabi/lib/thumb/v7e-m+fp/softfp/libc_nano.a(lib_a-signalr.o)
 .debug_aranges
                0x00000000000009d0       0x38 /usr/lib/gcc/arm-none-eabi/12.1.0/../../../../arm-none-eabi/lib/thumb/v7e-m+fp/softfp/libc_nano.a(lib_a-strtol.o)
 .debug_aranges
                0x0000000000000a08       0x38 /usr/lib/gcc/arm-none-eabi/12.1.0/../../../../arm-none-eabi/lib/thumb/v7e-m+fp/softfp/libc_nano.a(lib_a-strtoul.o)
 .debug_aranges
                0x0000000000000a40       0x30 /usr/lib/gcc/arm-none-eabi/12.1.0/../../../../arm-none-eabi/lib/thumb/v7e-m+fp/softfp/libc_nano.a(lib_a-ungetc.o)
 .debug_aranges
                0x0000000000000a70       0x18 /usr/lib/gcc/arm-none-eabi/12.1.0/../../../../arm-none-eabi/lib/thumb/v7e-m+fp/softfp/libc_nano.a(lib_a-ctype_.o)
 .debug_aranges
                0x0000000000000a88       0x20 /usr/lib/gcc/arm-none-eabi/12.1.0/../../../../arm-none-eabi/lib/thumb/v7e-m+fp/softfp/libc_nano.a(lib_a-fstatr.o)
 .debug_aranges
                0x0000000000000aa8       0x20 /usr/lib/gcc/arm-none-eabi/12.1.0/../../../../arm-none-eabi/lib/thumb/v7e-m+fp/softfp/libc_nano.a(lib_a-isattyr.o)
 .debug_aranges
                0x0000000000000ac8       0x20 /usr/lib/gcc/arm-none-eabi/12.1.0/../../../../arm-none-eabi/lib/thumb/v7e-m+fp/softfp/libc_nano.a(lib_a-nano-msizer.o)
 .debug_aranges
                0x0000000000000ae8       0x20 /usr/lib/gcc/arm-none-eabi/12.1.0/thumb/v7e-m+fp/softfp/libgcc.a(_arm_addsubdf3.o)
 .debug_aranges
                0x0000000000000b08       0x20 /usr/lib/gcc/arm-none-eabi/12.1.0/thumb/v7e-m+fp/softfp/libgcc.a(_arm_muldivdf3.o)
 .debug_aranges
                0x0000000000000b28       0x20 /usr/lib/gcc/arm-none-eabi/12.1.0/thumb/v7e-m+fp/softfp/libgcc.a(_arm_fixdfsi.o)

.debug_ranges   0x0000000000000000      0x270
 .debug_ranges  0x0000000000000000       0x78 Debug/mcu_mdriver.o
 .debug_ranges  0x0000000000000078       0x48 Debug/mcu_mlib.o
 .debug_ranges  0x00000000000000c0       0x38 Debug/mcu_mm.o
 .debug_ranges  0x00000000000000f8       0x48 Debug/mcu_timer.o
 .debug_ranges  0x0000000000000140       0x18 Debug/mcu.o
 .debug_ranges  0x0000000000000158       0x30 Debug/mcu_request.o
 .debug_ranges  0x0000000000000188       0x50 Debug/uart.o
 .debug_ranges  0x00000000000001d8       0x60 Debug/uart_dma.o
 .debug_ranges  0x0000000000000238       0x18 Debug/system_stm32f4xx.o
 .debug_ranges  0x0000000000000250       0x20 Debug/startup_stm32f411xe.o

.debug_line     0x0000000000000000     0xa147
 .debug_line    0x0000000000000000      0x7c5 Debug/mcu_mdriver.o
 .debug_line    0x00000000000007c5      0x200 Debug/mcu_mlib.o
 .debug_line    0x00000000000009c5      0x28c Debug/mcu_mm.o
 .debug_line    0x0000000000000c51      0x2db Debug/mcu_timer.o
 .debug_line    0x0000000000000f2c       0xe4 Debug/mcu.o
 .debug_line    0x0000000000001010      0x19a Debug/mcu_request.o
 .debug_line    0x00000000000011aa      0x2dd Debug/uart.o
 .debug_line    0x0000000000001487      0x34c Debug/uart_dma.o
 .debug_line    0x00000000000017d3      0x1a2 Debug/system_stm32f4xx.o
 .debug_line    0x0000000000001975       0x84 Debug/startup_stm32f411xe.o
 .debug_line    0x00000000000019f9      0x1d2 /usr/lib/gcc/arm-none-eabi/12.1.0/../../../../arm-none-eabi/lib/thumb/v7e-m+fp/softfp/libc_nano.a(lib_a-assert.o)
 .debug_line    0x0000000000001bcb      0x130 /usr/lib/gcc/arm-none-eabi/12.1.0/../../../../arm-none-eabi/lib/thumb/v7e-m+fp/softfp/libc_nano.a(lib_a-errno.o)
 .debug_line    0x0000000000001cfb      0x1e1 /usr/lib/gcc/arm-none-eabi/12.1.0/../../../../arm-none-eabi/lib/thumb/v7e-m+fp/softfp/libc_nano.a(lib_a-fprintf.o)
 .debug_line    0x0000000000001edc      0x10e /usr/lib/gcc/arm-none-eabi/12.1.0/../../../../arm-none-eabi/lib/thumb/v7e-m+fp/softfp/libc_nano.a(lib_a-impure.o)
 .debug_line    0x0000000000001fea      0x13b /usr/lib/gcc/arm-none-eabi/12.1.0/../../../../arm-none-eabi/lib/thumb/v7e-m+fp/softfp/libc_nano.a(lib_a-init.o)
 .debug_line    0x0000000000002125      0x147 /usr/lib/gcc/arm-none-eabi/12.1.0/../../../../arm-none-eabi/lib/thumb/v7e-m+fp/softfp/libc_nano.a(lib_a-memcpy-stub.o)
 .debug_line    0x000000000000226c      0x129 /usr/lib/gcc/arm-none-eabi/12.1.0/../../../../arm-none-eabi/lib/thumb/v7e-m+fp/softfp/libc_nano.a(lib_a-memset.o)
 .debug_line    0x0000000000002395      0x437 /usr/lib/gcc/arm-none-eabi/12.1.0/../../../../arm-none-eabi/lib/thumb/v7e-m+fp/softfp/libc_nano.a(lib_a-nano-mallocr.o)
 .debug_line    0x00000000000027cc      0x6a5 /usr/lib/gcc/arm-none-eabi/12.1.0/../../../../arm-none-eabi/lib/thumb/v7e-m+fp/softfp/libc_nano.a(lib_a-nano-vfprintf.o)
 .debug_line    0x0000000000002e71      0x1be /usr/lib/gcc/arm-none-eabi/12.1.0/../../../../arm-none-eabi/lib/thumb/v7e-m+fp/softfp/libc_nano.a(lib_a-sbrkr.o)
 .debug_line    0x000000000000302f      0x252 /usr/lib/gcc/arm-none-eabi/12.1.0/../../../../arm-none-eabi/lib/thumb/v7e-m+fp/softfp/libc_nano.a(lib_a-sprintf.o)
 .debug_line    0x0000000000003281      0x27d /usr/lib/gcc/arm-none-eabi/12.1.0/../../../../arm-none-eabi/lib/thumb/v7e-m+fp/softfp/libc_nano.a(lib_a-sscanf.o)
 .debug_line    0x00000000000034fe      0x297 /usr/lib/gcc/arm-none-eabi/12.1.0/../../../../arm-none-eabi/lib/thumb/v7e-m+fp/softfp/libc_nano.a(lib_a-stdio.o)
 .debug_line    0x0000000000003795      0x10d /usr/lib/gcc/arm-none-eabi/12.1.0/../../../../arm-none-eabi/lib/thumb/v7e-m+fp/softfp/libc_nano.a(lib_a-strcat.o)
 .debug_line    0x00000000000038a2      0x522 /usr/lib/gcc/arm-none-eabi/12.1.0/../../../../arm-none-eabi/lib/thumb/v7e-m+fp/softfp/libc_nano.a(lib_a-strerror.o)
 .debug_line    0x0000000000003dc4       0x4f /usr/lib/gcc/arm-none-eabi/12.1.0/../../../../arm-none-eabi/lib/thumb/v7e-m+fp/softfp/libc_nano.a(lib_a-strlen.o)
 .debug_line    0x0000000000003e13       0x86 /usr/lib/gcc/arm-none-eabi/12.1.0/../../../../arm-none-eabi/lib/thumb/v7e-m+fp/softfp/libc_nano.a(lib_a-u_strerr.o)