Archive member included to satisfy reference by file (symbol)

/usr/lib/gcc/arm-none-eabi/12.1.0/../../../../arm-none-eabi/lib/thumb/v7e-m+fp/softfp/libc_nano.a(lib_a-assert.o)
                              Debug/mcu_mdriver.o (__assert_func)
/usr/lib/gcc/arm-none-eabi/12.1.0/../../../../arm-none-eabi/lib/thumb/v7e-m+fp/softfp/libc_nano.a(lib_a-atexit.o)
                              /usr/lib/gcc/arm-none-eabi/12.1.0/../../../../arm-none-eabi/lib/thumb/v7e-m+fp/softfp/crt0.o (atexit)
/usr/lib/gcc/arm-none-eabi/12.1.0/../../../../arm-none-eabi/lib/thumb/v7e-m+fp/softfp/libc_nano.a(lib_a-errno.o)
                              Debug/mcu_mdriver.o (__errno)
/usr/lib/gcc/arm-none-eabi/12.1.0/../../../../arm-none-eabi/lib/thumb/v7e-m+fp/softfp/libc_nano.a(lib_a-exit.o)
                              /usr/lib/gcc/arm-none-eabi/12.1.0/../../../../arm-none-eabi/lib/thumb/v7e-m+fp/softfp/crt0.o (exit)
/usr/lib/gcc/arm-none-eabi/12.1.0/../../../../arm-none-eabi/lib/thumb/v7e-m+fp/softfp/libc_nano.a(lib_a-fini.o)
                              /usr/lib/gcc/arm-none-eabi/12.1.0/../../../../arm-none-eabi/lib/thumb/v7e-m+fp/softfp/crt0.o (__libc_fini_array)
/usr/lib/gcc/arm-none-eabi/12.1.0/../../../../arm-none-eabi/lib/thumb/v7e-m+fp/softfp/libc_nano.a(lib_a-fprintf.o)
                              /usr/lib/gcc/arm-none-eabi/12.1.0/../../../../arm-none-eabi/lib/thumb/v7e-m+fp/softfp/libc_nano.a(lib_a-assert.o) (fiprintf)
/usr/lib/gcc/arm-none-eabi/12.1.0/../../../../arm-none-eabi/lib/thumb/v7e-m+fp/softfp/libc_nano.a(lib_a-impure.o)
                              /usr/lib/gcc/arm-none-eabi/12.1.0/../../../../arm-none-eabi/lib/thumb/v7e-m+fp/softfp/libc_nano.a(lib_a-exit.o) (_global_impure_ptr)
/usr/lib/gcc/arm-none-eabi/12.1.0/../../../../arm-none-eabi/lib/thumb/v7e-m+fp/softfp/libc_nano.a(lib_a-init.o)
                              /usr/lib/gcc/arm-none-eabi/12.1.0/../../../../arm-none-eabi/lib/thumb/v7e-m+fp/softfp/crt0.o (__libc_init_array)
/usr/lib/gcc/arm-none-eabi/12.1.0/../../../../arm-none-eabi/lib/thumb/v7e-m+fp/softfp/libc_nano.a(lib_a-memcpy-stub.o)
                              Debug/mcu_mm.o (memcpy)
/usr/lib/gcc/arm-none-eabi/12.1.0/../../../../arm-none-eabi/lib/thumb/v7e-m+fp/softfp/libc_nano.a(lib_a-memset.o)
                              /usr/lib/gcc/arm-none-eabi/12.1.0/../../../../arm-none-eabi/lib/thumb/v7e-m+fp/softfp/crt0.o (memset)
/usr/lib/gcc/arm-none-eabi/12.1.0/../../../../arm-none-eabi/lib/thumb/v7e-m+fp/softfp/libc_nano.a(lib_a-nano-mallocr.o)
                              Debug/mcu_mlib.o (__malloc_sbrk_start)
/usr/lib/gcc/arm-none-eabi/12.1.0/../../../../arm-none-eabi/lib/thumb/v7e-m+fp/softfp/libc_nano.a(lib_a-nano-vfprintf.o)
                              /usr/lib/gcc/arm-none-eabi/12.1.0/../../../../arm-none-eabi/lib/thumb/v7e-m+fp/softfp/libc_nano.a(lib_a-fprintf.o) (_vfprintf_r)
/usr/lib/gcc/arm-none-eabi/12.1.0/../../../../arm-none-eabi/lib/thumb/v7e-m+fp/softfp/libc_nano.a(lib_a-sbrkr.o)
                              /usr/lib/gcc/arm-none-eabi/12.1.0/../../../../arm-none-eabi/lib/thumb/v7e-m+fp/softfp/libc_nano.a(lib_a-nano-mallocr.o) (_sbrk_r)
/usr/lib/gcc/arm-none-eabi/12.1.0/../../../../arm-none-eabi/lib/thumb/v7e-m+fp/softfp/libc_nano.a(lib_a-sprintf.o)
                              Debug/mcu_mdriver.o (sprintf)
/usr/lib/gcc/arm-none-eabi/12.1.0/../../../../arm-none-eabi/lib/thumb/v7e-m+fp/softfp/libc_nano.a(lib_a-sscanf.o)
                              Debug/mcu_mdriver.o (sscanf)
/usr/lib/gcc/arm-none-eabi/12.1.0/../../../../arm-none-eabi/lib/thumb/v7e-m+fp/softfp/libc_nano.a(lib_a-stdio.o)
                              /usr/lib/gcc/arm-none-eabi/12.1.0/../../../../arm-none-eabi/lib/thumb/v7e-m+fp/softfp/libc_nano.a(lib_a-sscanf.o) (__seofread)
/usr/lib/gcc/arm-none-eabi/12.1.0/../../../../arm-none-eabi/lib/thumb/v7e-m+fp/softfp/libc_nano.a(lib_a-strcat.o)
                              Debug/mcu.o (strcat)
/usr/lib/gcc/arm-none-eabi/12.1.0/../../../../arm-none-eabi/lib/thumb/v7e-m+fp/softfp/libc_nano.a(lib_a-strerror.o)
                              Debug/mcu_mdriver.o (strerror)
/usr/lib/gcc/arm-none-eabi/12.1.0/../../../../arm-none-eabi/lib/thumb/v7e-m+fp/softfp/libc_nano.a(lib_a-strlen.o)
                              Debug/mcu.o (strlen)
/usr/lib/gcc/arm-none-eabi/12.1.0/../../../../arm-none-eabi/lib/thumb/v7e-m+fp/softfp/libc_nano.a(lib_a-u_strerr.o)
                              /usr/lib/gcc/arm-none-eabi/12.1.0/../../../../arm-none-eabi/lib/thumb/v7e-m+fp/softfp/libc_nano.a(lib_a-strerror.o) (_user_strerror)
/usr/lib/gcc/arm-none-eabi/12.1.0/../../../../arm-none-eabi/lib/thumb/v7e-m+fp/softfp/libc_nano.a(lib_a-wbuf.o)
                              /usr/lib/gcc/arm-none-eabi/12.1.0/../../../../arm-none-eabi/lib/thumb/v7e-m+fp/softfp/libc_nano.a(lib_a-nano-vfprintf.o) (__swbuf_r)
/usr/lib/gcc/arm-none-eabi/12.1.0/../../../../arm-none-eabi/lib/thumb/v7e-m+fp/softfp/libc_nano.a(lib_a-writer.o)
[...]
Memory Configuration

Name             Origin             Length             Attributes
RAM              0x0000000020000000 0x0000000000020000 xrw
FLASH            0x0000000008000000 0x0000000000080000 xr
*default*        0x0000000000000000 0xffffffffffffffff

Linker script and memory map

LOAD /usr/lib/gcc/arm-none-eabi/12.1.0/thumb/v7e-m+fp/softfp/crti.o
LOAD /usr/lib/gcc/arm-none-eabi/12.1.0/thumb/v7e-m+fp/softfp/crtbegin.o
LOAD /usr/lib/gcc/arm-none-eabi/12.1.0/../../../../arm-none-eabi/lib/thumb/v7e-m+fp/softfp/crt0.o
LOAD Debug/mcu_mdriver.o
LOAD Debug/mcu_mlib.o
LOAD Debug/mcu_mm.o
LOAD Debug/mcu_timer.o
LOAD Debug/mcu.o
LOAD Debug/mcu_request.o
LOAD Debug/uart.o
LOAD Debug/uart_dma.o
LOAD Debug/system_stm32f4xx.o
LOAD Debug/startup_stm32f411xe.o
LOAD /usr/lib/gcc/arm-none-eabi/12.1.0/../../../../arm-none-eabi/lib/thumb/v7e-m+fp/softfp/libc_nano.a
START GROUP
LOAD /usr/lib/gcc/arm-none-eabi/12.1.0/thumb/v7e-m+fp/softfp/libgcc.a
LOAD /usr/lib/gcc/arm-none-eabi/12.1.0/../../../../arm-none-eabi/lib/thumb/v7e-m+fp/softfp/libc_nano.a
END GROUP
START GROUP
LOAD /usr/lib/gcc/arm-none-eabi/12.1.0/thumb/v7e-m+fp/softfp/libgcc.a
LOAD /usr/lib/gcc/arm-none-eabi/12.1.0/../../../../arm-none-eabi/lib/thumb/v7e-m+fp/softfp/libc_nano.a
LOAD /usr/lib/gcc/arm-none-eabi/12.1.0/../../../../arm-none-eabi/lib/thumb/v7e-m+fp/softfp/libnosys.a
END GROUP
START GROUP
LOAD /usr/lib/gcc/arm-none-eabi/12.1.0/thumb/v7e-m+fp/softfp/libgcc.a
LOAD /usr/lib/gcc/arm-none-eabi/12.1.0/../../../../arm-none-eabi/lib/thumb/v7e-m+fp/softfp/libc_nano.a
LOAD /usr/lib/gcc/arm-none-eabi/12.1.0/../../../../arm-none-eabi/lib/thumb/v7e-m+fp/softfp/libnosys.a
END GROUP
LOAD /usr/lib/gcc/arm-none-eabi/12.1.0/thumb/v7e-m+fp/softfp/crtend.o
LOAD /usr/lib/gcc/arm-none-eabi/12.1.0/thumb/v7e-m+fp/softfp/crtn.o
                0x0000000020020000                _estack = (ORIGIN (RAM) + LENGTH (RAM))
                0x0000000000000200                _Min_Heap_Size = 0x200
                0x0000000000000400                _Min_Stack_Size = 0x400

.isr_vector     0x0000000008000000      0x198
                0x0000000008000000                . = ALIGN (0x4)
 *(.isr_vector)
 .isr_vector    0x0000000008000000      0x198 Debug/startup_stm32f411xe.o
                0x0000000008000000                g_pfnVectors
                0x0000000008000198                . = ALIGN (0x4)

.text           0x00000000080001a0     0x4430
                0x00000000080001a0                . = ALIGN (0x4)
 *(.text)
 .text          0x00000000080001a0       0x10 /usr/lib/gcc/arm-none-eabi/12.1.0/../../../../arm-none-eabi/lib/thumb/v7e-m+fp/softfp/libc_nano.a(lib_a-strlen.o)
                0x00000000080001a0                strlen
 .text          0x00000000080001b0       0xa0 /usr/lib/gcc/arm-none-eabi/12.1.0/../../../../arm-none-eabi/lib/thumb/v7e-m+fp/softfp/libc_nano.a(lib_a-memchr.o)
                0x00000000080001b0                memchr
 .text          0x0000000008000250      0x378 /usr/lib/gcc/arm-none-eabi/12.1.0/thumb/v7e-m+fp/softfp/libgcc.a(_arm_addsubdf3.o)
                0x0000000008000250                __aeabi_drsub
                0x0000000008000258                __aeabi_dsub
                0x0000000008000258                __subdf3
                0x000000000800025c                __adddf3
                0x000000000800025c                __aeabi_dadd
                0x00000000080004d4                __aeabi_ui2d
                0x00000000080004d4                __floatunsidf
                0x00000000080004f4                __floatsidf
                0x00000000080004f4                __aeabi_i2d
                0x0000000008000518                __extendsfdf2
                0x0000000008000518                __aeabi_f2d
                0x000000000800055c                __aeabi_ul2d
                0x000000000800055c                __floatundidf
                0x000000000800056c                __floatdidf
                0x000000000800056c                __aeabi_l2d
 .text          0x00000000080005c8      0x424 /usr/lib/gcc/arm-none-eabi/12.1.0/thumb/v7e-m+fp/softfp/libgcc.a(_arm_muldivdf3.o)
                0x00000000080005c8                __aeabi_dmul
                0x00000000080005c8                __muldf3
                0x000000000800081c                __aeabi_ddiv
                0x000000000800081c                __divdf3
 .text          0x00000000080009ec       0x50 /usr/lib/gcc/arm-none-eabi/12.1.0/thumb/v7e-m+fp/softfp/libgcc.a(_arm_fixdfsi.o)
                0x00000000080009ec                __fixdfsi
                0x00000000080009ec                __aeabi_d2iz
 *(.text*)
 .text.__do_global_dtors_aux
                0x0000000008000a3c       0x24 /usr/lib/gcc/arm-none-eabi/12.1.0/thumb/v7e-m+fp/softfp/crtbegin.o
 .text.frame_dummy
                0x0000000008000a60       0x1c /usr/lib/gcc/arm-none-eabi/12.1.0/thumb/v7e-m+fp/softfp/crtbegin.o
 .text.stack_test
                0x0000000008000a7c       0x32 Debug/mcu_mdriver.o
 .text.heap_test
                0x0000000008000aae       0x16 Debug/mcu_mdriver.o
 .text.main     0x0000000008000ac4      0x248 Debug/mcu_mdriver.o
                0x0000000008000ac4                main
 .text.add_range
                0x0000000008000d0c      0x160 Debug/mcu_mdriver.o
 .text.remove_range
                0x0000000008000e6c       0x4a Debug/mcu_mdriver.o
 .text.clear_ranges
                0x0000000008000eb6       0x32 Debug/mcu_mdriver.o
 .text.read_trace
                0x0000000008000ee8      0x424 Debug/mcu_mdriver.o
 .text.free_trace
                0x000000000800130c       0x32 Debug/mcu_mdriver.o
 *fill*         0x000000000800133e        0x2 
 .text.eval_mm_valid
                0x0000000008001340      0x210 Debug/mcu_mdriver.o
 .text.eval_mm_util
                0x0000000008001550      0x1d4 Debug/mcu_mdriver.o
 .text.printresults
                0x0000000008001724      0x268 Debug/mcu_mdriver.o
 .text.app_error
                0x000000000800198c       0x2c Debug/mcu_mdriver.o
 .text.unix_error
                0x00000000080019b8       0x3c Debug/mcu_mdriver.o
 .text.malloc_error
                0x00000000080019f4       0x48 Debug/mcu_mdriver.o
 .text.mem_init
                0x0000000008001a3c       0x58 Debug/mcu_mlib.o
                0x0000000008001a3c                mem_init
 .text.mem_sbrk
                0x0000000008001a94       0x84 Debug/mcu_mlib.o
                0x0000000008001a94                mem_sbrk
 .text.mem_heap_lo
                0x0000000008001b18        0xc Debug/mcu_mlib.o
                0x0000000008001b18                mem_heap_lo
 .text.mem_heap_hi
                0x0000000008001b24       0x10 Debug/mcu_mlib.o
                0x0000000008001b24                mem_heap_hi
 .text.mem_heapsize
                0x0000000008001b34       0x18 Debug/mcu_mlib.o
                0x0000000008001b34                mem_heapsize
 .text.extend_heap
                0x0000000008001b4c       0x3c Debug/mcu_mm.o
 .text.mm_init  0x0000000008001b88       0x74 Debug/mcu_mm.o
                0x0000000008001b88                mm_init
 .text.mm_malloc
                0x0000000008001bfc       0xd8 Debug/mcu_mm.o
                0x0000000008001bfc                mm_malloc
 .text.mm_free  0x0000000008001cd4       0x38 Debug/mcu_mm.o
                0x0000000008001cd4                mm_free
 .text.mm_realloc
                0x0000000008001d0c       0xcc Debug/mcu_mm.o
                0x0000000008001d0c                mm_realloc
 .text.__NVIC_EnableIRQ
                0x0000000008001dd8       0x34 Debug/mcu_timer.o
 .text.__NVIC_SetPriority
                0x0000000008001e0c       0x50 Debug/mcu_timer.o
 .text.TIM2_IRQHandler
                0x0000000008001e5c       0x68 Debug/mcu_timer.o
                0x0000000008001e5c                TIM2_IRQHandler
 .text.get_time
                0x0000000008001ec4        0xc Debug/mcu_timer.o
                0x0000000008001ec4                get_time
 .text.timer_init
                0x0000000008001ed0       0x5c Debug/mcu_timer.o
                0x0000000008001ed0                timer_init
 .text.loop     0x0000000008001f2c        0x4 Debug/mcu.o
                0x0000000008001f2c                loop
 .text.var_print
                0x0000000008001f30       0x34 Debug/mcu.o
                0x0000000008001f30                var_print
 .text.send     0x0000000008001f64       0x18 Debug/mcu_request.o
 .text.receive  0x0000000008001f7c       0x18 Debug/mcu_request.o
 .text.mem_req_setup
                0x0000000008001f94       0x12 Debug/mcu_request.o
                0x0000000008001f94                mem_req_setup
 .text.req_send
                0x0000000008001fa6       0x16 Debug/mcu_request.o
                0x0000000008001fa6                req_send
 .text.req_receive
                0x0000000008001fbc       0x16 Debug/mcu_request.o
                0x0000000008001fbc                req_receive
 *fill*         0x0000000008001fd2        0x2 
 .text.uart_send
                0x0000000008001fd4       0x40 Debug/uart.o
                0x0000000008001fd4                uart_send
 .text.uart_receive
                0x0000000008002014       0x44 Debug/uart.o
                0x0000000008002014                uart_receive
 .text.uart_pin_setup
                0x0000000008002058       0x54 Debug/uart.o
 .text.led_on   0x00000000080020ac       0x28 Debug/uart.o
                0x00000000080020ac                led_on
 .text.led_off  0x00000000080020d4       0x28 Debug/uart.o
                0x00000000080020d4                led_off
 .text.led_init
                0x00000000080020fc       0x3c Debug/uart.o
                0x00000000080020fc                led_init
 .text.uart_enable
                0x0000000008002138       0x54 Debug/uart.o
 .text.uart_init
                0x000000000800218c       0x12 Debug/uart.o
                0x000000000800218c                uart_init
 *fill*         0x000000000800219e        0x2 
 .text.DMA1_Stream5_IRQHandler
                0x00000000080021a0       0x3c Debug/uart_dma.o
                0x00000000080021a0                DMA1_Stream5_IRQHandler
 .text.DMA1_Stream6_IRQHandler
                0x00000000080021dc       0x2c Debug/uart_dma.o
                0x00000000080021dc                DMA1_Stream6_IRQHandler
 .text.uart_dma_init
                0x0000000008002208       0x3c Debug/uart_dma.o
                0x0000000008002208                uart_dma_init
 .text.SystemInit
                0x0000000008002244       0x5c Debug/system_stm32f4xx.o
                0x0000000008002244                SystemInit
 .text.set_sysclk_to_100
                0x00000000080022a0       0xc4 Debug/system_stm32f4xx.o
                0x00000000080022a0                set_sysclk_to_100
 .text.Reset_Handler
                0x0000000008002364       0x50 Debug/startup_stm32f411xe.o
                0x0000000008002364                Reset_Handler
 .text.Default_Handler
                0x00000000080023b4        0x2 Debug/startup_stm32f411xe.o
                0x00000000080023b4                RTC_Alarm_IRQHandler
                0x00000000080023b4                EXTI2_IRQHandler
                0x00000000080023b4                DebugMon_Handler
                0x00000000080023b4                SPI4_IRQHandler
                0x00000000080023b4                TIM1_CC_IRQHandler
                0x00000000080023b4                DMA2_Stream5_IRQHandler
                0x00000000080023b4                HardFault_Handler
                0x00000000080023b4                SysTick_Handler
                0x00000000080023b4                PVD_IRQHandler
                0x00000000080023b4                SDIO_IRQHandler
                0x00000000080023b4                TAMP_STAMP_IRQHandler
                0x00000000080023b4                PendSV_Handler
                0x00000000080023b4                NMI_Handler
                0x00000000080023b4                EXTI3_IRQHandler
                0x00000000080023b4                TIM1_UP_TIM10_IRQHandler
                0x00000000080023b4                I2C3_ER_IRQHandler
                0x00000000080023b4                EXTI0_IRQHandler
                0x00000000080023b4                I2C2_EV_IRQHandler
                0x00000000080023b4                DMA1_Stream2_IRQHandler
                0x00000000080023b4                FPU_IRQHandler
                0x00000000080023b4                UsageFault_Handler
                0x00000000080023b4                DMA2_Stream2_IRQHandler
                0x00000000080023b4                SPI1_IRQHandler
                0x00000000080023b4                TIM1_BRK_TIM9_IRQHandler
                0x00000000080023b4                DMA2_Stream3_IRQHandler
                0x00000000080023b4                USART6_IRQHandler
                0x00000000080023b4                DMA2_Stream0_IRQHandler
                0x00000000080023b4                TIM4_IRQHandler
                0x00000000080023b4                I2C1_EV_IRQHandler
                0x00000000080023b4                DMA1_Stream1_IRQHandler
                0x00000000080023b4                TIM3_IRQHandler
                0x00000000080023b4                RCC_IRQHandler
                0x00000000080023b4                Default_Handler
                0x00000000080023b4                EXTI15_10_IRQHandler
                0x00000000080023b4                ADC_IRQHandler
                0x00000000080023b4                DMA1_Stream7_IRQHandler
                0x00000000080023b4                SPI5_IRQHandler
                0x00000000080023b4                TIM5_IRQHandler
                0x00000000080023b4                DMA2_Stream7_IRQHandler
                0x00000000080023b4                I2C3_EV_IRQHandler
                0x00000000080023b4                EXTI9_5_IRQHandler
                0x00000000080023b4                RTC_WKUP_IRQHandler
                0x00000000080023b4                SPI2_IRQHandler
                0x00000000080023b4                MemManage_Handler
                0x00000000080023b4                DMA1_Stream0_IRQHandler
                0x00000000080023b4                SVC_Handler
                0x00000000080023b4                EXTI4_IRQHandler
                0x00000000080023b4                WWDG_IRQHandler
                0x00000000080023b4                OTG_FS_WKUP_IRQHandler
                0x00000000080023b4                TIM1_TRG_COM_TIM11_IRQHandler
                0x00000000080023b4                EXTI1_IRQHandler
                0x00000000080023b4                USART2_IRQHandler
                0x00000000080023b4                I2C2_ER_IRQHandler
                0x00000000080023b4                DMA2_Stream1_IRQHandler
                0x00000000080023b4                FLASH_IRQHandler
                0x00000000080023b4                DMA2_Stream4_IRQHandler
                0x00000000080023b4                BusFault_Handler
                0x00000000080023b4                USART1_IRQHandler
                0x00000000080023b4                OTG_FS_IRQHandler
                0x00000000080023b4                SPI3_IRQHandler
                0x00000000080023b4                DMA1_Stream4_IRQHandler
                0x00000000080023b4                I2C1_ER_IRQHandler
                0x00000000080023b4                DMA2_Stream6_IRQHandler
                0x00000000080023b4                DMA1_Stream3_IRQHandler
 *fill*         0x00000000080023b6        0x2 
 .text.__assert_func
                0x00000000080023b8       0x3c /usr/lib/gcc/arm-none-eabi/12.1.0/../../../../arm-none-eabi/lib/thumb/v7e-m+fp/softfp/libc_nano.a(lib_a-assert.o)
                0x00000000080023b8                __assert_func
 .text.__errno  0x00000000080023f4        0xc /usr/lib/gcc/arm-none-eabi/12.1.0/../../../../arm-none-eabi/lib/thumb/v7e-m+fp/softfp/libc_nano.a(lib_a-errno.o)
                0x00000000080023f4                __errno
 .text.fprintf  0x0000000008002400       0x24 /usr/lib/gcc/arm-none-eabi/12.1.0/../../../../arm-none-eabi/lib/thumb/v7e-m+fp/softfp/libc_nano.a(lib_a-fprintf.o)
                0x0000000008002400                fprintf
                0x0000000008002400                fiprintf
 .text.__libc_init_array
                0x0000000008002424       0x48 /usr/lib/gcc/arm-none-eabi/12.1.0/../../../../arm-none-eabi/lib/thumb/v7e-m+fp/softfp/libc_nano.a(lib_a-init.o)
                0x0000000008002424                __libc_init_array
 .text.memcpy   0x000000000800246c       0x1c /usr/lib/gcc/arm-none-eabi/12.1.0/../../../../arm-none-eabi/lib/thumb/v7e-m+fp/softfp/libc_nano.a(lib_a-memcpy-stub.o)
                0x000000000800246c                memcpy
 .text.memset   0x0000000008002488       0x10 /usr/lib/gcc/arm-none-eabi/12.1.0/../../../../arm-none-eabi/lib/thumb/v7e-m+fp/softfp/libc_nano.a(lib_a-memset.o)
                0x0000000008002488                memset
 .text.sbrk_aligned
                0x0000000008002498       0x40 /usr/lib/gcc/arm-none-eabi/12.1.0/../../../../arm-none-eabi/lib/thumb/v7e-m+fp/softfp/libc_nano.a(lib_a-nano-mallocr.o)
 .text._malloc_r
                0x00000000080024d8       0xe8 /usr/lib/gcc/arm-none-eabi/12.1.0/../../../../arm-none-eabi/lib/thumb/v7e-m+fp/softfp/libc_nano.a(lib_a-nano-mallocr.o)
                0x00000000080024d8                _malloc_r
 .text.__sfputc_r
                0x00000000080025c0       0x2e /usr/lib/gcc/arm-none-eabi/12.1.0/../../../../arm-none-eabi/lib/thumb/v7e-m+fp/softfp/libc_nano.a(lib_a-nano-vfprintf.o)
 .text.__sfputs_r
                0x00000000080025ee       0x24 /usr/lib/gcc/arm-none-eabi/12.1.0/../../../../arm-none-eabi/lib/thumb/v7e-m+fp/softfp/libc_nano.a(lib_a-nano-vfprintf.o)
                0x00000000080025ee                __sfputs_r
 *fill*         0x0000000008002612        0x2 
 .text._vfprintf_r
                0x0000000008002614      0x25c /usr/lib/gcc/arm-none-eabi/12.1.0/../../../../arm-none-eabi/lib/thumb/v7e-m+fp/softfp/libc_nano.a(lib_a-nano-vfprintf.o)
                0x0000000008002614                _vfiprintf_r
                0x0000000008002614                _vfprintf_r
 .text._sbrk_r  0x0000000008002870       0x20 /usr/lib/gcc/arm-none-eabi/12.1.0/../../../../arm-none-eabi/lib/thumb/v7e-m+fp/softfp/libc_nano.a(lib_a-sbrkr.o)
                0x0000000008002870                _sbrk_r
 .text.sprintf  0x0000000008002890       0x40 /usr/lib/gcc/arm-none-eabi/12.1.0/../../../../arm-none-eabi/lib/thumb/v7e-m+fp/softfp/libc_nano.a(lib_a-sprintf.o)
                0x0000000008002890                sprintf
                0x0000000008002890                siprintf
 .text.sscanf   0x00000000080028d0       0x58 /usr/lib/gcc/arm-none-eabi/12.1.0/../../../../arm-none-eabi/lib/thumb/v7e-m+fp/softfp/libc_nano.a(lib_a-sscanf.o)
                0x00000000080028d0                sscanf
                0x00000000080028d0                siscanf
 .text.__sread  0x0000000008002928       0x22 /usr/lib/gcc/arm-none-eabi/12.1.0/../../../../arm-none-eabi/lib/thumb/v7e-m+fp/softfp/libc_nano.a(lib_a-stdio.o)
                0x0000000008002928                __sread
 .text.__seofread
                0x000000000800294a        0x4 /usr/lib/gcc/arm-none-eabi/12.1.0/../../../../arm-none-eabi/lib/thumb/v7e-m+fp/softfp/libc_nano.a(lib_a-stdio.o)
                0x000000000800294a                __seofread
 .text.__swrite
                0x000000000800294e       0x38 /usr/lib/gcc/arm-none-eabi/12.1.0/../../../../arm-none-eabi/lib/thumb/v7e-m+fp/softfp/libc_nano.a(lib_a-stdio.o)
                0x000000000800294e                __swrite
 .text.__sseek  0x0000000008002986       0x24 /usr/lib/gcc/arm-none-eabi/12.1.0/../../../../arm-none-eabi/lib/thumb/v7e-m+fp/softfp/libc_nano.a(lib_a-stdio.o)
                0x0000000008002986                __sseek
 .text.__sclose
                0x00000000080029aa        0x8 /usr/lib/gcc/arm-none-eabi/12.1.0/../../../../arm-none-eabi/lib/thumb/v7e-m+fp/softfp/libc_nano.a(lib_a-stdio.o)
                0x00000000080029aa                __sclose
 .text.strcat   0x00000000080029b2       0x1e /usr/lib/gcc/arm-none-eabi/12.1.0/../../../../arm-none-eabi/lib/thumb/v7e-m+fp/softfp/libc_nano.a(lib_a-strcat.o)
                0x00000000080029b2                strcat
 .text._strerror_r
                0x00000000080029d0      0x3cc /usr/lib/gcc/arm-none-eabi/12.1.0/../../../../arm-none-eabi/lib/thumb/v7e-m+fp/softfp/libc_nano.a(lib_a-strerror.o)
                0x00000000080029d0                _strerror_r
 .text.strerror
                0x0000000008002d9c       0x14 /usr/lib/gcc/arm-none-eabi/12.1.0/../../../../arm-none-eabi/lib/thumb/v7e-m+fp/softfp/libc_nano.a(lib_a-strerror.o)
                0x0000000008002d9c                strerror
 .text._user_strerror
                0x0000000008002db0        0x4 /usr/lib/gcc/arm-none-eabi/12.1.0/../../../../arm-none-eabi/lib/thumb/v7e-m+fp/softfp/libc_nano.a(lib_a-u_strerr.o)
                0x0000000008002db0                _user_strerror
 .text.__swbuf_r
                0x0000000008002db4       0xa4 /usr/lib/gcc/arm-none-eabi/12.1.0/../../../../arm-none-eabi/lib/thumb/v7e-m+fp/softfp/libc_nano.a(lib_a-wbuf.o)
                0x0000000008002db4                __swbuf_r
 .text._write_r
                0x0000000008002e58       0x24 /usr/lib/gcc/arm-none-eabi/12.1.0/../../../../arm-none-eabi/lib/thumb/v7e-m+fp/softfp/libc_nano.a(lib_a-writer.o)
                0x0000000008002e58                _write_r
 .text.__swsetup_r
                0x0000000008002e7c       0xdc /usr/lib/gcc/arm-none-eabi/12.1.0/../../../../arm-none-eabi/lib/thumb/v7e-m+fp/softfp/libc_nano.a(lib_a-wsetup.o)
                0x0000000008002e7c                __swsetup_r
 .text.abort    0x0000000008002f58        0xe /usr/lib/gcc/arm-none-eabi/12.1.0/../../../../arm-none-eabi/lib/thumb/v7e-m+fp/softfp/libc_nano.a(lib_a-abort.o)
                0x0000000008002f58                abort
 *fill*         0x0000000008002f66        0x2 
 .text._close_r
                0x0000000008002f68       0x20 /usr/lib/gcc/arm-none-eabi/12.1.0/../../../../arm-none-eabi/lib/thumb/v7e-m+fp/softfp/libc_nano.a(lib_a-closer.o)
                0x0000000008002f68                _close_r
 .text.__sflush_r
                0x0000000008002f88      0x10c /usr/lib/gcc/arm-none-eabi/12.1.0/../../../../arm-none-eabi/lib/thumb/v7e-m+fp/softfp/libc_nano.a(lib_a-fflush.o)
                0x0000000008002f88                __sflush_r
 .text._fflush_r
                0x0000000008003094       0x78 /usr/lib/gcc/arm-none-eabi/12.1.0/../../../../arm-none-eabi/lib/thumb/v7e-m+fp/softfp/libc_nano.a(lib_a-fflush.o)
                0x0000000008003094                _fflush_r
 .text.std      0x000000000800310c       0x48 /usr/lib/gcc/arm-none-eabi/12.1.0/../../../../arm-none-eabi/lib/thumb/v7e-m+fp/softfp/libc_nano.a(lib_a-findfp.o)
 .text._cleanup_r
                0x0000000008003154        0xc /usr/lib/gcc/arm-none-eabi/12.1.0/../../../../arm-none-eabi/lib/thumb/v7e-m+fp/softfp/libc_nano.a(lib_a-findfp.o)
                0x0000000008003154                _cleanup_r
 .text.__sfmoreglue
                0x0000000008003160       0x2c /usr/lib/gcc/arm-none-eabi/12.1.0/../../../../arm-none-eabi/lib/thumb/v7e-m+fp/softfp/libc_nano.a(lib_a-findfp.o)
                0x0000000008003160                __sfmoreglue
 .text.__sfp_lock_acquire
                0x000000000800318c        0xc /usr/lib/gcc/arm-none-eabi/12.1.0/../../../../arm-none-eabi/lib/thumb/v7e-m+fp/softfp/libc_nano.a(lib_a-findfp.o)
                0x000000000800318c                __sfp_lock_acquire
 .text.__sfp_lock_release
                0x0000000008003198        0xc /usr/lib/gcc/arm-none-eabi/12.1.0/../../../../arm-none-eabi/lib/thumb/v7e-m+fp/softfp/libc_nano.a(lib_a-findfp.o)
                0x0000000008003198                __sfp_lock_release
 .text.__sinit_lock_acquire
                0x00000000080031a4        0xc /usr/lib/gcc/arm-none-eabi/12.1.0/../../../../arm-none-eabi/lib/thumb/v7e-m+fp/softfp/libc_nano.a(lib_a-findfp.o)
                0x00000000080031a4                __sinit_lock_acquire
 .text.__sinit_lock_release
                0x00000000080031b0        0xc /usr/lib/gcc/arm-none-eabi/12.1.0/../../../../arm-none-eabi/lib/thumb/v7e-m+fp/softfp/libc_nano.a(lib_a-findfp.o)
                0x00000000080031b0                __sinit_lock_release
 .text.__sinit  0x00000000080031bc       0x70 /usr/lib/gcc/arm-none-eabi/12.1.0/../../../../arm-none-eabi/lib/thumb/v7e-m+fp/softfp/libc_nano.a(lib_a-findfp.o)
                0x00000000080031bc                __sinit
 .text.__sfp    0x000000000800322c       0x8c /usr/lib/gcc/arm-none-eabi/12.1.0/../../../../arm-none-eabi/lib/thumb/v7e-m+fp/softfp/libc_nano.a(lib_a-findfp.o)
                0x000000000800322c                __sfp
 .text._fwalk_reent
                0x00000000080032b8       0x3e /usr/lib/gcc/arm-none-eabi/12.1.0/../../../../arm-none-eabi/lib/thumb/v7e-m+fp/softfp/libc_nano.a(lib_a-fwalk.o)
                0x00000000080032b8                _fwalk_reent
 .text.__retarget_lock_init_recursive
                0x00000000080032f6        0x2 /usr/lib/gcc/arm-none-eabi/12.1.0/../../../../arm-none-eabi/lib/thumb/v7e-m+fp/softfp/libc_nano.a(lib_a-lock.o)
                0x00000000080032f6                __retarget_lock_init_recursive
 .text.__retarget_lock_acquire_recursive
                0x00000000080032f8        0x2 /usr/lib/gcc/arm-none-eabi/12.1.0/../../../../arm-none-eabi/lib/thumb/v7e-m+fp/softfp/libc_nano.a(lib_a-lock.o)
                0x00000000080032f8                __retarget_lock_acquire_recursive
 .text.__retarget_lock_release_recursive
                0x00000000080032fa        0x2 /usr/lib/gcc/arm-none-eabi/12.1.0/../../../../arm-none-eabi/lib/thumb/v7e-m+fp/softfp/libc_nano.a(lib_a-lock.o)
                0x00000000080032fa                __retarget_lock_release_recursive
 .text._lseek_r
                0x00000000080032fc       0x24 /usr/lib/gcc/arm-none-eabi/12.1.0/../../../../arm-none-eabi/lib/thumb/v7e-m+fp/softfp/libc_nano.a(lib_a-lseekr.o)
                0x00000000080032fc                _lseek_r
 .text.__swhatbuf_r
                0x0000000008003320       0x4c /usr/lib/gcc/arm-none-eabi/12.1.0/../../../../arm-none-eabi/lib/thumb/v7e-m+fp/softfp/libc_nano.a(lib_a-makebuf.o)
                0x0000000008003320                __swhatbuf_r
 .text.__smakebuf_r
                0x000000000800336c       0x80 /usr/lib/gcc/arm-none-eabi/12.1.0/../../../../arm-none-eabi/lib/thumb/v7e-m+fp/softfp/libc_nano.a(lib_a-makebuf.o)
                0x000000000800336c                __smakebuf_r
 .text.memmove  0x00000000080033ec       0x34 /usr/lib/gcc/arm-none-eabi/12.1.0/../../../../arm-none-eabi/lib/thumb/v7e-m+fp/softfp/libc_nano.a(lib_a-memmove.o)
                0x00000000080033ec                memmove
 .text.__malloc_lock
                0x0000000008003420        0xc /usr/lib/gcc/arm-none-eabi/12.1.0/../../../../arm-none-eabi/lib/thumb/v7e-m+fp/softfp/libc_nano.a(lib_a-mlock.o)
                0x0000000008003420                __malloc_lock
 .text.__malloc_unlock
                0x000000000800342c        0xc /usr/lib/gcc/arm-none-eabi/12.1.0/../../../../arm-none-eabi/lib/thumb/v7e-m+fp/softfp/libc_nano.a(lib_a-mlock.o)
                0x000000000800342c                __malloc_unlock
 .text._free_r  0x0000000008003438       0x98 /usr/lib/gcc/arm-none-eabi/12.1.0/../../../../arm-none-eabi/lib/thumb/v7e-m+fp/softfp/libc_nano.a(lib_a-nano-freer.o)
                0x0000000008003438                _free_r
 .text._realloc_r
                0x00000000080034d0       0x5e /usr/lib/gcc/arm-none-eabi/12.1.0/../../../../arm-none-eabi/lib/thumb/v7e-m+fp/softfp/libc_nano.a(lib_a-nano-reallocr.o)
                0x00000000080034d0                _realloc_r
 .text.__ssputs_r
                0x000000000800352e       0xb4 /usr/lib/gcc/arm-none-eabi/12.1.0/../../../../arm-none-eabi/lib/thumb/v7e-m+fp/softfp/libc_nano.a(lib_a-nano-svfprintf.o)
                0x000000000800352e                __ssputs_r
 *fill*         0x00000000080035e2        0x2 
 .text._svfprintf_r
                0x00000000080035e4      0x1fc /usr/lib/gcc/arm-none-eabi/12.1.0/../../../../arm-none-eabi/lib/thumb/v7e-m+fp/softfp/libc_nano.a(lib_a-nano-svfprintf.o)
                0x00000000080035e4                _svfprintf_r
                0x00000000080035e4                _svfiprintf_r
 .text._sungetc_r
                0x00000000080037e0       0x7a /usr/lib/gcc/arm-none-eabi/12.1.0/../../../../arm-none-eabi/lib/thumb/v7e-m+fp/softfp/libc_nano.a(lib_a-nano-svfscanf.o)
                0x00000000080037e0                _sungetc_r
 .text.__ssrefill_r
                0x000000000800385a       0x3a /usr/lib/gcc/arm-none-eabi/12.1.0/../../../../arm-none-eabi/lib/thumb/v7e-m+fp/softfp/libc_nano.a(lib_a-nano-svfscanf.o)
                0x000000000800385a                __ssrefill_r
 .text.__ssvfscanf_r
                0x0000000008003894      0x2f0 /usr/lib/gcc/arm-none-eabi/12.1.0/../../../../arm-none-eabi/lib/thumb/v7e-m+fp/softfp/libc_nano.a(lib_a-nano-svfscanf.o)
                0x0000000008003894                __ssvfscanf_r
                0x0000000008003894                __ssvfiscanf_r
 .text._printf_common
                0x0000000008003b84       0xda /usr/lib/gcc/arm-none-eabi/12.1.0/../../../../arm-none-eabi/lib/thumb/v7e-m+fp/softfp/libc_nano.a(lib_a-nano-vfprintf_i.o)
                0x0000000008003b84                _printf_common
 *fill*         0x0000000008003c5e        0x2 
 .text._printf_i
                0x0000000008003c60      0x244 /usr/lib/gcc/arm-none-eabi/12.1.0/../../../../arm-none-eabi/lib/thumb/v7e-m+fp/softfp/libc_nano.a(lib_a-nano-vfprintf_i.o)
                0x0000000008003c60                _printf_i
 .text._scanf_chars
                0x0000000008003ea4       0xb4 /usr/lib/gcc/arm-none-eabi/12.1.0/../../../../arm-none-eabi/lib/thumb/v7e-m+fp/softfp/libc_nano.a(lib_a-nano-vfscanf_i.o)
                0x0000000008003ea4                _scanf_chars
 .text._scanf_i
                0x0000000008003f58      0x1e8 /usr/lib/gcc/arm-none-eabi/12.1.0/../../../../arm-none-eabi/lib/thumb/v7e-m+fp/softfp/libc_nano.a(lib_a-nano-vfscanf_i.o)
                0x0000000008003f58                _scanf_i
 .text._read_r  0x0000000008004140       0x24 /usr/lib/gcc/arm-none-eabi/12.1.0/../../../../arm-none-eabi/lib/thumb/v7e-m+fp/softfp/libc_nano.a(lib_a-readr.o)
                0x0000000008004140                _read_r
 .text.__sccl   0x0000000008004164       0x72 /usr/lib/gcc/arm-none-eabi/12.1.0/../../../../arm-none-eabi/lib/thumb/v7e-m+fp/softfp/libc_nano.a(lib_a-sccl.o)
                0x0000000008004164                __sccl
 .text._raise_r
                0x00000000080041d6       0x50 /usr/lib/gcc/arm-none-eabi/12.1.0/../../../../arm-none-eabi/lib/thumb/v7e-m+fp/softfp/libc_nano.a(lib_a-signal.o)
                0x00000000080041d6                _raise_r
 *fill*         0x0000000008004226        0x2 
 .text.raise    0x0000000008004228       0x10 /usr/lib/gcc/arm-none-eabi/12.1.0/../../../../arm-none-eabi/lib/thumb/v7e-m+fp/softfp/libc_nano.a(lib_a-signal.o)
                0x0000000008004228                raise
 .text._kill_r  0x0000000008004238       0x24 /usr/lib/gcc/arm-none-eabi/12.1.0/../../../../arm-none-eabi/lib/thumb/v7e-m+fp/softfp/libc_nano.a(lib_a-signalr.o)
                0x0000000008004238                _kill_r
 .text._getpid_r
                0x000000000800425c        0x4 /usr/lib/gcc/arm-none-eabi/12.1.0/../../../../arm-none-eabi/lib/thumb/v7e-m+fp/softfp/libc_nano.a(lib_a-signalr.o)
                0x000000000800425c                _getpid_r
 .text._strtol_l.constprop.0
                0x0000000008004260      0x104 /usr/lib/gcc/arm-none-eabi/12.1.0/../../../../arm-none-eabi/lib/thumb/v7e-m+fp/softfp/libc_nano.a(lib_a-strtol.o)
 .text._strtol_r
                0x0000000008004364        0x4 /usr/lib/gcc/arm-none-eabi/12.1.0/../../../../arm-none-eabi/lib/thumb/v7e-m+fp/softfp/libc_nano.a(lib_a-strtol.o)
                0x0000000008004364                _strtol_r
 .text._strtoul_l.constprop.0
                0x0000000008004368       0xe4 /usr/lib/gcc/arm-none-eabi/12.1.0/../../../../arm-none-eabi/lib/thumb/v7e-m+fp/softfp/libc_nano.a(lib_a-strtoul.o)
 .text._strtoul_r
                0x000000000800444c        0x4 /usr/lib/gcc/arm-none-eabi/12.1.0/../../../../arm-none-eabi/lib/thumb/v7e-m+fp/softfp/libc_nano.a(lib_a-strtoul.o)
                0x000000000800444c                _strtoul_r
 .text.__submore
                0x0000000008004450       0x74 /usr/lib/gcc/arm-none-eabi/12.1.0/../../../../arm-none-eabi/lib/thumb/v7e-m+fp/softfp/libc_nano.a(lib_a-ungetc.o)
                0x0000000008004450                __submore
 .text._fstat_r
                0x00000000080044c4       0x24 /usr/lib/gcc/arm-none-eabi/12.1.0/../../../../arm-none-eabi/lib/thumb/v7e-m+fp/softfp/libc_nano.a(lib_a-fstatr.o)
                0x00000000080044c4                _fstat_r
 .text._isatty_r
                0x00000000080044e8       0x20 /usr/lib/gcc/arm-none-eabi/12.1.0/../../../../arm-none-eabi/lib/thumb/v7e-m+fp/softfp/libc_nano.a(lib_a-isattyr.o)
                0x00000000080044e8                _isatty_r
 .text._malloc_usable_size_r
                0x0000000008004508       0x10 /usr/lib/gcc/arm-none-eabi/12.1.0/../../../../arm-none-eabi/lib/thumb/v7e-m+fp/softfp/libc_nano.a(lib_a-nano-msizer.o)
                0x0000000008004508                _malloc_usable_size_r
 .text._close   0x0000000008004518       0x10 /usr/lib/gcc/arm-none-eabi/12.1.0/../../../../arm-none-eabi/lib/thumb/v7e-m+fp/softfp/libnosys.a(close.o)
                0x0000000008004518                _close
 .text._fstat   0x0000000008004528       0x10 /usr/lib/gcc/arm-none-eabi/12.1.0/../../../../arm-none-eabi/lib/thumb/v7e-m+fp/softfp/libnosys.a(fstat.o)
                0x0000000008004528                _fstat
 .text._getpid  0x0000000008004538       0x10 /usr/lib/gcc/arm-none-eabi/12.1.0/../../../../arm-none-eabi/lib/thumb/v7e-m+fp/softfp/libnosys.a(getpid.o)
                0x0000000008004538                _getpid
 .text._isatty  0x0000000008004548       0x10 /usr/lib/gcc/arm-none-eabi/12.1.0/../../../../arm-none-eabi/lib/thumb/v7e-m+fp/softfp/libnosys.a(isatty.o)
                0x0000000008004548                _isatty
 .text._kill    0x0000000008004558       0x10 /usr/lib/gcc/arm-none-eabi/12.1.0/../../../../arm-none-eabi/lib/thumb/v7e-m+fp/softfp/libnosys.a(kill.o)
                0x0000000008004558                _kill
 .text._lseek   0x0000000008004568       0x10 /usr/lib/gcc/arm-none-eabi/12.1.0/../../../../arm-none-eabi/lib/thumb/v7e-m+fp/softfp/libnosys.a(lseek.o)
                0x0000000008004568                _lseek
 .text._read    0x0000000008004578       0x10 /usr/lib/gcc/arm-none-eabi/12.1.0/../../../../arm-none-eabi/lib/thumb/v7e-m+fp/softfp/libnosys.a(read.o)
                0x0000000008004578                _read
 .text._sbrk    0x0000000008004588       0x1c /usr/lib/gcc/arm-none-eabi/12.1.0/../../../../arm-none-eabi/lib/thumb/v7e-m+fp/softfp/libnosys.a(sbrk.o)
                0x0000000008004588                _sbrk
 .text._write   0x00000000080045a4       0x10 /usr/lib/gcc/arm-none-eabi/12.1.0/../../../../arm-none-eabi/lib/thumb/v7e-m+fp/softfp/libnosys.a(write.o)
                0x00000000080045a4                _write
 .text._exit    0x00000000080045b4        0x4 /usr/lib/gcc/arm-none-eabi/12.1.0/../../../../arm-none-eabi/lib/thumb/v7e-m+fp/softfp/libnosys.a(_exit.o)
                0x00000000080045b4                _exit
 *(.glue_7)
 .glue_7        0x00000000080045b8        0x0 linker stubs
 *(.glue_7t)
 .glue_7t       0x00000000080045b8        0x0 linker stubs
 *(.eh_frame)
 .eh_frame      0x00000000080045b8        0x0 /usr/lib/gcc/arm-none-eabi/12.1.0/thumb/v7e-m+fp/softfp/crtbegin.o
 *(.init)
 .init          0x00000000080045b8        0x4 /usr/lib/gcc/arm-none-eabi/12.1.0/thumb/v7e-m+fp/softfp/crti.o
                0x00000000080045b8                _init
 .init          0x00000000080045bc        0x8 /usr/lib/gcc/arm-none-eabi/12.1.0/thumb/v7e-m+fp/softfp/crtn.o
 *(.fini)
 .fini          0x00000000080045c4        0x4 /usr/lib/gcc/arm-none-eabi/12.1.0/thumb/v7e-m+fp/softfp/crti.o
                0x00000000080045c4                _fini
 .fini          0x00000000080045c8        0x8 /usr/lib/gcc/arm-none-eabi/12.1.0/thumb/v7e-m+fp/softfp/crtn.o
                0x00000000080045d0                . = ALIGN (0x4)
                0x00000000080045d0                _etext = .

.vfp11_veneer   0x00000000080045d0        0x0
 .vfp11_veneer  0x00000000080045d0        0x0 linker stubs

.v4_bx          0x00000000080045d0        0x0
 .v4_bx         0x00000000080045d0        0x0 linker stubs

.iplt           0x00000000080045d0        0x0
 .iplt          0x00000000080045d0        0x0 /usr/lib/gcc/arm-none-eabi/12.1.0/thumb/v7e-m+fp/softfp/crtbegin.o

.rodata         0x00000000080045d0      0xdd0
                0x00000000080045d0                . = ALIGN (0x4)
 *(.rodata)
 .rodata        0x00000000080045d0      0x46b Debug/mcu_mdriver.o
 *fill*         0x0000000008004a3b        0x1 
 .rodata        0x0000000008004a3c       0x2e Debug/mcu_mlib.o
 *fill*         0x0000000008004a6a        0x2 
 .rodata        0x0000000008004a6c       0x6e Debug/mcu_mm.o
 *fill*         0x0000000008004ada        0x2 
 .rodata        0x0000000008004adc       0x18 Debug/mcu_timer.o
 .rodata        0x0000000008004af4        0xc /usr/lib/gcc/arm-none-eabi/12.1.0/../../../../arm-none-eabi/lib/thumb/v7e-m+fp/softfp/libc_nano.a(lib_a-nano-vfscanf_i.o)
 *(.rodata*)
 .rodata.__func__.0
                0x0000000008004b00        0xa Debug/mcu_mdriver.o
 *fill*         0x0000000008004b0a        0x2 
 .rodata.__func__.0
                0x0000000008004b0c        0xa Debug/mcu_mm.o
 .rodata.__assert_func.str1.1
                0x0000000008004b16       0x3c /usr/lib/gcc/arm-none-eabi/12.1.0/../../../../arm-none-eabi/lib/thumb/v7e-m+fp/softfp/libc_nano.a(lib_a-assert.o)
                                         0x3d (size before relaxing)
 *fill*         0x0000000008004b52        0x2 
 .rodata._global_impure_ptr
                0x0000000008004b54        0x4 /usr/lib/gcc/arm-none-eabi/12.1.0/../../../../arm-none-eabi/lib/thumb/v7e-m+fp/softfp/libc_nano.a(lib_a-impure.o)
                0x0000000008004b54                _global_impure_ptr
 .rodata._vfprintf_r.str1.1
                0x0000000008004b58       0x11 /usr/lib/gcc/arm-none-eabi/12.1.0/../../../../arm-none-eabi/lib/thumb/v7e-m+fp/softfp/libc_nano.a(lib_a-nano-vfprintf.o)
 .rodata._strerror_r.str1.1
                0x0000000008004b69      0x696 /usr/lib/gcc/arm-none-eabi/12.1.0/../../../../arm-none-eabi/lib/thumb/v7e-m+fp/softfp/libc_nano.a(lib_a-strerror.o)
                                        0x697 (size before relaxing)
 *fill*         0x00000000080051ff        0x1 
 .rodata.__sf_fake_stderr
                0x0000000008005200       0x20 /usr/lib/gcc/arm-none-eabi/12.1.0/../../../../arm-none-eabi/lib/thumb/v7e-m+fp/softfp/libc_nano.a(lib_a-findfp.o)
                0x0000000008005200                __sf_fake_stderr
 .rodata.__sf_fake_stdin
                0x0000000008005220       0x20 /usr/lib/gcc/arm-none-eabi/12.1.0/../../../../arm-none-eabi/lib/thumb/v7e-m+fp/softfp/libc_nano.a(lib_a-findfp.o)
                0x0000000008005220                __sf_fake_stdin
 .rodata.__sf_fake_stdout
                0x0000000008005240       0x20 /usr/lib/gcc/arm-none-eabi/12.1.0/../../../../arm-none-eabi/lib/thumb/v7e-m+fp/softfp/libc_nano.a(lib_a-findfp.o)
                0x0000000008005240                __sf_fake_stdout
 .rodata._svfprintf_r.str1.1
                0x0000000008005260       0x11 /usr/lib/gcc/arm-none-eabi/12.1.0/../../../../arm-none-eabi/lib/thumb/v7e-m+fp/softfp/libc_nano.a(lib_a-nano-svfprintf.o)
 .rodata.__ssvfscanf_r.str1.1
                0x0000000008005260        0x4 /usr/lib/gcc/arm-none-eabi/12.1.0/../../../../arm-none-eabi/lib/thumb/v7e-m+fp/softfp/libc_nano.a(lib_a-nano-svfscanf.o)
 .rodata._printf_i.str1.1
                0x0000000008005260       0x22 /usr/lib/gcc/arm-none-eabi/12.1.0/../../../../arm-none-eabi/lib/thumb/v7e-m+fp/softfp/libc_nano.a(lib_a-nano-vfprintf_i.o)
 .rodata._scanf_i.str1.1
                0x0000000008005282       0x12 /usr/lib/gcc/arm-none-eabi/12.1.0/../../../../arm-none-eabi/lib/thumb/v7e-m+fp/softfp/libc_nano.a(lib_a-nano-vfscanf_i.o)
 .rodata.str1.1
                0x0000000008005294        0x9 /usr/lib/gcc/arm-none-eabi/12.1.0/../../../../arm-none-eabi/lib/thumb/v7e-m+fp/softfp/libc_nano.a(lib_a-nano-vfscanf_i.o)
 .rodata._ctype_
                0x000000000800529d      0x101 /usr/lib/gcc/arm-none-eabi/12.1.0/../../../../arm-none-eabi/lib/thumb/v7e-m+fp/softfp/libc_nano.a(lib_a-ctype_.o)
                0x000000000800529d                _ctype_
                0x00000000080053a0                . = ALIGN (0x4)
 *fill*         0x000000000800539e        0x2 

.rel.dyn        0x00000000080053a0        0x0
 .rel.iplt      0x00000000080053a0        0x0 /usr/lib/gcc/arm-none-eabi/12.1.0/thumb/v7e-m+fp/softfp/crtbegin.o

.ARM.extab      0x00000000080053a0        0x0
                0x00000000080053a0                . = ALIGN (0x4)
 *(.ARM.extab* .gnu.linkonce.armextab.*)
                0x00000000080053a0                . = ALIGN (0x4)

.ARM            0x00000000080053a0        0x0
                0x00000000080053a0                . = ALIGN (0x4)
                0x00000000080053a0                __exidx_start = .
 *(.ARM.exidx*)
                0x00000000080053a0                __exidx_end = .
                0x00000000080053a0                . = ALIGN (0x4)

.preinit_array  0x00000000080053a0        0x0
                0x00000000080053a0                . = ALIGN (0x4)
                0x00000000080053a0                PROVIDE (__preinit_array_start = .)
 *(.preinit_array*)
                0x00000000080053a0                PROVIDE (__preinit_array_end = .)
                0x00000000080053a0                . = ALIGN (0x4)

.init_array     0x00000000080053a0        0x4
                0x00000000080053a0                . = ALIGN (0x4)
                0x00000000080053a0                PROVIDE (__init_array_start = .)
 *(SORT_BY_NAME(.init_array.*))
 *(.init_array*)
 .init_array    0x00000000080053a0        0x4 /usr/lib/gcc/arm-none-eabi/12.1.0/thumb/v7e-m+fp/softfp/crtbegin.o
                0x00000000080053a4                PROVIDE (__init_array_end = .)
                0x00000000080053a4                . = ALIGN (0x4)

.fini_array     0x00000000080053a4        0x4
                0x00000000080053a4                . = ALIGN (0x4)
                0x00000000080053a4                PROVIDE (__fini_array_start = .)
 *(SORT_BY_NAME(.fini_array.*))
 *(.fini_array*)
 .fini_array    0x00000000080053a4        0x4 /usr/lib/gcc/arm-none-eabi/12.1.0/thumb/v7e-m+fp/softfp/crtbegin.o
                0x00000000080053a8                PROVIDE (__fini_array_end = .)
                0x00000000080053a8                . = ALIGN (0x4)
                0x00000000080053a8                _sidata = LOADADDR (.data)

.data           0x0000000020000000       0xc4 load address 0x00000000080053a8
                0x0000000020000000                . = ALIGN (0x4)
                0x0000000020000000                _sdata = .
 *(.data)
 *(.data*)
 .data.tracestr
                0x0000000020000000       0x5c Debug/mcu_mdriver.o
 .data.SystemCoreClock
                0x000000002000005c        0x4 Debug/system_stm32f4xx.o
                0x000000002000005c                SystemCoreClock
 .data._impure_ptr
                0x0000000020000060        0x4 /usr/lib/gcc/arm-none-eabi/12.1.0/../../../../arm-none-eabi/lib/thumb/v7e-m+fp/softfp/libc_nano.a(lib_a-impure.o)
                0x0000000020000060                _impure_ptr
 .data.impure_data
                0x0000000020000064       0x60 /usr/lib/gcc/arm-none-eabi/12.1.0/../../../../arm-none-eabi/lib/thumb/v7e-m+fp/softfp/libc_nano.a(lib_a-impure.o)
 *(.RamFunc)
 *(.RamFunc*)
                0x00000000200000c4                . = ALIGN (0x4)
                0x00000000200000c4                _edata = .

.igot.plt       0x00000000200000c4        0x0 load address 0x000000000800546c
 .igot.plt      0x00000000200000c4        0x0 /usr/lib/gcc/arm-none-eabi/12.1.0/thumb/v7e-m+fp/softfp/crtbegin.o
                0x00000000200000c4                . = ALIGN (0x4)

.bss            0x00000000200000c4      0xc54 load address 0x000000000800546c
                0x00000000200000c4                _sbss = .
                0x00000000200000c4                __bss_start__ = _sbss
 *(.bss)
 *(.bss*)
 .bss.completed.1
                0x00000000200000c4        0x1 /usr/lib/gcc/arm-none-eabi/12.1.0/thumb/v7e-m+fp/softfp/crtbegin.o
 *fill*         0x00000000200000c5        0x3 
 .bss.object.0  0x00000000200000c8       0x18 /usr/lib/gcc/arm-none-eabi/12.1.0/thumb/v7e-m+fp/softfp/crtbegin.o
 .bss.verbose   0x00000000200000e0        0x4 Debug/mcu_mdriver.o
                0x00000000200000e0                verbose
 .bss.errors    0x00000000200000e4        0x4 Debug/mcu_mdriver.o
 .bss.mem_start_brk
                0x00000000200000e8        0x4 Debug/mcu_mlib.o
 .bss.mem_brk   0x00000000200000ec        0x4 Debug/mcu_mlib.o
 .bss.systime   0x00000000200000f0        0x4 Debug/mcu_timer.o
 .bss.output_str
                0x00000000200000f4      0x800 Debug/mcu.o
                0x00000000200000f4                output_str
 .bss.msg       0x00000000200008f4      0x400 Debug/mcu.o
                0x00000000200008f4                msg
 .bss.output_offset
                0x0000000020000cf4        0x4 Debug/mcu.o
                0x0000000020000cf4                output_offset
 .bss.cur_id    0x0000000020000cf8        0x4 Debug/mcu_request.o
                0x0000000020000cf8                cur_id
 .bss.receiving
                0x0000000020000cfc        0x4 Debug/uart_dma.o
 .bss.transmitting
                0x0000000020000d00        0x4 Debug/uart_dma.o
 .bss.__malloc_free_list
                0x0000000020000d04        0x4 /usr/lib/gcc/arm-none-eabi/12.1.0/../../../../arm-none-eabi/lib/thumb/v7e-m+fp/softfp/libc_nano.a(lib_a-nano-mallocr.o)
                0x0000000020000d04                __malloc_free_list
 .bss.__malloc_sbrk_start
                0x0000000020000d08        0x4 /usr/lib/gcc/arm-none-eabi/12.1.0/../../../../arm-none-eabi/lib/thumb/v7e-m+fp/softfp/libc_nano.a(lib_a-nano-mallocr.o)
                0x0000000020000d08                __malloc_sbrk_start
 .bss.__lock___malloc_recursive_mutex
                0x0000000020000d0c        0x1 /usr/lib/gcc/arm-none-eabi/12.1.0/../../../../arm-none-eabi/lib/thumb/v7e-m+fp/softfp/libc_nano.a(lib_a-lock.o)
                0x0000000020000d0c                __lock___malloc_recursive_mutex
 .bss.__lock___sfp_recursive_mutex
                0x0000000020000d0d        0x1 /usr/lib/gcc/arm-none-eabi/12.1.0/../../../../arm-none-eabi/lib/thumb/v7e-m+fp/softfp/libc_nano.a(lib_a-lock.o)
                0x0000000020000d0d                __lock___sfp_recursive_mutex
 .bss.__lock___sinit_recursive_mutex
                0x0000000020000d0e        0x1 /usr/lib/gcc/arm-none-eabi/12.1.0/../../../../arm-none-eabi/lib/thumb/v7e-m+fp/softfp/libc_nano.a(lib_a-lock.o)
                0x0000000020000d0e                __lock___sinit_recursive_mutex
 *fill*         0x0000000020000d0f        0x1 
 .bss.errno     0x0000000020000d10        0x4 /usr/lib/gcc/arm-none-eabi/12.1.0/../../../../arm-none-eabi/lib/thumb/v7e-m+fp/softfp/libc_nano.a(lib_a-reent.o)
                0x0000000020000d10                errno
 .bss.heap_end.0
                0x0000000020000d14        0x4 /usr/lib/gcc/arm-none-eabi/12.1.0/../../../../arm-none-eabi/lib/thumb/v7e-m+fp/softfp/libnosys.a(sbrk.o)
 *(COMMON)
                0x0000000020000d18                . = ALIGN (0x4)
                0x0000000020000d18                _ebss = .
                0x0000000020000d18                __bss_end__ = _ebss

._user_heap_stack
                0x0000000020000d18      0x600 load address 0x000000000800546c
                0x0000000020000d18                . = ALIGN (0x8)
                0x0000000020000d18                PROVIDE (end = .)
                [!provide]                        PROVIDE (_end = .)
                0x0000000020000f18                . = (. + _Min_Heap_Size)
 *fill*         0x0000000020000d18      0x200 
                0x0000000020001318                . = (. + _Min_Stack_Size)
 *fill*         0x0000000020000f18      0x400 
                0x0000000020001318                . = ALIGN (0x8)

/DISCARD/
 libc.a(*)
 libm.a(*)
 libgcc.a(*)

.ARM.attributes
                0x0000000000000000       0x2e
 *(.ARM.attributes)
 .ARM.attributes
                0x0000000000000000       0x22 /usr/lib/gcc/arm-none-eabi/12.1.0/thumb/v7e-m+fp/softfp/crti.o
 .ARM.attributes
                0x0000000000000022       0x32 /usr/lib/gcc/arm-none-eabi/12.1.0/thumb/v7e-m+fp/softfp/crtbegin.o
 .ARM.attributes
                0x0000000000000054       0x32 Debug/mcu_mdriver.o
 .ARM.attributes
                0x0000000000000086       0x32 Debug/mcu_mlib.o
 .ARM.attributes
                0x00000000000000b8       0x32 Debug/mcu_mm.o
 .ARM.attributes
                0x00000000000000ea       0x32 Debug/mcu_timer.o
 .ARM.attributes
                0x000000000000011c       0x32 Debug/mcu.o
 .ARM.attributes
                0x000000000000014e       0x32 Debug/mcu_request.o
 .ARM.attributes
                0x0000000000000180       0x32 Debug/uart.o
 .ARM.attributes
                0x00000000000001b2       0x32 Debug/uart_dma.o
 .ARM.attributes
                0x00000000000001e4       0x32 Debug/system_stm32f4xx.o
 .ARM.attributes
                0x0000000000000216       0x21 Debug/startup_stm32f411xe.o
 .ARM.attributes
                0x0000000000000237       0x32 /usr/lib/gcc/arm-none-eabi/12.1.0/../../../../arm-none-eabi/lib/thumb/v7e-m+fp/softfp/libc_nano.a(lib_a-assert.o)
 .ARM.attributes
                0x0000000000000269       0x32 /usr/lib/gcc/arm-none-eabi/12.1.0/../../../../arm-none-eabi/lib/thumb/v7e-m+fp/softfp/libc_nano.a(lib_a-errno.o)
 .ARM.attributes
                0x000000000000029b       0x32 /usr/lib/gcc/arm-none-eabi/12.1.0/../../../../arm-none-eabi/lib/thumb/v7e-m+fp/softfp/libc_nano.a(lib_a-fprintf.o)
 .ARM.attributes
                0x00000000000002cd       0x30 /usr/lib/gcc/arm-none-eabi/12.1.0/../../../../arm-none-eabi/lib/thumb/v7e-m+fp/softfp/libc_nano.a(lib_a-impure.o)
 .ARM.attributes
                0x00000000000002fd       0x32 /usr/lib/gcc/arm-none-eabi/12.1.0/../../../../arm-none-eabi/lib/thumb/v7e-m+fp/softfp/libc_nano.a(lib_a-init.o)
 .ARM.attributes
                0x000000000000032f       0x32 /usr/lib/gcc/arm-none-eabi/12.1.0/../../../../arm-none-eabi/lib/thumb/v7e-m+fp/softfp/libc_nano.a(lib_a-memcpy-stub.o)
 .ARM.attributes
                0x0000000000000361       0x32 /usr/lib/gcc/arm-none-eabi/12.1.0/../../../../arm-none-eabi/lib/thumb/v7e-m+fp/softfp/libc_nano.a(lib_a-memset.o)
 .ARM.attributes
                0x0000000000000393       0x32 /usr/lib/gcc/arm-none-eabi/12.1.0/../../../../arm-none-eabi/lib/thumb/v7e-m+fp/softfp/libc_nano.a(lib_a-nano-mallocr.o)
 .ARM.attributes
                0x00000000000003c5       0x32 /usr/lib/gcc/arm-none-eabi/12.1.0/../../../../arm-none-eabi/lib/thumb/v7e-m+fp/softfp/libc_nano.a(lib_a-nano-vfprintf.o)
 .ARM.attributes
                0x00000000000003f7       0x32 /usr/lib/gcc/arm-none-eabi/12.1.0/../../../../arm-none-eabi/lib/thumb/v7e-m+fp/softfp/libc_nano.a(lib_a-sbrkr.o)
 .ARM.attributes
                0x0000000000000429       0x32 /usr/lib/gcc/arm-none-eabi/12.1.0/../../../../arm-none-eabi/lib/thumb/v7e-m+fp/softfp/libc_nano.a(lib_a-sprintf.o)
 .ARM.attributes
                0x000000000000045b       0x32 /usr/lib/gcc/arm-none-eabi/12.1.0/../../../../arm-none-eabi/lib/thumb/v7e-m+fp/softfp/libc_nano.a(lib_a-sscanf.o)
 .ARM.attributes
                0x000000000000048d       0x32 /usr/lib/gcc/arm-none-eabi/12.1.0/../../../../arm-none-eabi/lib/thumb/v7e-m+fp/softfp/libc_nano.a(lib_a-stdio.o)
 .ARM.attributes
                0x00000000000004bf       0x32 /usr/lib/gcc/arm-none-eabi/12.1.0/../../../../arm-none-eabi/lib/thumb/v7e-m+fp/softfp/libc_nano.a(lib_a-strcat.o)
 .ARM.attributes
                0x00000000000004f1       0x32 /usr/lib/gcc/arm-none-eabi/12.1.0/../../../../arm-none-eabi/lib/thumb/v7e-m+fp/softfp/libc_nano.a(lib_a-strerror.o)
 .ARM.attributes
                0x0000000000000523       0x17 /usr/lib/gcc/arm-none-eabi/12.1.0/../../../../arm-none-eabi/lib/thumb/v7e-m+fp/softfp/libc_nano.a(lib_a-strlen.o)
 .ARM.attributes
                0x000000000000053a       0x32 /usr/lib/gcc/arm-none-eabi/12.1.0/../../../../arm-none-eabi/lib/thumb/v7e-m+fp/softfp/libc_nano.a(lib_a-u_strerr.o)
 .ARM.attributes
                0x000000000000056c       0x32 /usr/lib/gcc/arm-none-eabi/12.1.0/../../../../arm-none-eabi/lib/thumb/v7e-m+fp/softfp/libc_nano.a(lib_a-wbuf.o)
 .ARM.attributes
                0x000000000000059e       0x32 /usr/lib/gcc/arm-none-eabi/12.1.0/../../../../arm-none-eabi/lib/thumb/v7e-m+fp/softfp/libc_nano.a(lib_a-writer.o)
 .ARM.attributes
                0x00000000000005d0       0x32 /usr/lib/gcc/arm-none-eabi/12.1.0/../../../../arm-none-eabi/lib/thumb/v7e-m+fp/softfp/libc_nano.a(lib_a-wsetup.o)
 .ARM.attributes
                0x0000000000000602       0x32 /usr/lib/gcc/arm-none-eabi/12.1.0/../../../../arm-none-eabi/lib/thumb/v7e-m+fp/softfp/libc_nano.a(lib_a-abort.o)
 .ARM.attributes
                0x0000000000000634       0x32 /usr/lib/gcc/arm-none-eabi/12.1.0/../../../../arm-none-eabi/lib/thumb/v7e-m+fp/softfp/libc_nano.a(lib_a-closer.o)
 .ARM.attributes
                0x0000000000000666       0x32 /usr/lib/gcc/arm-none-eabi/12.1.0/../../../../arm-none-eabi/lib/thumb/v7e-m+fp/softfp/libc_nano.a(lib_a-fflush.o)
 .ARM.attributes
                0x0000000000000698       0x32 /usr/lib/gcc/arm-none-eabi/12.1.0/../../../../arm-none-eabi/lib/thumb/v7e-m+fp/softfp/libc_nano.a(lib_a-findfp.o)
 .ARM.attributes
                0x00000000000006ca       0x32 /usr/lib/gcc/arm-none-eabi/12.1.0/../../../../arm-none-eabi/lib/thumb/v7e-m+fp/softfp/libc_nano.a(lib_a-fwalk.o)
 .ARM.attributes
                0x00000000000006fc       0x32 /usr/lib/gcc/arm-none-eabi/12.1.0/../../../../arm-none-eabi/lib/thumb/v7e-m+fp/softfp/libc_nano.a(lib_a-lock.o)
 .ARM.attributes
                0x000000000000072e       0x32 /usr/lib/gcc/arm-none-eabi/12.1.0/../../../../arm-none-eabi/lib/thumb/v7e-m+fp/softfp/libc_nano.a(lib_a-lseekr.o)
 .ARM.attributes
                0x0000000000000760       0x32 /usr/lib/gcc/arm-none-eabi/12.1.0/../../../../arm-none-eabi/lib/thumb/v7e-m+fp/softfp/libc_nano.a(lib_a-makebuf.o)
 .ARM.attributes
                0x0000000000000792       0x1c /usr/lib/gcc/arm-none-eabi/12.1.0/../../../../arm-none-eabi/lib/thumb/v7e-m+fp/softfp/libc_nano.a(lib_a-memchr.o)
 .ARM.attributes
                0x00000000000007ae       0x32 /usr/lib/gcc/arm-none-eabi/12.1.0/../../../../arm-none-eabi/lib/thumb/v7e-m+fp/softfp/libc_nano.a(lib_a-memmove.o)
 .ARM.attributes
                0x00000000000007e0       0x32 /usr/lib/gcc/arm-none-eabi/12.1.0/../../../../arm-none-eabi/lib/thumb/v7e-m+fp/softfp/libc_nano.a(lib_a-mlock.o)
 .ARM.attributes
                0x0000000000000812       0x32 /usr/lib/gcc/arm-none-eabi/12.1.0/../../../../arm-none-eabi/lib/thumb/v7e-m+fp/softfp/libc_nano.a(lib_a-nano-freer.o)
 .ARM.attributes
                0x0000000000000844       0x32 /usr/lib/gcc/arm-none-eabi/12.1.0/../../../../arm-none-eabi/lib/thumb/v7e-m+fp/softfp/libc_nano.a(lib_a-nano-reallocr.o)
 .ARM.attributes
                0x0000000000000876       0x32 /usr/lib/gcc/arm-none-eabi/12.1.0/../../../../arm-none-eabi/lib/thumb/v7e-m+fp/softfp/libc_nano.a(lib_a-nano-svfprintf.o)
 .ARM.attributes
                0x00000000000008a8       0x32 /usr/lib/gcc/arm-none-eabi/12.1.0/../../../../arm-none-eabi/lib/thumb/v7e-m+fp/softfp/libc_nano.a(lib_a-nano-svfscanf.o)
 .ARM.attributes
                0x00000000000008da       0x32 /usr/lib/gcc/arm-none-eabi/12.1.0/../../../../arm-none-eabi/lib/thumb/v7e-m+fp/softfp/libc_nano.a(lib_a-nano-vfprintf_i.o)
 .ARM.attributes
                0x000000000000090c       0x32 /usr/lib/gcc/arm-none-eabi/12.1.0/../../../../arm-none-eabi/lib/thumb/v7e-m+fp/softfp/libc_nano.a(lib_a-nano-vfscanf_i.o)
 .ARM.attributes
                0x000000000000093e       0x32 /usr/lib/gcc/arm-none-eabi/12.1.0/../../../../arm-none-eabi/lib/thumb/v7e-m+fp/softfp/libc_nano.a(lib_a-readr.o)
 .ARM.attributes
                0x0000000000000970       0x32 /usr/lib/gcc/arm-none-eabi/12.1.0/../../../../arm-none-eabi/lib/thumb/v7e-m+fp/softfp/libc_nano.a(lib_a-reent.o)
 .ARM.attributes
                0x00000000000009a2       0x32 /usr/lib/gcc/arm-none-eabi/12.1.0/../../../../arm-none-eabi/lib/thumb/v7e-m+fp/softfp/libc_nano.a(lib_a-sccl.o)
 .ARM.attributes
                0x00000000000009d4       0x32 /usr/lib/gcc/arm-none-eabi/12.1.0/../../../../arm-none-eabi/lib/thumb/v7e-m+fp/softfp/libc_nano.a(lib_a-signal.o)
 .ARM.attributes
                0x0000000000000a06       0x32 /usr/lib/gcc/arm-none-eabi/12.1.0/../../../../arm-none-eabi/lib/thumb/v7e-m+fp/softfp/libc_nano.a(lib_a-signalr.o)
 .ARM.attributes
                0x0000000000000a38       0x32 /usr/lib/gcc/arm-none-eabi/12.1.0/../../../../arm-none-eabi/lib/thumb/v7e-m+fp/softfp/libc_nano.a(lib_a-strtol.o)
 .ARM.attributes
                0x0000000000000a6a       0x32 /usr/lib/gcc/arm-none-eabi/12.1.0/../../../../arm-none-eabi/lib/thumb/v7e-m+fp/softfp/libc_nano.a(lib_a-strtoul.o)
 .ARM.attributes
                0x0000000000000a9c       0x32 /usr/lib/gcc/arm-none-eabi/12.1.0/../../../../arm-none-eabi/lib/thumb/v7e-m+fp/softfp/libc_nano.a(lib_a-ungetc.o)
 .ARM.attributes
                0x0000000000000ace       0x30 /usr/lib/gcc/arm-none-eabi/12.1.0/../../../../arm-none-eabi/lib/thumb/v7e-m+fp/softfp/libc_nano.a(lib_a-ctype_.o)
 .ARM.attributes
                0x0000000000000afe       0x32 /usr/lib/gcc/arm-none-eabi/12.1.0/../../../../arm-none-eabi/lib/thumb/v7e-m+fp/softfp/libc_nano.a(lib_a-fstatr.o)
 .ARM.attributes
                0x0000000000000b30       0x32 /usr/lib/gcc/arm-none-eabi/12.1.0/../../../../arm-none-eabi/lib/thumb/v7e-m+fp/softfp/libc_nano.a(lib_a-isattyr.o)
 .ARM.attributes
                0x0000000000000b62       0x32 /usr/lib/gcc/arm-none-eabi/12.1.0/../../../../arm-none-eabi/lib/thumb/v7e-m+fp/softfp/libc_nano.a(lib_a-nano-msizer.o)
 .ARM.attributes
                0x0000000000000b94       0x22 /usr/lib/gcc/arm-none-eabi/12.1.0/thumb/v7e-m+fp/softfp/libgcc.a(_arm_addsubdf3.o)
 .ARM.attributes
                0x0000000000000bb6       0x22 /usr/lib/gcc/arm-none-eabi/12.1.0/thumb/v7e-m+fp/softfp/libgcc.a(_arm_muldivdf3.o)
 .ARM.attributes
                0x0000000000000bd8       0x22 /usr/lib/gcc/arm-none-eabi/12.1.0/thumb/v7e-m+fp/softfp/libgcc.a(_arm_fixdfsi.o)
 .ARM.attributes
                0x0000000000000bfa       0x32 /usr/lib/gcc/arm-none-eabi/12.1.0/../../../../arm-none-eabi/lib/thumb/v7e-m+fp/softfp/libnosys.a(close.o)
 .ARM.attributes
                0x0000000000000c2c       0x32 /usr/lib/gcc/arm-none-eabi/12.1.0/../../../../arm-none-eabi/lib/thumb/v7e-m+fp/softfp/libnosys.a(fstat.o)
 .ARM.attributes
                0x0000000000000c5e       0x32 /usr/lib/gcc/arm-none-eabi/12.1.0/../../../../arm-none-eabi/lib/thumb/v7e-m+fp/softfp/libnosys.a(getpid.o)
 .ARM.attributes
                0x0000000000000c90       0x32 /usr/lib/gcc/arm-none-eabi/12.1.0/../../../../arm-none-eabi/lib/thumb/v7e-m+fp/softfp/libnosys.a(isatty.o)
 .ARM.attributes
                0x0000000000000cc2       0x32 /usr/lib/gcc/arm-none-eabi/12.1.0/../../../../arm-none-eabi/lib/thumb/v7e-m+fp/softfp/libnosys.a(kill.o)
 .ARM.attributes
                0x0000000000000cf4       0x32 /usr/lib/gcc/arm-none-eabi/12.1.0/../../../../arm-none-eabi/lib/thumb/v7e-m+fp/softfp/libnosys.a(lseek.o)
 .ARM.attributes
                0x0000000000000d26       0x32 /usr/lib/gcc/arm-none-eabi/12.1.0/../../../../arm-none-eabi/lib/thumb/v7e-m+fp/softfp/libnosys.a(read.o)
 .ARM.attributes
                0x0000000000000d58       0x32 /usr/lib/gcc/arm-none-eabi/12.1.0/../../../../arm-none-eabi/lib/thumb/v7e-m+fp/softfp/libnosys.a(sbrk.o)
 .ARM.attributes
                0x0000000000000d8a       0x32 /usr/lib/gcc/arm-none-eabi/12.1.0/../../../../arm-none-eabi/lib/thumb/v7e-m+fp/softfp/libnosys.a(write.o)
 .ARM.attributes
                0x0000000000000dbc       0x32 /usr/lib/gcc/arm-none-eabi/12.1.0/../../../../arm-none-eabi/lib/thumb/v7e-m+fp/softfp/libnosys.a(_exit.o)
 .ARM.attributes
                0x0000000000000dee       0x22 /usr/lib/gcc/arm-none-eabi/12.1.0/thumb/v7e-m+fp/softfp/crtn.o
OUTPUT(Debug/mcu_mdriver.elf elf32-littlearm)
LOAD linker stubs
LOAD /usr/lib/gcc/arm-none-eabi/12.1.0/../../../../arm-none-eabi/lib/thumb/v7e-m+fp/softfp/libc.a
LOAD /usr/lib/gcc/arm-none-eabi/12.1.0/../../../../arm-none-eabi/lib/thumb/v7e-m+fp/softfp/libm.a
LOAD /usr/lib/gcc/arm-none-eabi/12.1.0/thumb/v7e-m+fp/softfp/libgcc.a

.debug_info     0x0000000000000000    0x1be0e
 .debug_info    0x0000000000000000      0xac5 Debug/mcu_mdriver.o
 .debug_info    0x0000000000000ac5      0x2d9 Debug/mcu_mlib.o
 .debug_info    0x0000000000000d9e      0x4ad Debug/mcu_mm.o
 .debug_info    0x000000000000124b      0xaaf Debug/mcu_timer.o
 .debug_info    0x0000000000001cfa      0x189 Debug/mcu.o
 .debug_info    0x0000000000001e83      0x293 Debug/mcu_request.o
 .debug_info    0x0000000000002116      0x602 Debug/uart.o
 .debug_info    0x0000000000002718      0xac4 Debug/uart_dma.o
 .debug_info    0x00000000000031dc      0x5be Debug/system_stm32f4xx.o
 .debug_info    0x000000000000379a       0x22 Debug/startup_stm32f411xe.o
 .debug_info    0x00000000000037bc      0x87e /usr/lib/gcc/arm-none-eabi/12.1.0/../../../../arm-none-eabi/lib/thumb/v7e-m+fp/softfp/libc_nano.a(lib_a-assert.o)
 .debug_info    0x000000000000403a      0x75b /usr/lib/gcc/arm-none-eabi/12.1.0/../../../../arm-none-eabi/lib/thumb/v7e-m+fp/softfp/libc_nano.a(lib_a-errno.o)
 .debug_info    0x0000000000004795      0x8b5 /usr/lib/gcc/arm-none-eabi/12.1.0/../../../../arm-none-eabi/lib/thumb/v7e-m+fp/softfp/libc_nano.a(lib_a-fprintf.o)
 .debug_info    0x000000000000504a      0x806 /usr/lib/gcc/arm-none-eabi/12.1.0/../../../../arm-none-eabi/lib/thumb/v7e-m+fp/softfp/libc_nano.a(lib_a-impure.o)
 .debug_info    0x0000000000005850      0x10b /usr/lib/gcc/arm-none-eabi/12.1.0/../../../../arm-none-eabi/lib/thumb/v7e-m+fp/softfp/libc_nano.a(lib_a-init.o)
 .debug_info    0x000000000000595b      0x121 /usr/lib/gcc/arm-none-eabi/12.1.0/../../../../arm-none-eabi/lib/thumb/v7e-m+fp/softfp/libc_nano.a(lib_a-memcpy-stub.o)
 .debug_info    0x0000000000005a7c       0xe0 /usr/lib/gcc/arm-none-eabi/12.1.0/../../../../arm-none-eabi/lib/thumb/v7e-m+fp/softfp/libc_nano.a(lib_a-memset.o)
 .debug_info    0x0000000000005b5c      0xa1c /usr/lib/gcc/arm-none-eabi/12.1.0/../../../../arm-none-eabi/lib/thumb/v7e-m+fp/softfp/libc_nano.a(lib_a-nano-mallocr.o)
 .debug_info    0x0000000000006578     0x1176 /usr/lib/gcc/arm-none-eabi/12.1.0/../../../../arm-none-eabi/lib/thumb/v7e-m+fp/softfp/libc_nano.a(lib_a-nano-vfprintf.o)
 .debug_info    0x00000000000076ee      0x7dc /usr/lib/gcc/arm-none-eabi/12.1.0/../../../../arm-none-eabi/lib/thumb/v7e-m+fp/softfp/libc_nano.a(lib_a-sbrkr.o)
 .debug_info    0x0000000000007eca      0x8df /usr/lib/gcc/arm-none-eabi/12.1.0/../../../../arm-none-eabi/lib/thumb/v7e-m+fp/softfp/libc_nano.a(lib_a-sprintf.o)
 .debug_info    0x00000000000087a9      0x94e /usr/lib/gcc/arm-none-eabi/12.1.0/../../../../arm-none-eabi/lib/thumb/v7e-m+fp/softfp/libc_nano.a(lib_a-sscanf.o)
 .debug_info    0x00000000000090f7      0xab4 /usr/lib/gcc/arm-none-eabi/12.1.0/../../../../arm-none-eabi/lib/thumb/v7e-m+fp/softfp/libc_nano.a(lib_a-stdio.o)
 .debug_info    0x0000000000009bab       0xe1 /usr/lib/gcc/arm-none-eabi/12.1.0/../../../../arm-none-eabi/lib/thumb/v7e-m+fp/softfp/libc_nano.a(lib_a-strcat.o)
 .debug_info    0x0000000000009c8c      0x8cb /usr/lib/gcc/arm-none-eabi/12.1.0/../../../../arm-none-eabi/lib/thumb/v7e-m+fp/softfp/libc_nano.a(lib_a-strerror.o)
 .debug_info    0x000000000000a557       0x24 /usr/lib/gcc/arm-none-eabi/12.1.0/../../../../arm-none-eabi/lib/thumb/v7e-m+fp/softfp/libc_nano.a(lib_a-strlen.o)
 .debug_info    0x000000000000a57b       0x88 /usr/lib/gcc/arm-none-eabi/12.1.0/../../../../arm-none-eabi/lib/thumb/v7e-m+fp/softfp/libc_nano.a(lib_a-u_strerr.o)
 .debug_info    0x000000000000a603      0x95d /usr/lib/gcc/arm-none-eabi/12.1.0/../../../../arm-none-eabi/lib/thumb/v7e-m+fp/softfp/libc_nano.a(lib_a-wbuf.o)
 .debug_info    0x000000000000af60      0x813 /usr/lib/gcc/arm-none-eabi/12.1.0/../../../../arm-none-eabi/lib/thumb/v7e-m+fp/softfp/libc_nano.a(lib_a-writer.o)
 .debug_info    0x000000000000b773      0x8b9 /usr/lib/gcc/arm-none-eabi/12.1.0/../../../../arm-none-eabi/lib/thumb/v7e-m+fp/softfp/libc_nano.a(lib_a-wsetup.o)
 .debug_info    0x000000000000c02c       0xd8 /usr/lib/gcc/arm-none-eabi/12.1.0/../../../../arm-none-eabi/lib/thumb/v7e-m+fp/softfp/libc_nano.a(lib_a-abort.o)
 .debug_info    0x000000000000c104      0x7b7 /usr/lib/gcc/arm-none-eabi/12.1.0/../../../../arm-none-eabi/lib/thumb/v7e-m+fp/softfp/libc_nano.a(lib_a-closer.o)
 .debug_info    0x000000000000c8bb      0xa9e /usr/lib/gcc/arm-none-eabi/12.1.0/../../../../arm-none-eabi/lib/thumb/v7e-m+fp/softfp/libc_nano.a(lib_a-fflush.o)
 .debug_info    0x000000000000d359      0xff1 /usr/lib/gcc/arm-none-eabi/12.1.0/../../../../arm-none-eabi/lib/thumb/v7e-m+fp/softfp/libc_nano.a(lib_a-findfp.o)
 .debug_info    0x000000000000e34a      0x899 /usr/lib/gcc/arm-none-eabi/12.1.0/../../../../arm-none-eabi/lib/thumb/v7e-m+fp/softfp/libc_nano.a(lib_a-fwalk.o)
 .debug_info    0x000000000000ebe3      0x21a /usr/lib/gcc/arm-none-eabi/12.1.0/../../../../arm-none-eabi/lib/thumb/v7e-m+fp/softfp/libc_nano.a(lib_a-lock.o)
 .debug_info    0x000000000000edfd      0x7f6 /usr/lib/gcc/arm-none-eabi/12.1.0/../../../../arm-none-eabi/lib/thumb/v7e-m+fp/softfp/libc_nano.a(lib_a-lseekr.o)
 .debug_info    0x000000000000f5f3      0xb8b /usr/lib/gcc/arm-none-eabi/12.1.0/../../../../arm-none-eabi/lib/thumb/v7e-m+fp/softfp/libc_nano.a(lib_a-makebuf.o)
 .debug_info    0x000000000001017e       0x25 /usr/lib/gcc/arm-none-eabi/12.1.0/../../../../arm-none-eabi/lib/thumb/v7e-m+fp/softfp/libc_nano.a(lib_a-memchr.o)
 .debug_info    0x00000000000101a3      0x10f /usr/lib/gcc/arm-none-eabi/12.1.0/../../../../arm-none-eabi/lib/thumb/v7e-m+fp/softfp/libc_nano.a(lib_a-memmove.o)
 .debug_info    0x00000000000102b2      0x7cb /usr/lib/gcc/arm-none-eabi/12.1.0/../../../../arm-none-eabi/lib/thumb/v7e-m+fp/softfp/libc_nano.a(lib_a-mlock.o)
 .debug_info    0x0000000000010a7d      0x8a6 /usr/lib/gcc/arm-none-eabi/12.1.0/../../../../arm-none-eabi/lib/thumb/v7e-m+fp/softfp/libc_nano.a(lib_a-nano-freer.o)
 .debug_info    0x0000000000011323      0x927 /usr/lib/gcc/arm-none-eabi/12.1.0/../../../../arm-none-eabi/lib/thumb/v7e-m+fp/softfp/libc_nano.a(lib_a-nano-reallocr.o)
 .debug_info    0x0000000000011c4a     0x1124 /usr/lib/gcc/arm-none-eabi/12.1.0/../../../../arm-none-eabi/lib/thumb/v7e-m+fp/softfp/libc_nano.a(lib_a-nano-svfprintf.o)
 .debug_info    0x0000000000012d6e      0xf62 /usr/lib/gcc/arm-none-eabi/12.1.0/../../../../arm-none-eabi/lib/thumb/v7e-m+fp/softfp/libc_nano.a(lib_a-nano-svfscanf.o)
 .debug_info    0x0000000000013cd0      0xe42 /usr/lib/gcc/arm-none-eabi/12.1.0/../../../../arm-none-eabi/lib/thumb/v7e-m+fp/softfp/libc_nano.a(lib_a-nano-vfprintf_i.o)
 .debug_info    0x0000000000014b12      0xe11 /usr/lib/gcc/arm-none-eabi/12.1.0/../../../../arm-none-eabi/lib/thumb/v7e-m+fp/softfp/libc_nano.a(lib_a-nano-vfscanf_i.o)
 .debug_info    0x0000000000015923      0x80d /usr/lib/gcc/arm-none-eabi/12.1.0/../../../../arm-none-eabi/lib/thumb/v7e-m+fp/softfp/libc_nano.a(lib_a-readr.o)
 .debug_info    0x0000000000016130      0x936 /usr/lib/gcc/arm-none-eabi/12.1.0/../../../../arm-none-eabi/lib/thumb/v7e-m+fp/softfp/libc_nano.a(lib_a-reent.o)
 .debug_info    0x0000000000016a66      0x10e /usr/lib/gcc/arm-none-eabi/12.1.0/../../../../arm-none-eabi/lib/thumb/v7e-m+fp/softfp/libc_nano.a(lib_a-sccl.o)
 .debug_info    0x0000000000016b74      0xa8f /usr/lib/gcc/arm-none-eabi/12.1.0/../../../../arm-none-eabi/lib/thumb/v7e-m+fp/softfp/libc_nano.a(lib_a-signal.o)
 .debug_info    0x0000000000017603      0x83e /usr/lib/gcc/arm-none-eabi/12.1.0/../../../../arm-none-eabi/lib/thumb/v7e-m+fp/softfp/libc_nano.a(lib_a-signalr.o)
 .debug_info    0x0000000000017e41      0xd9d /usr/lib/gcc/arm-none-eabi/12.1.0/../../../../arm-none-eabi/lib/thumb/v7e-m+fp/softfp/libc_nano.a(lib_a-strtol.o)
 .debug_info    0x0000000000018bde      0xd0b /usr/lib/gcc/arm-none-eabi/12.1.0/../../../../arm-none-eabi/lib/thumb/v7e-m+fp/softfp/libc_nano.a(lib_a-strtoul.o)
 .debug_info    0x00000000000198e9      0xa7e /usr/lib/gcc/arm-none-eabi/12.1.0/../../../../arm-none-eabi/lib/thumb/v7e-m+fp/softfp/libc_nano.a(lib_a-ungetc.o)
 .debug_info    0x000000000001a367       0xb9 /usr/lib/gcc/arm-none-eabi/12.1.0/../../../../arm-none-eabi/lib/thumb/v7e-m+fp/softfp/libc_nano.a(lib_a-ctype_.o)
 .debug_info    0x000000000001a420      0x9d5 /usr/lib/gcc/arm-none-eabi/12.1.0/../../../../arm-none-eabi/lib/thumb/v7e-m+fp/softfp/libc_nano.a(lib_a-fstatr.o)
 .debug_info    0x000000000001adf5      0x7b7 /usr/lib/gcc/arm-none-eabi/12.1.0/../../../../arm-none-eabi/lib/thumb/v7e-m+fp/softfp/libc_nano.a(lib_a-isattyr.o)
 .debug_info    0x000000000001b5ac      0x7f4 /usr/lib/gcc/arm-none-eabi/12.1.0/../../../../arm-none-eabi/lib/thumb/v7e-m+fp/softfp/libc_nano.a(lib_a-nano-msizer.o)
 .debug_info    0x000000000001bda0       0x25 /usr/lib/gcc/arm-none-eabi/12.1.0/thumb/v7e-m+fp/softfp/libgcc.a(_arm_addsubdf3.o)
 .debug_info    0x000000000001bdc5       0x25 /usr/lib/gcc/arm-none-eabi/12.1.0/thumb/v7e-m+fp/softfp/libgcc.a(_arm_muldivdf3.o)
 .debug_info    0x000000000001bdea       0x24 /usr/lib/gcc/arm-none-eabi/12.1.0/thumb/v7e-m+fp/softfp/libgcc.a(_arm_fixdfsi.o)

.debug_abbrev   0x0000000000000000     0x671b
 .debug_abbrev  0x0000000000000000      0x269 Debug/mcu_mdriver.o
 .debug_abbrev  0x0000000000000269      0x1b4 Debug/mcu_mlib.o
 .debug_abbrev  0x000000000000041d      0x202 Debug/mcu_mm.o
 .debug_abbrev  0x000000000000061f      0x201 Debug/mcu_timer.o
 .debug_abbrev  0x0000000000000820       0xf7 Debug/mcu.o
 .debug_abbrev  0x0000000000000917      0x173 Debug/mcu_request.o
 .debug_abbrev  0x0000000000000a8a      0x1cb Debug/uart.o
 .debug_abbrev  0x0000000000000c55      0x1c3 Debug/uart_dma.o
 .debug_abbrev  0x0000000000000e18       0xf9 Debug/system_stm32f4xx.o
 .debug_abbrev  0x0000000000000f11       0x12 Debug/startup_stm32f411xe.o
 .debug_abbrev  0x0000000000000f23      0x1ea /usr/lib/gcc/arm-none-eabi/12.1.0/../../../../arm-none-eabi/lib/thumb/v7e-m+fp/softfp/libc_nano.a(lib_a-assert.o)
 .debug_abbrev  0x000000000000110d      0x15e /usr/lib/gcc/arm-none-eabi/12.1.0/../../../../arm-none-eabi/lib/thumb/v7e-m+fp/softfp/libc_nano.a(lib_a-errno.o)
 .debug_abbrev  0x000000000000126b      0x21d /usr/lib/gcc/arm-none-eabi/12.1.0/../../../../arm-none-eabi/lib/thumb/v7e-m+fp/softfp/libc_nano.a(lib_a-fprintf.o)
 .debug_abbrev  0x0000000000001488      0x15a /usr/lib/gcc/arm-none-eabi/12.1.0/../../../../arm-none-eabi/lib/thumb/v7e-m+fp/softfp/libc_nano.a(lib_a-impure.o)
 .debug_abbrev  0x00000000000015e2       0xc9 /usr/lib/gcc/arm-none-eabi/12.1.0/../../../../arm-none-eabi/lib/thumb/v7e-m+fp/softfp/libc_nano.a(lib_a-init.o)
 .debug_abbrev  0x00000000000016ab       0xc1 /usr/lib/gcc/arm-none-eabi/12.1.0/../../../../arm-none-eabi/lib/thumb/v7e-m+fp/softfp/libc_nano.a(lib_a-memcpy-stub.o)
 .debug_abbrev  0x000000000000176c       0x9e /usr/lib/gcc/arm-none-eabi/12.1.0/../../../../arm-none-eabi/lib/thumb/v7e-m+fp/softfp/libc_nano.a(lib_a-memset.o)
 .debug_abbrev  0x000000000000180a      0x24a /usr/lib/gcc/arm-none-eabi/12.1.0/../../../../arm-none-eabi/lib/thumb/v7e-m+fp/softfp/libc_nano.a(lib_a-nano-mallocr.o)
 .debug_abbrev  0x0000000000001a54      0x317 /usr/lib/gcc/arm-none-eabi/12.1.0/../../../../arm-none-eabi/lib/thumb/v7e-m+fp/softfp/libc_nano.a(lib_a-nano-vfprintf.o)
 .debug_abbrev  0x0000000000001d6b      0x1da /usr/lib/gcc/arm-none-eabi/12.1.0/../../../../arm-none-eabi/lib/thumb/v7e-m+fp/softfp/libc_nano.a(lib_a-sbrkr.o)
 .debug_abbrev  0x0000000000001f45      0x21c /usr/lib/gcc/arm-none-eabi/12.1.0/../../../../arm-none-eabi/lib/thumb/v7e-m+fp/softfp/libc_nano.a(lib_a-sprintf.o)
 .debug_abbrev  0x0000000000002161      0x226 /usr/lib/gcc/arm-none-eabi/12.1.0/../../../../arm-none-eabi/lib/thumb/v7e-m+fp/softfp/libc_nano.a(lib_a-sscanf.o)
 .debug_abbrev  0x0000000000002387      0x221 /usr/lib/gcc/arm-none-eabi/12.1.0/../../../../arm-none-eabi/lib/thumb/v7e-m+fp/softfp/libc_nano.a(lib_a-stdio.o)
 .debug_abbrev  0x00000000000025a8       0x86 /usr/lib/gcc/arm-none-eabi/12.1.0/../../../../arm-none-eabi/lib/thumb/v7e-m+fp/softfp/libc_nano.a(lib_a-strcat.o)
 .debug_abbrev  0x000000000000262e      0x1f2 /usr/lib/gcc/arm-none-eabi/12.1.0/../../../../arm-none-eabi/lib/thumb/v7e-m+fp/softfp/libc_nano.a(lib_a-strerror.o)
 .debug_abbrev  0x0000000000002820       0x14 /usr/lib/gcc/arm-none-eabi/12.1.0/../../../../arm-none-eabi/lib/thumb/v7e-m+fp/softfp/libc_nano.a(lib_a-strlen.o)
 .debug_abbrev  0x0000000000002834       0x77 /usr/lib/gcc/arm-none-eabi/12.1.0/../../../../arm-none-eabi/lib/thumb/v7e-m+fp/softfp/libc_nano.a(lib_a-u_strerr.o)
 .debug_abbrev  0x00000000000028ab      0x22e /usr/lib/gcc/arm-none-eabi/12.1.0/../../../../arm-none-eabi/lib/thumb/v7e-m+fp/softfp/libc_nano.a(lib_a-wbuf.o)
 .debug_abbrev  0x0000000000002ad9      0x1b5 /usr/lib/gcc/arm-none-eabi/12.1.0/../../../../arm-none-eabi/lib/thumb/v7e-m+fp/softfp/libc_nano.a(lib_a-writer.o)
 .debug_abbrev  0x0000000000002c8e      0x1d9 /usr/lib/gcc/arm-none-eabi/12.1.0/../../../../arm-none-eabi/lib/thumb/v7e-m+fp/softfp/libc_nano.a(lib_a-wsetup.o)
 .debug_abbrev  0x0000000000002e67       0x99 /usr/lib/gcc/arm-none-eabi/12.1.0/../../../../arm-none-eabi/lib/thumb/v7e-m+fp/softfp/libc_nano.a(lib_a-abort.o)
 .debug_abbrev  0x0000000000002f00      0x1b0 /usr/lib/gcc/arm-none-eabi/12.1.0/../../../../arm-none-eabi/lib/thumb/v7e-m+fp/softfp/libc_nano.a(lib_a-closer.o)
 .debug_abbrev  0x00000000000030b0      0x2a7 /usr/lib/gcc/arm-none-eabi/12.1.0/../../../../arm-none-eabi/lib/thumb/v7e-m+fp/softfp/libc_nano.a(lib_a-fflush.o)
 .debug_abbrev  0x0000000000003357      0x398 /usr/lib/gcc/arm-none-eabi/12.1.0/../../../../arm-none-eabi/lib/thumb/v7e-m+fp/softfp/libc_nano.a(lib_a-findfp.o)
 .debug_abbrev  0x00000000000036ef      0x19f /usr/lib/gcc/arm-none-eabi/12.1.0/../../../../arm-none-eabi/lib/thumb/v7e-m+fp/softfp/libc_nano.a(lib_a-fwalk.o)
 .debug_abbrev  0x000000000000388e      0x115 /usr/lib/gcc/arm-none-eabi/12.1.0/../../../../arm-none-eabi/lib/thumb/v7e-m+fp/softfp/libc_nano.a(lib_a-lock.o)
 .debug_abbrev  0x00000000000039a3      0x1c4 /usr/lib/gcc/arm-none-eabi/12.1.0/../../../../arm-none-eabi/lib/thumb/v7e-m+fp/softfp/libc_nano.a(lib_a-lseekr.o)
 .debug_abbrev  0x0000000000003b67      0x2a3 /usr/lib/gcc/arm-none-eabi/12.1.0/../../../../arm-none-eabi/lib/thumb/v7e-m+fp/softfp/libc_nano.a(lib_a-makebuf.o)
 .debug_abbrev  0x0000000000003e0a       0x14 /usr/lib/gcc/arm-none-eabi/12.1.0/../../../../arm-none-eabi/lib/thumb/v7e-m+fp/softfp/libc_nano.a(lib_a-memchr.o)
 .debug_abbrev  0x0000000000003e1e       0xac /usr/lib/gcc/arm-none-eabi/12.1.0/../../../../arm-none-eabi/lib/thumb/v7e-m+fp/softfp/libc_nano.a(lib_a-memmove.o)
 .debug_abbrev  0x0000000000003eca      0x1bf /usr/lib/gcc/arm-none-eabi/12.1.0/../../../../arm-none-eabi/lib/thumb/v7e-m+fp/softfp/libc_nano.a(lib_a-mlock.o)
 .debug_abbrev  0x0000000000004089      0x23b /usr/lib/gcc/arm-none-eabi/12.1.0/../../../../arm-none-eabi/lib/thumb/v7e-m+fp/softfp/libc_nano.a(lib_a-nano-freer.o)
 .debug_abbrev  0x00000000000042c4      0x217 /usr/lib/gcc/arm-none-eabi/12.1.0/../../../../arm-none-eabi/lib/thumb/v7e-m+fp/softfp/libc_nano.a(lib_a-nano-reallocr.o)
 .debug_abbrev  0x00000000000044db      0x31e /usr/lib/gcc/arm-none-eabi/12.1.0/../../../../arm-none-eabi/lib/thumb/v7e-m+fp/softfp/libc_nano.a(lib_a-nano-svfprintf.o)
 .debug_abbrev  0x00000000000047f9      0x312 /usr/lib/gcc/arm-none-eabi/12.1.0/../../../../arm-none-eabi/lib/thumb/v7e-m+fp/softfp/libc_nano.a(lib_a-nano-svfscanf.o)
 .debug_abbrev  0x0000000000004b0b      0x28e /usr/lib/gcc/arm-none-eabi/12.1.0/../../../../arm-none-eabi/lib/thumb/v7e-m+fp/softfp/libc_nano.a(lib_a-nano-vfprintf_i.o)
 .debug_abbrev  0x0000000000004d99      0x29f /usr/lib/gcc/arm-none-eabi/12.1.0/../../../../arm-none-eabi/lib/thumb/v7e-m+fp/softfp/libc_nano.a(lib_a-nano-vfscanf_i.o)
 .debug_abbrev  0x0000000000005038      0x1b0 /usr/lib/gcc/arm-none-eabi/12.1.0/../../../../arm-none-eabi/lib/thumb/v7e-m+fp/softfp/libc_nano.a(lib_a-readr.o)
 .debug_abbrev  0x00000000000051e8      0x233 /usr/lib/gcc/arm-none-eabi/12.1.0/../../../../arm-none-eabi/lib/thumb/v7e-m+fp/softfp/libc_nano.a(lib_a-reent.o)
 .debug_abbrev  0x000000000000541b       0x9a /usr/lib/gcc/arm-none-eabi/12.1.0/../../../../arm-none-eabi/lib/thumb/v7e-m+fp/softfp/libc_nano.a(lib_a-sccl.o)
 .debug_abbrev  0x00000000000054b5      0x296 /usr/lib/gcc/arm-none-eabi/12.1.0/../../../../arm-none-eabi/lib/thumb/v7e-m+fp/softfp/libc_nano.a(lib_a-signal.o)
 .debug_abbrev  0x000000000000574b      0x1fd /usr/lib/gcc/arm-none-eabi/12.1.0/../../../../arm-none-eabi/lib/thumb/v7e-m+fp/softfp/libc_nano.a(lib_a-signalr.o)
 .debug_abbrev  0x0000000000005948      0x2ee /usr/lib/gcc/arm-none-eabi/12.1.0/../../../../arm-none-eabi/lib/thumb/v7e-m+fp/softfp/libc_nano.a(lib_a-strtol.o)
 .debug_abbrev  0x0000000000005c36      0x2c7 /usr/lib/gcc/arm-none-eabi/12.1.0/../../../../arm-none-eabi/lib/thumb/v7e-m+fp/softfp/libc_nano.a(lib_a-strtoul.o)
 .debug_abbrev  0x0000000000005efd      0x277 /usr/lib/gcc/arm-none-eabi/12.1.0/../../../../arm-none-eabi/lib/thumb/v7e-m+fp/softfp/libc_nano.a(lib_a-ungetc.o)
 .debug_abbrev  0x0000000000006174       0x62 /usr/lib/gcc/arm-none-eabi/12.1.0/../../../../arm-none-eabi/lib/thumb/v7e-m+fp/softfp/libc_nano.a(lib_a-ctype_.o)
 .debug_abbrev  0x00000000000061d6      0x1c3 /usr/lib/gcc/arm-none-eabi/12.1.0/../../../../arm-none-eabi/lib/thumb/v7e-m+fp/softfp/libc_nano.a(lib_a-fstatr.o)
 .debug_abbrev  0x0000000000006399      0x1b0 /usr/lib/gcc/arm-none-eabi/12.1.0/../../../../arm-none-eabi/lib/thumb/v7e-m+fp/softfp/libc_nano.a(lib_a-isattyr.o)
 .debug_abbrev  0x0000000000006549      0x196 /usr/lib/gcc/arm-none-eabi/12.1.0/../../../../arm-none-eabi/lib/thumb/v7e-m+fp/softfp/libc_nano.a(lib_a-nano-msizer.o)
 .debug_abbrev  0x00000000000066df       0x14 /usr/lib/gcc/arm-none-eabi/12.1.0/thumb/v7e-m+fp/softfp/libgcc.a(_arm_addsubdf3.o)
 .debug_abbrev  0x00000000000066f3       0x14 /usr/lib/gcc/arm-none-eabi/12.1.0/thumb/v7e-m+fp/softfp/libgcc.a(_arm_muldivdf3.o)
 .debug_abbrev  0x0000000000006707       0x14 /usr/lib/gcc/arm-none-eabi/12.1.0/thumb/v7e-m+fp/softfp/libgcc.a(_arm_fixdfsi.o)

.debug_loc      0x0000000000000000      0x8d0
 .debug_loc     0x0000000000000000      0x30d Debug/mcu_mdriver.o
 .debug_loc     0x000000000000030d       0xe9 Debug/mcu_mlib.o
 .debug_loc     0x00000000000003f6      0x11a Debug/mcu_mm.o
 .debug_loc     0x0000000000000510       0x98 Debug/mcu_timer.o
 .debug_loc     0x00000000000005a8       0x38 Debug/mcu.o
 .debug_loc     0x00000000000005e0      0x12c Debug/mcu_request.o
 .debug_loc     0x000000000000070c       0xfc Debug/uart.o
 .debug_loc     0x0000000000000808       0xc8 Debug/uart_dma.o

.debug_aranges  0x0000000000000000      0xb30
 .debug_aranges
                0x0000000000000000       0x88 Debug/mcu_mdriver.o
 .debug_aranges
                0x0000000000000088       0x58 Debug/mcu_mlib.o
 .debug_aranges
                0x00000000000000e0       0x40 Debug/mcu_mm.o
 .debug_aranges
                0x0000000000000120       0x40 Debug/mcu_timer.o
 .debug_aranges
                0x0000000000000160       0x28 Debug/mcu.o
 .debug_aranges
                0x0000000000000188       0x48 Debug/mcu_request.o
 .debug_aranges
                0x00000000000001d0       0x60 Debug/uart.o
 .debug_aranges
                0x0000000000000230       0x70 Debug/uart_dma.o
 .debug_aranges
                0x00000000000002a0       0x28 Debug/system_stm32f4xx.o
 .debug_aranges
                0x00000000000002c8       0x28 Debug/startup_stm32f411xe.o
 .debug_aranges
                0x00000000000002f0       0x28 /usr/lib/gcc/arm-none-eabi/12.1.0/../../../../arm-none-eabi/lib/thumb/v7e-m+fp/softfp/libc_nano.a(lib_a-assert.o)
 .debug_aranges
                0x0000000000000318       0x20 /usr/lib/gcc/arm-none-eabi/12.1.0/../../../../arm-none-eabi/lib/thumb/v7e-m+fp/softfp/libc_nano.a(lib_a-errno.o)
 .debug_aranges
                0x0000000000000338       0x28 /usr/lib/gcc/arm-none-eabi/12.1.0/../../../../arm-none-eabi/lib/thumb/v7e-m+fp/softfp/libc_nano.a(lib_a-fprintf.o)
 .debug_aranges
                0x0000000000000360       0x18 /usr/lib/gcc/arm-none-eabi/12.1.0/../../../../arm-none-eabi/lib/thumb/v7e-m+fp/softfp/libc_nano.a(lib_a-impure.o)
 .debug_aranges
                0x0000000000000378       0x20 /usr/lib/gcc/arm-none-eabi/12.1.0/../../../../arm-none-eabi/lib/thumb/v7e-m+fp/softfp/libc_nano.a(lib_a-init.o)
 .debug_aranges
                0x0000000000000398       0x20 /usr/lib/gcc/arm-none-eabi/12.1.0/../../../../arm-none-eabi/lib/thumb/v7e-m+fp/softfp/libc_nano.a(lib_a-memcpy-stub.o)
 .debug_aranges
                0x00000000000003b8       0x20 /usr/lib/gcc/arm-none-eabi/12.1.0/../../../../arm-none-eabi/lib/thumb/v7e-m+fp/softfp/libc_nano.a(lib_a-memset.o)
 .debug_aranges
                0x00000000000003d8       0x28 /usr/lib/gcc/arm-none-eabi/12.1.0/../../../../arm-none-eabi/lib/thumb/v7e-m+fp/softfp/libc_nano.a(lib_a-nano-mallocr.o)
 .debug_aranges
                0x0000000000000400       0x40 /usr/lib/gcc/arm-none-eabi/12.1.0/../../../../arm-none-eabi/lib/thumb/v7e-m+fp/softfp/libc_nano.a(lib_a-nano-vfprintf.o)
 .debug_aranges
                0x0000000000000440       0x20 /usr/lib/gcc/arm-none-eabi/12.1.0/../../../../arm-none-eabi/lib/thumb/v7e-m+fp/softfp/libc_nano.a(lib_a-sbrkr.o)
 .debug_aranges
                0x0000000000000460       0x28 /usr/lib/gcc/arm-none-eabi/12.1.0/../../../../arm-none-eabi/lib/thumb/v7e-m+fp/softfp/libc_nano.a(lib_a-sprintf.o)
 .debug_aranges
                0x0000000000000488       0x28 /usr/lib/gcc/arm-none-eabi/12.1.0/../../../../arm-none-eabi/lib/thumb/v7e-m+fp/softfp/libc_nano.a(lib_a-sscanf.o)
 .debug_aranges
                0x00000000000004b0       0x40 /usr/lib/gcc/arm-none-eabi/12.1.0/../../../../arm-none-eabi/lib/thumb/v7e-m+fp/softfp/libc_nano.a(lib_a-stdio.o)
 .debug_aranges
                0x00000000000004f0       0x20 /usr/lib/gcc/arm-none-eabi/12.1.0/../../../../arm-none-eabi/lib/thumb/v7e-m+fp/softfp/libc_nano.a(lib_a-strcat.o)
 .debug_aranges
                0x0000000000000510       0x30 /usr/lib/gcc/arm-none-eabi/12.1.0/../../../../arm-none-eabi/lib/thumb/v7e-m+fp/softfp/libc_nano.a(lib_a-strerror.o)
 .debug_aranges
                0x0000000000000540       0x20 /usr/lib/gcc/arm-none-eabi/12.1.0/../../../../arm-none-eabi/lib/thumb/v7e-m+fp/softfp/libc_nano.a(lib_a-strlen.o)
 .debug_aranges
                0x0000000000000560       0x20 /usr/lib/gcc/arm-none-eabi/12.1.0/../../../../arm-none-eabi/lib/thumb/v7e-m+fp/softfp/libc_nano.a(lib_a-u_strerr.o)
 .debug_aranges
                0x0000000000000580       0x28 /usr/lib/gcc/arm-none-eabi/12.1.0/../../../../arm-none-eabi/lib/thumb/v7e-m+fp/softfp/libc_nano.a(lib_a-wbuf.o)
 .debug_aranges
                0x00000000000005a8       0x20 /usr/lib/gcc/arm-none-eabi/12.1.0/../../../../arm-none-eabi/lib/thumb/v7e-m+fp/softfp/libc_nano.a(lib_a-writer.o)
 .debug_aranges
                0x00000000000005c8       0x20 /usr/lib/gcc/arm-none-eabi/12.1.0/../../../../arm-none-eabi/lib/thumb/v7e-m+fp/softfp/libc_nano.a(lib_a-wsetup.o)
 .debug_aranges
                0x00000000000005e8       0x20 /usr/lib/gcc/arm-none-eabi/12.1.0/../../../../arm-none-eabi/lib/thumb/v7e-m+fp/softfp/libc_nano.a(lib_a-abort.o)
 .debug_aranges
                0x0000000000000608       0x20 /usr/lib/gcc/arm-none-eabi/12.1.0/../../../../arm-none-eabi/lib/thumb/v7e-m+fp/softfp/libc_nano.a(lib_a-closer.o)
 .debug_aranges
                0x0000000000000628       0x30 /usr/lib/gcc/arm-none-eabi/12.1.0/../../../../arm-none-eabi/lib/thumb/v7e-m+fp/softfp/libc_nano.a(lib_a-fflush.o)
 .debug_aranges
                0x0000000000000658       0x88 /usr/lib/gcc/arm-none-eabi/12.1.0/../../../../arm-none-eabi/lib/thumb/v7e-m+fp/softfp/libc_nano.a(lib_a-findfp.o)
 .debug_aranges
                0x00000000000006e0       0x28 /usr/lib/gcc/arm-none-eabi/12.1.0/../../../../arm-none-eabi/lib/thumb/v7e-m+fp/softfp/libc_nano.a(lib_a-fwalk.o)
 .debug_aranges
                0x0000000000000708       0x28 /usr/lib/gcc/arm-none-eabi/12.1.0/../../../../arm-none-eabi/lib/thumb/v7e-m+fp/softfp/libc_nano.a(lib_a-lock.o)
 .debug_aranges
                0x0000000000000730       0x20 /usr/lib/gcc/arm-none-eabi/12.1.0/../../../../arm-none-eabi/lib/thumb/v7e-m+fp/softfp/libc_nano.a(lib_a-lseekr.o)
 .debug_aranges
                0x0000000000000750       0x28 /usr/lib/gcc/arm-none-eabi/12.1.0/../../../../arm-none-eabi/lib/thumb/v7e-m+fp/softfp/libc_nano.a(lib_a-makebuf.o)
 .debug_aranges
                0x0000000000000778       0x20 /usr/lib/gcc/arm-none-eabi/12.1.0/../../../../arm-none-eabi/lib/thumb/v7e-m+fp/softfp/libc_nano.a(lib_a-memchr.o)
 .debug_aranges
                0x0000000000000798       0x20 /usr/lib/gcc/arm-none-eabi/12.1.0/../../../../arm-none-eabi/lib/thumb/v7e-m+fp/softfp/libc_nano.a(lib_a-memmove.o)
 .debug_aranges
                0x00000000000007b8       0x28 /usr/lib/gcc/arm-none-eabi/12.1.0/../../../../arm-none-eabi/lib/thumb/v7e-m+fp/softfp/libc_nano.a(lib_a-mlock.o)
 .debug_aranges
                0x00000000000007e0       0x20 /usr/lib/gcc/arm-none-eabi/12.1.0/../../../../arm-none-eabi/lib/thumb/v7e-m+fp/softfp/libc_nano.a(lib_a-nano-freer.o)
 .debug_aranges
                0x0000000000000800       0x20 /usr/lib/gcc/arm-none-eabi/12.1.0/../../../../arm-none-eabi/lib/thumb/v7e-m+fp/softfp/libc_nano.a(lib_a-nano-reallocr.o)
 .debug_aranges
                0x0000000000000820       0x30 /usr/lib/gcc/arm-none-eabi/12.1.0/../../../../arm-none-eabi/lib/thumb/v7e-m+fp/softfp/libc_nano.a(lib_a-nano-svfprintf.o)
 .debug_aranges
                0x0000000000000850       0x30 /usr/lib/gcc/arm-none-eabi/12.1.0/../../../../arm-none-eabi/lib/thumb/v7e-m+fp/softfp/libc_nano.a(lib_a-nano-svfscanf.o)
 .debug_aranges
                0x0000000000000880       0x28 /usr/lib/gcc/arm-none-eabi/12.1.0/../../../../arm-none-eabi/lib/thumb/v7e-m+fp/softfp/libc_nano.a(lib_a-nano-vfprintf_i.o)
 .debug_aranges
                0x00000000000008a8       0x28 /usr/lib/gcc/arm-none-eabi/12.1.0/../../../../arm-none-eabi/lib/thumb/v7e-m+fp/softfp/libc_nano.a(lib_a-nano-vfscanf_i.o)
 .debug_aranges
                0x00000000000008d0       0x20 /usr/lib/gcc/arm-none-eabi/12.1.0/../../../../arm-none-eabi/lib/thumb/v7e-m+fp/softfp/libc_nano.a(lib_a-readr.o)
 .debug_aranges
                0x00000000000008f0       0x28 /usr/lib/gcc/arm-none-eabi/12.1.0/../../../../arm-none-eabi/lib/thumb/v7e-m+fp/softfp/libc_nano.a(lib_a-reent.o)
 .debug_aranges
                0x0000000000000918       0x20 /usr/lib/gcc/arm-none-eabi/12.1.0/../../../../arm-none-eabi/lib/thumb/v7e-m+fp/softfp/libc_nano.a(lib_a-sccl.o)
 .debug_aranges
                0x0000000000000938       0x58 /usr/lib/gcc/arm-none-eabi/12.1.0/../../../../arm-none-eabi/lib/thumb/v7e-m+fp/softfp/libc_nano.a(lib_a-signal.o)
 .debug_aranges
                0x0000000000000990       0x28 /usr/lib/gcc/arm-none-eabi/12.1.0/../../../../arm-none-eabi/lib/thumb/v7e-m+fp/softfp/libc_nano.a(lib_a-signalr.o)
 .debug_aranges
                0x00000000000009b8       0x38 /usr/lib/gcc/arm-none-eabi/12.1.0/../../../../arm-none-eabi/lib/thumb/v7e-m+fp/softfp/libc_nano.a(lib_a-strtol.o)
 .debug_aranges
                0x00000000000009f0       0x38 /usr/lib/gcc/arm-none-eabi/12.1.0/../../../../arm-none-eabi/lib/thumb/v7e-m+fp/softfp/libc_nano.a(lib_a-strtoul.o)
 .debug_aranges
                0x0000000000000a28       0x30 /usr/lib/gcc/arm-none-eabi/12.1.0/../../../../arm-none-eabi/lib/thumb/v7e-m+fp/softfp/libc_nano.a(lib_a-ungetc.o)
 .debug_aranges
                0x0000000000000a58       0x18 /usr/lib/gcc/arm-none-eabi/12.1.0/../../../../arm-none-eabi/lib/thumb/v7e-m+fp/softfp/libc_nano.a(lib_a-ctype_.o)
 .debug_aranges
                0x0000000000000a70       0x20 /usr/lib/gcc/arm-none-eabi/12.1.0/../../../../arm-none-eabi/lib/thumb/v7e-m+fp/softfp/libc_nano.a(lib_a-fstatr.o)
 .debug_aranges
                0x0000000000000a90       0x20 /usr/lib/gcc/arm-none-eabi/12.1.0/../../../../arm-none-eabi/lib/thumb/v7e-m+fp/softfp/libc_nano.a(lib_a-isattyr.o)
 .debug_aranges
                0x0000000000000ab0       0x20 /usr/lib/gcc/arm-none-eabi/12.1.0/../../../../arm-none-eabi/lib/thumb/v7e-m+fp/softfp/libc_nano.a(lib_a-nano-msizer.o)
 .debug_aranges
                0x0000000000000ad0       0x20 /usr/lib/gcc/arm-none-eabi/12.1.0/thumb/v7e-m+fp/softfp/libgcc.a(_arm_addsubdf3.o)
 .debug_aranges
                0x0000000000000af0       0x20 /usr/lib/gcc/arm-none-eabi/12.1.0/thumb/v7e-m+fp/softfp/libgcc.a(_arm_muldivdf3.o)
 .debug_aranges
                0x0000000000000b10       0x20 /usr/lib/gcc/arm-none-eabi/12.1.0/thumb/v7e-m+fp/softfp/libgcc.a(_arm_fixdfsi.o)

.debug_ranges   0x0000000000000000      0x258
 .debug_ranges  0x0000000000000000       0x78 Debug/mcu_mdriver.o
 .debug_ranges  0x0000000000000078       0x48 Debug/mcu_mlib.o
 .debug_ranges  0x00000000000000c0       0x30 Debug/mcu_mm.o
 .debug_ranges  0x00000000000000f0       0x30 Debug/mcu_timer.o
 .debug_ranges  0x0000000000000120       0x18 Debug/mcu.o
 .debug_ranges  0x0000000000000138       0x38 Debug/mcu_request.o
 .debug_ranges  0x0000000000000170       0x50 Debug/uart.o
 .debug_ranges  0x00000000000001c0       0x60 Debug/uart_dma.o
 .debug_ranges  0x0000000000000220       0x18 Debug/system_stm32f4xx.o
 .debug_ranges  0x0000000000000238       0x20 Debug/startup_stm32f411xe.o

.debug_line     0x0000000000000000     0xa11e
 .debug_line    0x0000000000000000      0x7a6 Debug/mcu_mdriver.o
 .debug_line    0x00000000000007a6      0x213 Debug/mcu_mlib.o
 .debug_line    0x00000000000009b9      0x2ee Debug/mcu_mm.o
 .debug_line    0x0000000000000ca7      0x255 Debug/mcu_timer.o
 .debug_line    0x0000000000000efc       0xd5 Debug/mcu.o
 .debug_line    0x0000000000000fd1      0x1b0 Debug/mcu_request.o
 .debug_line    0x0000000000001181      0x2dd Debug/uart.o
 .debug_line    0x000000000000145e      0x34c Debug/uart_dma.o
 .debug_line    0x00000000000017aa      0x1a2 Debug/system_stm32f4xx.o
 .debug_line    0x000000000000194c       0x84 Debug/startup_stm32f411xe.o
 .debug_line    0x00000000000019d0      0x1d2 /usr/lib/gcc/arm-none-eabi/12.1.0/../../../../arm-none-eabi/lib/thumb/v7e-m+fp/softfp/libc_nano.a(lib_a-assert.o)
 .debug_line    0x0000000000001ba2      0x130 /usr/lib/gcc/arm-none-eabi/12.1.0/../../../../arm-none-eabi/lib/thumb/v7e-m+fp/softfp/libc_nano.a(lib_a-errno.o)
 .debug_line    0x0000000000001cd2      0x1e1 /usr/lib/gcc/arm-none-eabi/12.1.0/../../../../arm-none-eabi/lib/thumb/v7e-m+fp/softfp/libc_nano.a(lib_a-fprintf.o)
 .debug_line    0x0000000000001eb3      0x10e /usr/lib/gcc/arm-none-eabi/12.1.0/../../../../arm-none-eabi/lib/thumb/v7e-m+fp/softfp/libc_nano.a(lib_a-impure.o)
 .debug_line    0x0000000000001fc1      0x13b /usr/lib/gcc/arm-none-eabi/12.1.0/../../../../arm-none-eabi/lib/thumb/v7e-m+fp/softfp/libc_nano.a(lib_a-init.o)
 .debug_line    0x00000000000020fc      0x147 /usr/lib/gcc/arm-none-eabi/12.1.0/../../../../arm-none-eabi/lib/thumb/v7e-m+fp/softfp/libc_nano.a(lib_a-memcpy-stub.o)
 .debug_line    0x0000000000002243      0x129 /usr/lib/gcc/arm-none-eabi/12.1.0/../../../../arm-none-eabi/lib/thumb/v7e-m+fp/softfp/libc_nano.a(lib_a-memset.o)
 .debug_line    0x000000000000236c      0x437 /usr/lib/gcc/arm-none-eabi/12.1.0/../../../../arm-none-eabi/lib/thumb/v7e-m+fp/softfp/libc_nano.a(lib_a-nano-mallocr.o)
 .debug_line    0x00000000000027a3      0x6a5 /usr/lib/gcc/arm-none-eabi/12.1.0/../../../../arm-none-eabi/lib/thumb/v7e-m+fp/softfp/libc_nano.a(lib_a-nano-vfprintf.o)
 .debug_line    0x0000000000002e48      0x1be /usr/lib/gcc/arm-none-eabi/12.1.0/../../../../arm-none-eabi/lib/thumb/v7e-m+fp/softfp/libc_nano.a(lib_a-sbrkr.o)
 .debug_line    0x0000000000003006      0x252 /usr/lib/gcc/arm-none-eabi/12.1.0/../../../../arm-none-eabi/lib/thumb/v7e-m+fp/softfp/libc_nano.a(lib_a-sprintf.o)
 .debug_line    0x0000000000003258      0x27d /usr/lib/gcc/arm-none-eabi/12.1.0/../../../../arm-none-eabi/lib/thumb/v7e-m+fp/softfp/libc_nano.a(lib_a-sscanf.o)
 .debug_line    0x00000000000034d5      0x297 /usr/lib/gcc/arm-none-eabi/12.1.0/../../../../arm-none-eabi/lib/thumb/v7e-m+fp/softfp/libc_nano.a(lib_a-stdio.o)
 .debug_line    0x000000000000376c      0x10d /usr/lib/gcc/arm-none-eabi/12.1.0/../../../../arm-none-eabi/lib/thumb/v7e-m+fp/softfp/libc_nano.a(lib_a-strcat.o)
 .debug_line    0x0000000000003879      0x522 /usr/lib/gcc/arm-none-eabi/12.1.0/../../../../arm-none-eabi/lib/thumb/v7e-m+fp/softfp/libc_nano.a(lib_a-strerror.o)
 .debug_line    0x0000000000003d9b       0x4f /usr/lib/gcc/arm-none-eabi/12.1.0/../../../../arm-none-eabi/lib/thumb/v7e-m+fp/softfp/libc_nano.a(lib_a-strlen.o)
 .debug_line    0x0000000000003dea       0x86 /usr/lib/gcc/arm-none-eabi/12.1.0/../../../../arm-none-eabi/lib/thumb/v7e-m+fp/softfp/libc_nano.a(lib_a-u_strerr.o)
 .debug_line    0x0000000000003e70      0x2a1 /usr/lib/gcc/arm-none-eabi/12.1.0/../../../../arm-none-eabi/lib/thumb/v7e-m+fp/softfp/libc_nano.a(lib_a-wbuf.o)
 .debug_line    0x0000000000004111      0x1bd /usr/lib/gcc/arm-none-eabi/12.1.0/../../../../arm-none-eabi/lib/thumb/v7e-m+fp/softfp/libc_nano.a(lib_a-writer.o)
 .debug_line    0x00000000000042ce      0x2e5 /usr/lib/gcc/arm-none-eabi/12.1.0/../../../../arm-none-eabi/lib/thumb/v7e-m+fp/softfp/libc_nano.a(lib_a-wsetup.o)
 .debug_line    0x00000000000045b3      0x147 /usr/lib/gcc/arm-none-eabi/12.1.0/../../../../arm-none-eabi/lib/thumb/v7e-m+fp/softfp/libc_nano.a(lib_a-abort.o)
 .debug_line    0x00000000000046fa      0x1be /usr/lib/gcc/arm-none-eabi/12.1.0/../../../../arm-none-eabi/lib/thumb/v7e-m+fp/softfp/libc_nano.a(lib_a-closer.o)
 .debug_line    0x00000000000048b8      0x44b /usr/lib/gcc/arm-none-eabi/12.1.0/../../../../arm-none-eabi/lib/thumb/v7e-m+fp/softfp/libc_nano.a(lib_a-fflush.o)
 .debug_line    0x0000000000004d03      0x545 /usr/lib/gcc/arm-none-eabi/12.1.0/../../../../arm-none-eabi/lib/thumb/v7e-m+fp/softfp/libc_nano.a(lib_a-findfp.o)
 .debug_line    0x0000000000005248      0x276 /usr/lib/gcc/arm-none-eabi/12.1.0/../../../../arm-none-eabi/lib/thumb/v7e-m+fp/softfp/libc_nano.a(lib_a-fwalk.o)