Archive member included to satisfy reference by file (symbol)

/usr/lib/gcc/arm-none-eabi/12.1.0/../../../../arm-none-eabi/lib/thumb/v7e-m+fp/softfp/libc_nano.a(lib_a-assert.o)
                              Debug/mcu_mdriver.o (__assert_func)
/usr/lib/gcc/arm-none-eabi/12.1.0/../../../../arm-none-eabi/lib/thumb/v7e-m+fp/softfp/libc_nano.a(lib_a-atexit.o)
                              /usr/lib/gcc/arm-none-eabi/12.1.0/../../../../arm-none-eabi/lib/thumb/v7e-m+fp/softfp/crt0.o (atexit)
/usr/lib/gcc/arm-none-eabi/12.1.0/../../../../arm-none-eabi/lib/thumb/v7e-m+fp/softfp/libc_nano.a(lib_a-errno.o)
                              Debug/mcu_mdriver.o (__errno)
/usr/lib/gcc/arm-none-eabi/12.1.0/../../../../arm-none-eabi/lib/thumb/v7e-m+fp/softfp/libc_nano.a(lib_a-exit.o)
                              /usr/lib/gcc/arm-none-eabi/12.1.0/../../../../arm-none-eabi/lib/thumb/v7e-m+fp/softfp/crt0.o (exit)
/usr/lib/gcc/arm-none-eabi/12.1.0/../../../../arm-none-eabi/lib/thumb/v7e-m+fp/softfp/libc_nano.a(lib_a-fini.o)
                              /usr/lib/gcc/arm-none-eabi/12.1.0/../../../../arm-none-eabi/lib/thumb/v7e-m+fp/softfp/crt0.o (__libc_fini_array)
/usr/lib/gcc/arm-none-eabi/12.1.0/../../../../arm-none-eabi/lib/thumb/v7e-m+fp/softfp/libc_nano.a(lib_a-fprintf.o)
                              /usr/lib/gcc/arm-none-eabi/12.1.0/../../../../arm-none-eabi/lib/thumb/v7e-m+fp/softfp/libc_nano.a(lib_a-assert.o) (fiprintf)
/usr/lib/gcc/arm-none-eabi/12.1.0/../../../../arm-none-eabi/lib/thumb/v7e-m+fp/softfp/libc_nano.a(lib_a-impure.o)
                              /usr/lib/gcc/arm-none-eabi/12.1.0/../../../../arm-none-eabi/lib/thumb/v7e-m+fp/softfp/libc_nano.a(lib_a-exit.o) (_global_impure_ptr)
/usr/lib/gcc/arm-none-eabi/12.1.0/../../../../arm-none-eabi/lib/thumb/v7e-m+fp/softfp/libc_nano.a(lib_a-init.o)
                              /usr/lib/gcc/arm-none-eabi/12.1.0/../../../../arm-none-eabi/lib/thumb/v7e-m+fp/softfp/crt0.o (__libc_init_array)
/usr/lib/gcc/arm-none-eabi/12.1.0/../../../../arm-none-eabi/lib/thumb/v7e-m+fp/softfp/libc_nano.a(lib_a-memcpy-stub.o)
                              Debug/mm.o (memcpy)
/usr/lib/gcc/arm-none-eabi/12.1.0/../../../../arm-none-eabi/lib/thumb/v7e-m+fp/softfp/libc_nano.a(lib_a-memset.o)
                              /usr/lib/gcc/arm-none-eabi/12.1.0/../../../../arm-none-eabi/lib/thumb/v7e-m+fp/softfp/crt0.o (memset)
/usr/lib/gcc/arm-none-eabi/12.1.0/../../../../arm-none-eabi/lib/thumb/v7e-m+fp/softfp/libc_nano.a(lib_a-nano-mallocr.o)
                              Debug/mcu_mlib.o (__malloc_sbrk_start)
/usr/lib/gcc/arm-none-eabi/12.1.0/../../../../arm-none-eabi/lib/thumb/v7e-m+fp/softfp/libc_nano.a(lib_a-nano-vfprintf.o)
                              /usr/lib/gcc/arm-none-eabi/12.1.0/../../../../arm-none-eabi/lib/thumb/v7e-m+fp/softfp/libc_nano.a(lib_a-fprintf.o) (_vfprintf_r)
/usr/lib/gcc/arm-none-eabi/12.1.0/../../../../arm-none-eabi/lib/thumb/v7e-m+fp/softfp/libc_nano.a(lib_a-sbrkr.o)
                              /usr/lib/gcc/arm-none-eabi/12.1.0/../../../../arm-none-eabi/lib/thumb/v7e-m+fp/softfp/libc_nano.a(lib_a-nano-mallocr.o) (_sbrk_r)
/usr/lib/gcc/arm-none-eabi/12.1.0/../../../../arm-none-eabi/lib/thumb/v7e-m+fp/softfp/libc_nano.a(lib_a-sprintf.o)
                              Debug/mcu_mdriver.o (sprintf)
/usr/lib/gcc/arm-none-eabi/12.1.0/../../../../arm-none-eabi/lib/thumb/v7e-m+fp/softfp/libc_nano.a(lib_a-sscanf.o)
                              Debug/mcu_mdriver.o (sscanf)
/usr/lib/gcc/arm-none-eabi/12.1.0/../../../../arm-none-eabi/lib/thumb/v7e-m+fp/softfp/libc_nano.a(lib_a-stdio.o)
                              /usr/lib/gcc/arm-none-eabi/12.1.0/../../../../arm-none-eabi/lib/thumb/v7e-m+fp/softfp/libc_nano.a(lib_a-sscanf.o) (__seofread)
/usr/lib/gcc/arm-none-eabi/12.1.0/../../../../arm-none-eabi/lib/thumb/v7e-m+fp/softfp/libc_nano.a(lib_a-strcat.o)
                              Debug/mcu.o (strcat)
/usr/lib/gcc/arm-none-eabi/12.1.0/../../../../arm-none-eabi/lib/thumb/v7e-m+fp/softfp/libc_nano.a(lib_a-strerror.o)
                              Debug/mcu_mdriver.o (strerror)
/usr/lib/gcc/arm-none-eabi/12.1.0/../../../../arm-none-eabi/lib/thumb/v7e-m+fp/softfp/libc_nano.a(lib_a-strlen.o)
                              Debug/mcu.o (strlen)
/usr/lib/gcc/arm-none-eabi/12.1.0/../../../../arm-none-eabi/lib/thumb/v7e-m+fp/softfp/libc_nano.a(lib_a-u_strerr.o)
                              /usr/lib/gcc/arm-none-eabi/12.1.0/../../../../arm-none-eabi/lib/thumb/v7e-m+fp/softfp/libc_nano.a(lib_a-strerror.o) (_user_strerror)
/usr/lib/gcc/arm-none-eabi/12.1.0/../../../../arm-none-eabi/lib/thumb/v7e-m+fp/softfp/libc_nano.a(lib_a-wbuf.o)
                              /usr/lib/gcc/arm-none-eabi/12.1.0/../../../../arm-none-eabi/lib/thumb/v7e-m+fp/softfp/libc_nano.a(lib_a-nano-vfprintf.o) (__swbuf_r)
/usr/lib/gcc/arm-none-eabi/12.1.0/../../../../arm-none-eabi/lib/thumb/v7e-m+fp/softfp/libc_nano.a(lib_a-writer.o)
[...]
Memory Configuration

Name             Origin             Length             Attributes
RAM              0x0000000020000000 0x0000000000020000 xrw
FLASH            0x0000000008000000 0x0000000000080000 xr
*default*        0x0000000000000000 0xffffffffffffffff

Linker script and memory map

LOAD /usr/lib/gcc/arm-none-eabi/12.1.0/thumb/v7e-m+fp/softfp/crti.o
LOAD /usr/lib/gcc/arm-none-eabi/12.1.0/thumb/v7e-m+fp/softfp/crtbegin.o
LOAD /usr/lib/gcc/arm-none-eabi/12.1.0/../../../../arm-none-eabi/lib/thumb/v7e-m+fp/softfp/crt0.o
LOAD Debug/mcu_mdriver.o
LOAD Debug/mcu_mlib.o
LOAD Debug/mm.o
LOAD Debug/mcu_timer.o
LOAD Debug/mcu.o
LOAD Debug/system_stm32f4xx.o
LOAD Debug/startup_stm32f411xe.o
LOAD /usr/lib/gcc/arm-none-eabi/12.1.0/../../../../arm-none-eabi/lib/thumb/v7e-m+fp/softfp/libc_nano.a
START GROUP
LOAD /usr/lib/gcc/arm-none-eabi/12.1.0/thumb/v7e-m+fp/softfp/libgcc.a
LOAD /usr/lib/gcc/arm-none-eabi/12.1.0/../../../../arm-none-eabi/lib/thumb/v7e-m+fp/softfp/libc_nano.a
END GROUP
START GROUP
LOAD /usr/lib/gcc/arm-none-eabi/12.1.0/thumb/v7e-m+fp/softfp/libgcc.a
LOAD /usr/lib/gcc/arm-none-eabi/12.1.0/../../../../arm-none-eabi/lib/thumb/v7e-m+fp/softfp/libc_nano.a
LOAD /usr/lib/gcc/arm-none-eabi/12.1.0/../../../../arm-none-eabi/lib/thumb/v7e-m+fp/softfp/libnosys.a
END GROUP
START GROUP
LOAD /usr/lib/gcc/arm-none-eabi/12.1.0/thumb/v7e-m+fp/softfp/libgcc.a
LOAD /usr/lib/gcc/arm-none-eabi/12.1.0/../../../../arm-none-eabi/lib/thumb/v7e-m+fp/softfp/libc_nano.a
LOAD /usr/lib/gcc/arm-none-eabi/12.1.0/../../../../arm-none-eabi/lib/thumb/v7e-m+fp/softfp/libnosys.a
END GROUP
LOAD /usr/lib/gcc/arm-none-eabi/12.1.0/thumb/v7e-m+fp/softfp/crtend.o
LOAD /usr/lib/gcc/arm-none-eabi/12.1.0/thumb/v7e-m+fp/softfp/crtn.o
                0x0000000020020000                _estack = (ORIGIN (RAM) + LENGTH (RAM))
                0x0000000000000200                _Min_Heap_Size = 0x200
                0x0000000000000400                _Min_Stack_Size = 0x400

.isr_vector     0x0000000008000000      0x198
                0x0000000008000000                . = ALIGN (0x4)
 *(.isr_vector)
 .isr_vector    0x0000000008000000      0x198 Debug/startup_stm32f411xe.o
                0x0000000008000000                g_pfnVectors
                0x0000000008000198                . = ALIGN (0x4)

.text           0x00000000080001a0     0x4544
                0x00000000080001a0                . = ALIGN (0x4)
 *(.text)
 .text          0x00000000080001a0       0x10 /usr/lib/gcc/arm-none-eabi/12.1.0/../../../../arm-none-eabi/lib/thumb/v7e-m+fp/softfp/libc_nano.a(lib_a-strlen.o)
                0x00000000080001a0                strlen
 .text          0x00000000080001b0       0xa0 /usr/lib/gcc/arm-none-eabi/12.1.0/../../../../arm-none-eabi/lib/thumb/v7e-m+fp/softfp/libc_nano.a(lib_a-memchr.o)
                0x00000000080001b0                memchr
 .text          0x0000000008000250      0x378 /usr/lib/gcc/arm-none-eabi/12.1.0/thumb/v7e-m+fp/softfp/libgcc.a(_arm_addsubdf3.o)
                0x0000000008000250                __aeabi_drsub
                0x0000000008000258                __aeabi_dsub
                0x0000000008000258                __subdf3
                0x000000000800025c                __adddf3
                0x000000000800025c                __aeabi_dadd
                0x00000000080004d4                __aeabi_ui2d
                0x00000000080004d4                __floatunsidf
                0x00000000080004f4                __floatsidf
                0x00000000080004f4                __aeabi_i2d
                0x0000000008000518                __extendsfdf2
                0x0000000008000518                __aeabi_f2d
                0x000000000800055c                __aeabi_ul2d
                0x000000000800055c                __floatundidf
                0x000000000800056c                __floatdidf
                0x000000000800056c                __aeabi_l2d
 .text          0x00000000080005c8      0x424 /usr/lib/gcc/arm-none-eabi/12.1.0/thumb/v7e-m+fp/softfp/libgcc.a(_arm_muldivdf3.o)
                0x00000000080005c8                __aeabi_dmul
                0x00000000080005c8                __muldf3
                0x000000000800081c                __aeabi_ddiv
                0x000000000800081c                __divdf3
 .text          0x00000000080009ec       0x50 /usr/lib/gcc/arm-none-eabi/12.1.0/thumb/v7e-m+fp/softfp/libgcc.a(_arm_fixdfsi.o)
                0x00000000080009ec                __fixdfsi
                0x00000000080009ec                __aeabi_d2iz
 *(.text*)
 .text.__do_global_dtors_aux
                0x0000000008000a3c       0x24 /usr/lib/gcc/arm-none-eabi/12.1.0/thumb/v7e-m+fp/softfp/crtbegin.o
 .text.frame_dummy
                0x0000000008000a60       0x1c /usr/lib/gcc/arm-none-eabi/12.1.0/thumb/v7e-m+fp/softfp/crtbegin.o
 .text.stack_test
                0x0000000008000a7c       0x32 Debug/mcu_mdriver.o
 .text.heap_test
                0x0000000008000aae       0x16 Debug/mcu_mdriver.o
 .text.main     0x0000000008000ac4      0x24c Debug/mcu_mdriver.o
                0x0000000008000ac4                main
 .text.add_range
                0x0000000008000d10      0x170 Debug/mcu_mdriver.o
 .text.remove_range
                0x0000000008000e80       0x4a Debug/mcu_mdriver.o
 .text.clear_ranges
                0x0000000008000eca       0x32 Debug/mcu_mdriver.o
 .text.read_trace
                0x0000000008000efc      0x46c Debug/mcu_mdriver.o
 .text.free_trace
                0x0000000008001368       0x32 Debug/mcu_mdriver.o
 *fill*         0x000000000800139a        0x2 
 .text.eval_mm_valid
                0x000000000800139c      0x210 Debug/mcu_mdriver.o
 .text.eval_mm_util
                0x00000000080015ac      0x1e4 Debug/mcu_mdriver.o
 .text.printresults
                0x0000000008001790      0x268 Debug/mcu_mdriver.o
 .text.app_error
                0x00000000080019f8       0x2c Debug/mcu_mdriver.o
 .text.unix_error
                0x0000000008001a24       0x3c Debug/mcu_mdriver.o
 .text.malloc_error
                0x0000000008001a60       0x48 Debug/mcu_mdriver.o
 .text.mem_init
                0x0000000008001aa8       0x28 Debug/mcu_mlib.o
                0x0000000008001aa8                mem_init
 .text.mem_sbrk
                0x0000000008001ad0       0x60 Debug/mcu_mlib.o
                0x0000000008001ad0                mem_sbrk
 .text.mem_heap_lo
                0x0000000008001b30        0xc Debug/mcu_mlib.o
                0x0000000008001b30                mem_heap_lo
 .text.mem_heap_hi
                0x0000000008001b3c       0x10 Debug/mcu_mlib.o
                0x0000000008001b3c                mem_heap_hi
 .text.mem_heapsize
                0x0000000008001b4c       0x18 Debug/mcu_mlib.o
                0x0000000008001b4c                mem_heapsize
 .text.coalesce
                0x0000000008001b64      0x1b4 Debug/mm.o
 .text.extend_heap
                0x0000000008001d18       0x74 Debug/mm.o
 .text.first_fit
                0x0000000008001d8c       0x54 Debug/mm.o
 .text.find_fit
                0x0000000008001de0       0x16 Debug/mm.o
 .text.place    0x0000000008001df6       0x98 Debug/mm.o
 .text.shrink_blk
                0x0000000008001e8e       0x7c Debug/mm.o
 .text.extend_blk
                0x0000000008001f0a       0xba Debug/mm.o
 .text.mm_init  0x0000000008001fc4       0x6c Debug/mm.o
                0x0000000008001fc4                mm_init
 .text.mm_malloc
                0x0000000008002030       0x76 Debug/mm.o
                0x0000000008002030                mm_malloc
 .text.mm_free  0x00000000080020a6       0x3c Debug/mm.o
                0x00000000080020a6                mm_free
 .text.mm_realloc
                0x00000000080020e2       0xea Debug/mm.o
                0x00000000080020e2                mm_realloc
 .text.__NVIC_EnableIRQ
                0x00000000080021cc       0x34 Debug/mcu_timer.o
 .text.__NVIC_SetPriority
                0x0000000008002200       0x50 Debug/mcu_timer.o
 .text.TIM2_IRQHandler
                0x0000000008002250       0x68 Debug/mcu_timer.o
                0x0000000008002250                TIM2_IRQHandler
 .text.get_time
                0x00000000080022b8        0xc Debug/mcu_timer.o
                0x00000000080022b8                get_time
 .text.timer_init
                0x00000000080022c4       0x5c Debug/mcu_timer.o
                0x00000000080022c4                timer_init
 .text.loop     0x0000000008002320        0x4 Debug/mcu.o
                0x0000000008002320                loop
 .text.var_print
                0x0000000008002324       0x34 Debug/mcu.o
                0x0000000008002324                var_print
 .text.SystemInit
                0x0000000008002358       0x5c Debug/system_stm32f4xx.o
                0x0000000008002358                SystemInit
 .text.set_sysclk_to_100
                0x00000000080023b4       0xc4 Debug/system_stm32f4xx.o
                0x00000000080023b4                set_sysclk_to_100
 .text.Reset_Handler
                0x0000000008002478       0x50 Debug/startup_stm32f411xe.o
                0x0000000008002478                Reset_Handler
 .text.Default_Handler
                0x00000000080024c8        0x2 Debug/startup_stm32f411xe.o
                0x00000000080024c8                RTC_Alarm_IRQHandler
                0x00000000080024c8                EXTI2_IRQHandler
                0x00000000080024c8                DebugMon_Handler
                0x00000000080024c8                SPI4_IRQHandler
                0x00000000080024c8                TIM1_CC_IRQHandler
                0x00000000080024c8                DMA2_Stream5_IRQHandler
                0x00000000080024c8                HardFault_Handler
                0x00000000080024c8                DMA1_Stream5_IRQHandler
                0x00000000080024c8                SysTick_Handler
                0x00000000080024c8                PVD_IRQHandler
                0x00000000080024c8                SDIO_IRQHandler
                0x00000000080024c8                TAMP_STAMP_IRQHandler
                0x00000000080024c8                PendSV_Handler
                0x00000000080024c8                NMI_Handler
                0x00000000080024c8                EXTI3_IRQHandler
                0x00000000080024c8                TIM1_UP_TIM10_IRQHandler
                0x00000000080024c8                I2C3_ER_IRQHandler
                0x00000000080024c8                EXTI0_IRQHandler
                0x00000000080024c8                I2C2_EV_IRQHandler
                0x00000000080024c8                DMA1_Stream2_IRQHandler
                0x00000000080024c8                FPU_IRQHandler
                0x00000000080024c8                UsageFault_Handler
                0x00000000080024c8                DMA2_Stream2_IRQHandler
                0x00000000080024c8                SPI1_IRQHandler
                0x00000000080024c8                TIM1_BRK_TIM9_IRQHandler
                0x00000000080024c8                DMA2_Stream3_IRQHandler
                0x00000000080024c8                USART6_IRQHandler
                0x00000000080024c8                DMA2_Stream0_IRQHandler
                0x00000000080024c8                TIM4_IRQHandler
                0x00000000080024c8                I2C1_EV_IRQHandler
                0x00000000080024c8                DMA1_Stream6_IRQHandler
                0x00000000080024c8                DMA1_Stream1_IRQHandler
                0x00000000080024c8                TIM3_IRQHandler
                0x00000000080024c8                RCC_IRQHandler
                0x00000000080024c8                Default_Handler
                0x00000000080024c8                EXTI15_10_IRQHandler
                0x00000000080024c8                ADC_IRQHandler
                0x00000000080024c8                DMA1_Stream7_IRQHandler
                0x00000000080024c8                SPI5_IRQHandler
                0x00000000080024c8                TIM5_IRQHandler
                0x00000000080024c8                DMA2_Stream7_IRQHandler
                0x00000000080024c8                I2C3_EV_IRQHandler
                0x00000000080024c8                EXTI9_5_IRQHandler
                0x00000000080024c8                RTC_WKUP_IRQHandler
                0x00000000080024c8                SPI2_IRQHandler
                0x00000000080024c8                MemManage_Handler
                0x00000000080024c8                DMA1_Stream0_IRQHandler
                0x00000000080024c8                SVC_Handler
                0x00000000080024c8                EXTI4_IRQHandler
                0x00000000080024c8                WWDG_IRQHandler
                0x00000000080024c8                OTG_FS_WKUP_IRQHandler
                0x00000000080024c8                TIM1_TRG_COM_TIM11_IRQHandler
                0x00000000080024c8                EXTI1_IRQHandler
                0x00000000080024c8                USART2_IRQHandler
                0x00000000080024c8                I2C2_ER_IRQHandler
                0x00000000080024c8                DMA2_Stream1_IRQHandler
                0x00000000080024c8                FLASH_IRQHandler
                0x00000000080024c8                DMA2_Stream4_IRQHandler
                0x00000000080024c8                BusFault_Handler
                0x00000000080024c8                USART1_IRQHandler
                0x00000000080024c8                OTG_FS_IRQHandler
                0x00000000080024c8                SPI3_IRQHandler
                0x00000000080024c8                DMA1_Stream4_IRQHandler
                0x00000000080024c8                I2C1_ER_IRQHandler
                0x00000000080024c8                DMA2_Stream6_IRQHandler
                0x00000000080024c8                DMA1_Stream3_IRQHandler
 *fill*         0x00000000080024ca        0x2 
 .text.__assert_func
                0x00000000080024cc       0x3c /usr/lib/gcc/arm-none-eabi/12.1.0/../../../../arm-none-eabi/lib/thumb/v7e-m+fp/softfp/libc_nano.a(lib_a-assert.o)
                0x00000000080024cc                __assert_func
 .text.__errno  0x0000000008002508        0xc /usr/lib/gcc/arm-none-eabi/12.1.0/../../../../arm-none-eabi/lib/thumb/v7e-m+fp/softfp/libc_nano.a(lib_a-errno.o)
                0x0000000008002508                __errno
 .text.fprintf  0x0000000008002514       0x24 /usr/lib/gcc/arm-none-eabi/12.1.0/../../../../arm-none-eabi/lib/thumb/v7e-m+fp/softfp/libc_nano.a(lib_a-fprintf.o)
                0x0000000008002514                fprintf
                0x0000000008002514                fiprintf
 .text.__libc_init_array
                0x0000000008002538       0x48 /usr/lib/gcc/arm-none-eabi/12.1.0/../../../../arm-none-eabi/lib/thumb/v7e-m+fp/softfp/libc_nano.a(lib_a-init.o)
                0x0000000008002538                __libc_init_array
 .text.memcpy   0x0000000008002580       0x1c /usr/lib/gcc/arm-none-eabi/12.1.0/../../../../arm-none-eabi/lib/thumb/v7e-m+fp/softfp/libc_nano.a(lib_a-memcpy-stub.o)
                0x0000000008002580                memcpy
 .text.memset   0x000000000800259c       0x10 /usr/lib/gcc/arm-none-eabi/12.1.0/../../../../arm-none-eabi/lib/thumb/v7e-m+fp/softfp/libc_nano.a(lib_a-memset.o)
                0x000000000800259c                memset
 .text.sbrk_aligned
                0x00000000080025ac       0x40 /usr/lib/gcc/arm-none-eabi/12.1.0/../../../../arm-none-eabi/lib/thumb/v7e-m+fp/softfp/libc_nano.a(lib_a-nano-mallocr.o)
 .text._malloc_r
                0x00000000080025ec       0xe8 /usr/lib/gcc/arm-none-eabi/12.1.0/../../../../arm-none-eabi/lib/thumb/v7e-m+fp/softfp/libc_nano.a(lib_a-nano-mallocr.o)
                0x00000000080025ec                _malloc_r
 .text.__sfputc_r
                0x00000000080026d4       0x2e /usr/lib/gcc/arm-none-eabi/12.1.0/../../../../arm-none-eabi/lib/thumb/v7e-m+fp/softfp/libc_nano.a(lib_a-nano-vfprintf.o)
 .text.__sfputs_r
                0x0000000008002702       0x24 /usr/lib/gcc/arm-none-eabi/12.1.0/../../../../arm-none-eabi/lib/thumb/v7e-m+fp/softfp/libc_nano.a(lib_a-nano-vfprintf.o)
                0x0000000008002702                __sfputs_r
 *fill*         0x0000000008002726        0x2 
 .text._vfprintf_r
                0x0000000008002728      0x25c /usr/lib/gcc/arm-none-eabi/12.1.0/../../../../arm-none-eabi/lib/thumb/v7e-m+fp/softfp/libc_nano.a(lib_a-nano-vfprintf.o)
                0x0000000008002728                _vfiprintf_r
                0x0000000008002728                _vfprintf_r
 .text._sbrk_r  0x0000000008002984       0x20 /usr/lib/gcc/arm-none-eabi/12.1.0/../../../../arm-none-eabi/lib/thumb/v7e-m+fp/softfp/libc_nano.a(lib_a-sbrkr.o)
                0x0000000008002984                _sbrk_r
 .text.sprintf  0x00000000080029a4       0x40 /usr/lib/gcc/arm-none-eabi/12.1.0/../../../../arm-none-eabi/lib/thumb/v7e-m+fp/softfp/libc_nano.a(lib_a-sprintf.o)
                0x00000000080029a4                sprintf
                0x00000000080029a4                siprintf
 .text.sscanf   0x00000000080029e4       0x58 /usr/lib/gcc/arm-none-eabi/12.1.0/../../../../arm-none-eabi/lib/thumb/v7e-m+fp/softfp/libc_nano.a(lib_a-sscanf.o)
                0x00000000080029e4                sscanf
                0x00000000080029e4                siscanf
 .text.__sread  0x0000000008002a3c       0x22 /usr/lib/gcc/arm-none-eabi/12.1.0/../../../../arm-none-eabi/lib/thumb/v7e-m+fp/softfp/libc_nano.a(lib_a-stdio.o)
                0x0000000008002a3c                __sread
 .text.__seofread
                0x0000000008002a5e        0x4 /usr/lib/gcc/arm-none-eabi/12.1.0/../../../../arm-none-eabi/lib/thumb/v7e-m+fp/softfp/libc_nano.a(lib_a-stdio.o)
                0x0000000008002a5e                __seofread
 .text.__swrite
                0x0000000008002a62       0x38 /usr/lib/gcc/arm-none-eabi/12.1.0/../../../../arm-none-eabi/lib/thumb/v7e-m+fp/softfp/libc_nano.a(lib_a-stdio.o)
                0x0000000008002a62                __swrite
 .text.__sseek  0x0000000008002a9a       0x24 /usr/lib/gcc/arm-none-eabi/12.1.0/../../../../arm-none-eabi/lib/thumb/v7e-m+fp/softfp/libc_nano.a(lib_a-stdio.o)
                0x0000000008002a9a                __sseek
 .text.__sclose
                0x0000000008002abe        0x8 /usr/lib/gcc/arm-none-eabi/12.1.0/../../../../arm-none-eabi/lib/thumb/v7e-m+fp/softfp/libc_nano.a(lib_a-stdio.o)
                0x0000000008002abe                __sclose
 .text.strcat   0x0000000008002ac6       0x1e /usr/lib/gcc/arm-none-eabi/12.1.0/../../../../arm-none-eabi/lib/thumb/v7e-m+fp/softfp/libc_nano.a(lib_a-strcat.o)
                0x0000000008002ac6                strcat
 .text._strerror_r
                0x0000000008002ae4      0x3cc /usr/lib/gcc/arm-none-eabi/12.1.0/../../../../arm-none-eabi/lib/thumb/v7e-m+fp/softfp/libc_nano.a(lib_a-strerror.o)
                0x0000000008002ae4                _strerror_r
 .text.strerror
                0x0000000008002eb0       0x14 /usr/lib/gcc/arm-none-eabi/12.1.0/../../../../arm-none-eabi/lib/thumb/v7e-m+fp/softfp/libc_nano.a(lib_a-strerror.o)
                0x0000000008002eb0                strerror
 .text._user_strerror
                0x0000000008002ec4        0x4 /usr/lib/gcc/arm-none-eabi/12.1.0/../../../../arm-none-eabi/lib/thumb/v7e-m+fp/softfp/libc_nano.a(lib_a-u_strerr.o)
                0x0000000008002ec4                _user_strerror
 .text.__swbuf_r
                0x0000000008002ec8       0xa4 /usr/lib/gcc/arm-none-eabi/12.1.0/../../../../arm-none-eabi/lib/thumb/v7e-m+fp/softfp/libc_nano.a(lib_a-wbuf.o)
                0x0000000008002ec8                __swbuf_r
 .text._write_r
                0x0000000008002f6c       0x24 /usr/lib/gcc/arm-none-eabi/12.1.0/../../../../arm-none-eabi/lib/thumb/v7e-m+fp/softfp/libc_nano.a(lib_a-writer.o)
                0x0000000008002f6c                _write_r
 .text.__swsetup_r
                0x0000000008002f90       0xdc /usr/lib/gcc/arm-none-eabi/12.1.0/../../../../arm-none-eabi/lib/thumb/v7e-m+fp/softfp/libc_nano.a(lib_a-wsetup.o)
                0x0000000008002f90                __swsetup_r
 .text.abort    0x000000000800306c        0xe /usr/lib/gcc/arm-none-eabi/12.1.0/../../../../arm-none-eabi/lib/thumb/v7e-m+fp/softfp/libc_nano.a(lib_a-abort.o)
                0x000000000800306c                abort
 *fill*         0x000000000800307a        0x2 
 .text._close_r
                0x000000000800307c       0x20 /usr/lib/gcc/arm-none-eabi/12.1.0/../../../../arm-none-eabi/lib/thumb/v7e-m+fp/softfp/libc_nano.a(lib_a-closer.o)
                0x000000000800307c                _close_r
 .text.__sflush_r
                0x000000000800309c      0x10c /usr/lib/gcc/arm-none-eabi/12.1.0/../../../../arm-none-eabi/lib/thumb/v7e-m+fp/softfp/libc_nano.a(lib_a-fflush.o)
                0x000000000800309c                __sflush_r
 .text._fflush_r
                0x00000000080031a8       0x78 /usr/lib/gcc/arm-none-eabi/12.1.0/../../../../arm-none-eabi/lib/thumb/v7e-m+fp/softfp/libc_nano.a(lib_a-fflush.o)
                0x00000000080031a8                _fflush_r
 .text.std      0x0000000008003220       0x48 /usr/lib/gcc/arm-none-eabi/12.1.0/../../../../arm-none-eabi/lib/thumb/v7e-m+fp/softfp/libc_nano.a(lib_a-findfp.o)
 .text._cleanup_r
                0x0000000008003268        0xc /usr/lib/gcc/arm-none-eabi/12.1.0/../../../../arm-none-eabi/lib/thumb/v7e-m+fp/softfp/libc_nano.a(lib_a-findfp.o)
                0x0000000008003268                _cleanup_r
 .text.__sfmoreglue
                0x0000000008003274       0x2c /usr/lib/gcc/arm-none-eabi/12.1.0/../../../../arm-none-eabi/lib/thumb/v7e-m+fp/softfp/libc_nano.a(lib_a-findfp.o)
                0x0000000008003274                __sfmoreglue
 .text.__sfp_lock_acquire
                0x00000000080032a0        0xc /usr/lib/gcc/arm-none-eabi/12.1.0/../../../../arm-none-eabi/lib/thumb/v7e-m+fp/softfp/libc_nano.a(lib_a-findfp.o)
                0x00000000080032a0                __sfp_lock_acquire
 .text.__sfp_lock_release
                0x00000000080032ac        0xc /usr/lib/gcc/arm-none-eabi/12.1.0/../../../../arm-none-eabi/lib/thumb/v7e-m+fp/softfp/libc_nano.a(lib_a-findfp.o)
                0x00000000080032ac                __sfp_lock_release
 .text.__sinit_lock_acquire
                0x00000000080032b8        0xc /usr/lib/gcc/arm-none-eabi/12.1.0/../../../../arm-none-eabi/lib/thumb/v7e-m+fp/softfp/libc_nano.a(lib_a-findfp.o)
                0x00000000080032b8                __sinit_lock_acquire
 .text.__sinit_lock_release
                0x00000000080032c4        0xc /usr/lib/gcc/arm-none-eabi/12.1.0/../../../../arm-none-eabi/lib/thumb/v7e-m+fp/softfp/libc_nano.a(lib_a-findfp.o)
                0x00000000080032c4                __sinit_lock_release
 .text.__sinit  0x00000000080032d0       0x70 /usr/lib/gcc/arm-none-eabi/12.1.0/../../../../arm-none-eabi/lib/thumb/v7e-m+fp/softfp/libc_nano.a(lib_a-findfp.o)
                0x00000000080032d0                __sinit
 .text.__sfp    0x0000000008003340       0x8c /usr/lib/gcc/arm-none-eabi/12.1.0/../../../../arm-none-eabi/lib/thumb/v7e-m+fp/softfp/libc_nano.a(lib_a-findfp.o)
                0x0000000008003340                __sfp
 .text._fwalk_reent
                0x00000000080033cc       0x3e /usr/lib/gcc/arm-none-eabi/12.1.0/../../../../arm-none-eabi/lib/thumb/v7e-m+fp/softfp/libc_nano.a(lib_a-fwalk.o)
                0x00000000080033cc                _fwalk_reent
 .text.__retarget_lock_init_recursive
                0x000000000800340a        0x2 /usr/lib/gcc/arm-none-eabi/12.1.0/../../../../arm-none-eabi/lib/thumb/v7e-m+fp/softfp/libc_nano.a(lib_a-lock.o)
                0x000000000800340a                __retarget_lock_init_recursive
 .text.__retarget_lock_acquire_recursive
                0x000000000800340c        0x2 /usr/lib/gcc/arm-none-eabi/12.1.0/../../../../arm-none-eabi/lib/thumb/v7e-m+fp/softfp/libc_nano.a(lib_a-lock.o)
                0x000000000800340c                __retarget_lock_acquire_recursive
 .text.__retarget_lock_release_recursive
                0x000000000800340e        0x2 /usr/lib/gcc/arm-none-eabi/12.1.0/../../../../arm-none-eabi/lib/thumb/v7e-m+fp/softfp/libc_nano.a(lib_a-lock.o)
                0x000000000800340e                __retarget_lock_release_recursive
 .text._lseek_r
                0x0000000008003410       0x24 /usr/lib/gcc/arm-none-eabi/12.1.0/../../../../arm-none-eabi/lib/thumb/v7e-m+fp/softfp/libc_nano.a(lib_a-lseekr.o)
                0x0000000008003410                _lseek_r
 .text.__swhatbuf_r
                0x0000000008003434       0x4c /usr/lib/gcc/arm-none-eabi/12.1.0/../../../../arm-none-eabi/lib/thumb/v7e-m+fp/softfp/libc_nano.a(lib_a-makebuf.o)
                0x0000000008003434                __swhatbuf_r
 .text.__smakebuf_r
                0x0000000008003480       0x80 /usr/lib/gcc/arm-none-eabi/12.1.0/../../../../arm-none-eabi/lib/thumb/v7e-m+fp/softfp/libc_nano.a(lib_a-makebuf.o)
                0x0000000008003480                __smakebuf_r
 .text.memmove  0x0000000008003500       0x34 /usr/lib/gcc/arm-none-eabi/12.1.0/../../../../arm-none-eabi/lib/thumb/v7e-m+fp/softfp/libc_nano.a(lib_a-memmove.o)
                0x0000000008003500                memmove
 .text.__malloc_lock
                0x0000000008003534        0xc /usr/lib/gcc/arm-none-eabi/12.1.0/../../../../arm-none-eabi/lib/thumb/v7e-m+fp/softfp/libc_nano.a(lib_a-mlock.o)
                0x0000000008003534                __malloc_lock
 .text.__malloc_unlock
                0x0000000008003540        0xc /usr/lib/gcc/arm-none-eabi/12.1.0/../../../../arm-none-eabi/lib/thumb/v7e-m+fp/softfp/libc_nano.a(lib_a-mlock.o)
                0x0000000008003540                __malloc_unlock
 .text._free_r  0x000000000800354c       0x98 /usr/lib/gcc/arm-none-eabi/12.1.0/../../../../arm-none-eabi/lib/thumb/v7e-m+fp/softfp/libc_nano.a(lib_a-nano-freer.o)
                0x000000000800354c                _free_r
 .text._realloc_r
                0x00000000080035e4       0x5e /usr/lib/gcc/arm-none-eabi/12.1.0/../../../../arm-none-eabi/lib/thumb/v7e-m+fp/softfp/libc_nano.a(lib_a-nano-reallocr.o)
                0x00000000080035e4                _realloc_r
 .text.__ssputs_r
                0x0000000008003642       0xb4 /usr/lib/gcc/arm-none-eabi/12.1.0/../../../../arm-none-eabi/lib/thumb/v7e-m+fp/softfp/libc_nano.a(lib_a-nano-svfprintf.o)
                0x0000000008003642                __ssputs_r
 *fill*         0x00000000080036f6        0x2 
 .text._svfprintf_r
                0x00000000080036f8      0x1fc /usr/lib/gcc/arm-none-eabi/12.1.0/../../../../arm-none-eabi/lib/thumb/v7e-m+fp/softfp/libc_nano.a(lib_a-nano-svfprintf.o)
                0x00000000080036f8                _svfprintf_r
                0x00000000080036f8                _svfiprintf_r
 .text._sungetc_r
                0x00000000080038f4       0x7a /usr/lib/gcc/arm-none-eabi/12.1.0/../../../../arm-none-eabi/lib/thumb/v7e-m+fp/softfp/libc_nano.a(lib_a-nano-svfscanf.o)
                0x00000000080038f4                _sungetc_r
 .text.__ssrefill_r
                0x000000000800396e       0x3a /usr/lib/gcc/arm-none-eabi/12.1.0/../../../../arm-none-eabi/lib/thumb/v7e-m+fp/softfp/libc_nano.a(lib_a-nano-svfscanf.o)
                0x000000000800396e                __ssrefill_r
 .text.__ssvfscanf_r
                0x00000000080039a8      0x2f0 /usr/lib/gcc/arm-none-eabi/12.1.0/../../../../arm-none-eabi/lib/thumb/v7e-m+fp/softfp/libc_nano.a(lib_a-nano-svfscanf.o)
                0x00000000080039a8                __ssvfscanf_r
                0x00000000080039a8                __ssvfiscanf_r
 .text._printf_common
                0x0000000008003c98       0xda /usr/lib/gcc/arm-none-eabi/12.1.0/../../../../arm-none-eabi/lib/thumb/v7e-m+fp/softfp/libc_nano.a(lib_a-nano-vfprintf_i.o)
                0x0000000008003c98                _printf_common
 *fill*         0x0000000008003d72        0x2 
 .text._printf_i
                0x0000000008003d74      0x244 /usr/lib/gcc/arm-none-eabi/12.1.0/../../../../arm-none-eabi/lib/thumb/v7e-m+fp/softfp/libc_nano.a(lib_a-nano-vfprintf_i.o)
                0x0000000008003d74                _printf_i
 .text._scanf_chars
                0x0000000008003fb8       0xb4 /usr/lib/gcc/arm-none-eabi/12.1.0/../../../../arm-none-eabi/lib/thumb/v7e-m+fp/softfp/libc_nano.a(lib_a-nano-vfscanf_i.o)
                0x0000000008003fb8                _scanf_chars
 .text._scanf_i
                0x000000000800406c      0x1e8 /usr/lib/gcc/arm-none-eabi/12.1.0/../../../../arm-none-eabi/lib/thumb/v7e-m+fp/softfp/libc_nano.a(lib_a-nano-vfscanf_i.o)
                0x000000000800406c                _scanf_i
 .text._read_r  0x0000000008004254       0x24 /usr/lib/gcc/arm-none-eabi/12.1.0/../../../../arm-none-eabi/lib/thumb/v7e-m+fp/softfp/libc_nano.a(lib_a-readr.o)
                0x0000000008004254                _read_r
 .text.__sccl   0x0000000008004278       0x72 /usr/lib/gcc/arm-none-eabi/12.1.0/../../../../arm-none-eabi/lib/thumb/v7e-m+fp/softfp/libc_nano.a(lib_a-sccl.o)
                0x0000000008004278                __sccl
 .text._raise_r
                0x00000000080042ea       0x50 /usr/lib/gcc/arm-none-eabi/12.1.0/../../../../arm-none-eabi/lib/thumb/v7e-m+fp/softfp/libc_nano.a(lib_a-signal.o)
                0x00000000080042ea                _raise_r
 *fill*         0x000000000800433a        0x2 
 .text.raise    0x000000000800433c       0x10 /usr/lib/gcc/arm-none-eabi/12.1.0/../../../../arm-none-eabi/lib/thumb/v7e-m+fp/softfp/libc_nano.a(lib_a-signal.o)
                0x000000000800433c                raise
 .text._kill_r  0x000000000800434c       0x24 /usr/lib/gcc/arm-none-eabi/12.1.0/../../../../arm-none-eabi/lib/thumb/v7e-m+fp/softfp/libc_nano.a(lib_a-signalr.o)
                0x000000000800434c                _kill_r
 .text._getpid_r
                0x0000000008004370        0x4 /usr/lib/gcc/arm-none-eabi/12.1.0/../../../../arm-none-eabi/lib/thumb/v7e-m+fp/softfp/libc_nano.a(lib_a-signalr.o)
                0x0000000008004370                _getpid_r
 .text._strtol_l.constprop.0
                0x0000000008004374      0x104 /usr/lib/gcc/arm-none-eabi/12.1.0/../../../../arm-none-eabi/lib/thumb/v7e-m+fp/softfp/libc_nano.a(lib_a-strtol.o)
 .text._strtol_r
                0x0000000008004478        0x4 /usr/lib/gcc/arm-none-eabi/12.1.0/../../../../arm-none-eabi/lib/thumb/v7e-m+fp/softfp/libc_nano.a(lib_a-strtol.o)
                0x0000000008004478                _strtol_r
 .text._strtoul_l.constprop.0
                0x000000000800447c       0xe4 /usr/lib/gcc/arm-none-eabi/12.1.0/../../../../arm-none-eabi/lib/thumb/v7e-m+fp/softfp/libc_nano.a(lib_a-strtoul.o)
 .text._strtoul_r
                0x0000000008004560        0x4 /usr/lib/gcc/arm-none-eabi/12.1.0/../../../../arm-none-eabi/lib/thumb/v7e-m+fp/softfp/libc_nano.a(lib_a-strtoul.o)
                0x0000000008004560                _strtoul_r
 .text.__submore
                0x0000000008004564       0x74 /usr/lib/gcc/arm-none-eabi/12.1.0/../../../../arm-none-eabi/lib/thumb/v7e-m+fp/softfp/libc_nano.a(lib_a-ungetc.o)
                0x0000000008004564                __submore
 .text._fstat_r
                0x00000000080045d8       0x24 /usr/lib/gcc/arm-none-eabi/12.1.0/../../../../arm-none-eabi/lib/thumb/v7e-m+fp/softfp/libc_nano.a(lib_a-fstatr.o)
                0x00000000080045d8                _fstat_r
 .text._isatty_r
                0x00000000080045fc       0x20 /usr/lib/gcc/arm-none-eabi/12.1.0/../../../../arm-none-eabi/lib/thumb/v7e-m+fp/softfp/libc_nano.a(lib_a-isattyr.o)
                0x00000000080045fc                _isatty_r
 .text._malloc_usable_size_r
                0x000000000800461c       0x10 /usr/lib/gcc/arm-none-eabi/12.1.0/../../../../arm-none-eabi/lib/thumb/v7e-m+fp/softfp/libc_nano.a(lib_a-nano-msizer.o)
                0x000000000800461c                _malloc_usable_size_r
 .text._close   0x000000000800462c       0x10 /usr/lib/gcc/arm-none-eabi/12.1.0/../../../../arm-none-eabi/lib/thumb/v7e-m+fp/softfp/libnosys.a(close.o)
                0x000000000800462c                _close
 .text._fstat   0x000000000800463c       0x10 /usr/lib/gcc/arm-none-eabi/12.1.0/../../../../arm-none-eabi/lib/thumb/v7e-m+fp/softfp/libnosys.a(fstat.o)
                0x000000000800463c                _fstat
 .text._getpid  0x000000000800464c       0x10 /usr/lib/gcc/arm-none-eabi/12.1.0/../../../../arm-none-eabi/lib/thumb/v7e-m+fp/softfp/libnosys.a(getpid.o)
                0x000000000800464c                _getpid
 .text._isatty  0x000000000800465c       0x10 /usr/lib/gcc/arm-none-eabi/12.1.0/../../../../arm-none-eabi/lib/thumb/v7e-m+fp/softfp/libnosys.a(isatty.o)
                0x000000000800465c                _isatty
 .text._kill    0x000000000800466c       0x10 /usr/lib/gcc/arm-none-eabi/12.1.0/../../../../arm-none-eabi/lib/thumb/v7e-m+fp/softfp/libnosys.a(kill.o)
                0x000000000800466c                _kill
 .text._lseek   0x000000000800467c       0x10 /usr/lib/gcc/arm-none-eabi/12.1.0/../../../../arm-none-eabi/lib/thumb/v7e-m+fp/softfp/libnosys.a(lseek.o)
                0x000000000800467c                _lseek
 .text._read    0x000000000800468c       0x10 /usr/lib/gcc/arm-none-eabi/12.1.0/../../../../arm-none-eabi/lib/thumb/v7e-m+fp/softfp/libnosys.a(read.o)
                0x000000000800468c                _read
 .text._sbrk    0x000000000800469c       0x1c /usr/lib/gcc/arm-none-eabi/12.1.0/../../../../arm-none-eabi/lib/thumb/v7e-m+fp/softfp/libnosys.a(sbrk.o)
                0x000000000800469c                _sbrk
 .text._write   0x00000000080046b8       0x10 /usr/lib/gcc/arm-none-eabi/12.1.0/../../../../arm-none-eabi/lib/thumb/v7e-m+fp/softfp/libnosys.a(write.o)
                0x00000000080046b8                _write
 .text._exit    0x00000000080046c8        0x4 /usr/lib/gcc/arm-none-eabi/12.1.0/../../../../arm-none-eabi/lib/thumb/v7e-m+fp/softfp/libnosys.a(_exit.o)
                0x00000000080046c8                _exit
 *(.glue_7)
 .glue_7        0x00000000080046cc        0x0 linker stubs
 *(.glue_7t)
 .glue_7t       0x00000000080046cc        0x0 linker stubs
 *(.eh_frame)
 .eh_frame      0x00000000080046cc        0x0 /usr/lib/gcc/arm-none-eabi/12.1.0/thumb/v7e-m+fp/softfp/crtbegin.o
 *(.init)
 .init          0x00000000080046cc        0x4 /usr/lib/gcc/arm-none-eabi/12.1.0/thumb/v7e-m+fp/softfp/crti.o
                0x00000000080046cc                _init
 .init          0x00000000080046d0        0x8 /usr/lib/gcc/arm-none-eabi/12.1.0/thumb/v7e-m+fp/softfp/crtn.o
 *(.fini)
 .fini          0x00000000080046d8        0x4 /usr/lib/gcc/arm-none-eabi/12.1.0/thumb/v7e-m+fp/softfp/crti.o
                0x00000000080046d8                _fini
 .fini          0x00000000080046dc        0x8 /usr/lib/gcc/arm-none-eabi/12.1.0/thumb/v7e-m+fp/softfp/crtn.o
                0x00000000080046e4                . = ALIGN (0x4)
                0x00000000080046e4                _etext = .

.vfp11_veneer   0x00000000080046e4        0x0
 .vfp11_veneer  0x00000000080046e4        0x0 linker stubs

.v4_bx          0x00000000080046e4        0x0
 .v4_bx         0x00000000080046e4        0x0 linker stubs

.iplt           0x00000000080046e4        0x0
 .iplt          0x00000000080046e4        0x0 /usr/lib/gcc/arm-none-eabi/12.1.0/thumb/v7e-m+fp/softfp/crtbegin.o

.rodata         0x00000000080046e4      0xd4c
                0x00000000080046e4                . = ALIGN (0x4)
 *(.rodata)
 .rodata        0x00000000080046e4      0x463 Debug/mcu_mdriver.o
 *fill*         0x0000000008004b47        0x1 
 .rodata        0x0000000008004b48       0x2e Debug/mcu_mlib.o
 *fill*         0x0000000008004b76        0x2 
 .rodata        0x0000000008004b78       0x18 Debug/mcu_timer.o
 .rodata        0x0000000008004b90        0xc /usr/lib/gcc/arm-none-eabi/12.1.0/../../../../arm-none-eabi/lib/thumb/v7e-m+fp/softfp/libc_nano.a(lib_a-nano-vfscanf_i.o)
 *(.rodata*)
 .rodata.__func__.0
                0x0000000008004b9c        0xa Debug/mcu_mdriver.o
 .rodata.__assert_func.str1.1
                0x0000000008004ba6       0x3c /usr/lib/gcc/arm-none-eabi/12.1.0/../../../../arm-none-eabi/lib/thumb/v7e-m+fp/softfp/libc_nano.a(lib_a-assert.o)
                                         0x3d (size before relaxing)
 *fill*         0x0000000008004be2        0x2 
 .rodata._global_impure_ptr
                0x0000000008004be4        0x4 /usr/lib/gcc/arm-none-eabi/12.1.0/../../../../arm-none-eabi/lib/thumb/v7e-m+fp/softfp/libc_nano.a(lib_a-impure.o)
                0x0000000008004be4                _global_impure_ptr
 .rodata._vfprintf_r.str1.1
                0x0000000008004be8       0x11 /usr/lib/gcc/arm-none-eabi/12.1.0/../../../../arm-none-eabi/lib/thumb/v7e-m+fp/softfp/libc_nano.a(lib_a-nano-vfprintf.o)
 .rodata._strerror_r.str1.1
                0x0000000008004bf9      0x696 /usr/lib/gcc/arm-none-eabi/12.1.0/../../../../arm-none-eabi/lib/thumb/v7e-m+fp/softfp/libc_nano.a(lib_a-strerror.o)
                                        0x697 (size before relaxing)
 *fill*         0x000000000800528f        0x1 
 .rodata.__sf_fake_stderr
                0x0000000008005290       0x20 /usr/lib/gcc/arm-none-eabi/12.1.0/../../../../arm-none-eabi/lib/thumb/v7e-m+fp/softfp/libc_nano.a(lib_a-findfp.o)
                0x0000000008005290                __sf_fake_stderr
 .rodata.__sf_fake_stdin
                0x00000000080052b0       0x20 /usr/lib/gcc/arm-none-eabi/12.1.0/../../../../arm-none-eabi/lib/thumb/v7e-m+fp/softfp/libc_nano.a(lib_a-findfp.o)
                0x00000000080052b0                __sf_fake_stdin
 .rodata.__sf_fake_stdout
                0x00000000080052d0       0x20 /usr/lib/gcc/arm-none-eabi/12.1.0/../../../../arm-none-eabi/lib/thumb/v7e-m+fp/softfp/libc_nano.a(lib_a-findfp.o)
                0x00000000080052d0                __sf_fake_stdout
 .rodata._svfprintf_r.str1.1
                0x00000000080052f0       0x11 /usr/lib/gcc/arm-none-eabi/12.1.0/../../../../arm-none-eabi/lib/thumb/v7e-m+fp/softfp/libc_nano.a(lib_a-nano-svfprintf.o)
 .rodata.__ssvfscanf_r.str1.1
                0x00000000080052f0        0x4 /usr/lib/gcc/arm-none-eabi/12.1.0/../../../../arm-none-eabi/lib/thumb/v7e-m+fp/softfp/libc_nano.a(lib_a-nano-svfscanf.o)
 .rodata._printf_i.str1.1
                0x00000000080052f0       0x22 /usr/lib/gcc/arm-none-eabi/12.1.0/../../../../arm-none-eabi/lib/thumb/v7e-m+fp/softfp/libc_nano.a(lib_a-nano-vfprintf_i.o)
 .rodata._scanf_i.str1.1
                0x0000000008005312       0x12 /usr/lib/gcc/arm-none-eabi/12.1.0/../../../../arm-none-eabi/lib/thumb/v7e-m+fp/softfp/libc_nano.a(lib_a-nano-vfscanf_i.o)
 .rodata.str1.1
                0x0000000008005324        0x9 /usr/lib/gcc/arm-none-eabi/12.1.0/../../../../arm-none-eabi/lib/thumb/v7e-m+fp/softfp/libc_nano.a(lib_a-nano-vfscanf_i.o)
 .rodata._ctype_
                0x000000000800532d      0x101 /usr/lib/gcc/arm-none-eabi/12.1.0/../../../../arm-none-eabi/lib/thumb/v7e-m+fp/softfp/libc_nano.a(lib_a-ctype_.o)
                0x000000000800532d                _ctype_
                0x0000000008005430                . = ALIGN (0x4)
 *fill*         0x000000000800542e        0x2 

.rel.dyn        0x0000000008005430        0x0
 .rel.iplt      0x0000000008005430        0x0 /usr/lib/gcc/arm-none-eabi/12.1.0/thumb/v7e-m+fp/softfp/crtbegin.o

.ARM.extab      0x0000000008005430        0x0
                0x0000000008005430                . = ALIGN (0x4)
 *(.ARM.extab* .gnu.linkonce.armextab.*)
                0x0000000008005430                . = ALIGN (0x4)

.ARM            0x0000000008005430        0x0
                0x0000000008005430                . = ALIGN (0x4)
                0x0000000008005430                __exidx_start = .
 *(.ARM.exidx*)
                0x0000000008005430                __exidx_end = .
                0x0000000008005430                . = ALIGN (0x4)

.preinit_array  0x0000000008005430        0x0
                0x0000000008005430                . = ALIGN (0x4)
                0x0000000008005430                PROVIDE (__preinit_array_start = .)
 *(.preinit_array*)
                0x0000000008005430                PROVIDE (__preinit_array_end = .)
                0x0000000008005430                . = ALIGN (0x4)

.init_array     0x0000000008005430        0x4
                0x0000000008005430                . = ALIGN (0x4)
                0x0000000008005430                PROVIDE (__init_array_start = .)
 *(SORT_BY_NAME(.init_array.*))
 *(.init_array*)
 .init_array    0x0000000008005430        0x4 /usr/lib/gcc/arm-none-eabi/12.1.0/thumb/v7e-m+fp/softfp/crtbegin.o
                0x0000000008005434                PROVIDE (__init_array_end = .)
                0x0000000008005434                . = ALIGN (0x4)

.fini_array     0x0000000008005434        0x4
                0x0000000008005434                . = ALIGN (0x4)
                0x0000000008005434                PROVIDE (__fini_array_start = .)
 *(SORT_BY_NAME(.fini_array.*))
 *(.fini_array*)
 .fini_array    0x0000000008005434        0x4 /usr/lib/gcc/arm-none-eabi/12.1.0/thumb/v7e-m+fp/softfp/crtbegin.o
                0x0000000008005438                PROVIDE (__fini_array_end = .)
                0x0000000008005438                . = ALIGN (0x4)
                0x0000000008005438                _sidata = LOADADDR (.data)

.data           0x0000000020000000       0xc4 load address 0x0000000008005438
                0x0000000020000000                . = ALIGN (0x4)
                0x0000000020000000                _sdata = .
 *(.data)
 *(.data*)
 .data.tracestr
                0x0000000020000000       0x5c Debug/mcu_mdriver.o
 .data.SystemCoreClock
                0x000000002000005c        0x4 Debug/system_stm32f4xx.o
                0x000000002000005c                SystemCoreClock
 .data._impure_ptr
                0x0000000020000060        0x4 /usr/lib/gcc/arm-none-eabi/12.1.0/../../../../arm-none-eabi/lib/thumb/v7e-m+fp/softfp/libc_nano.a(lib_a-impure.o)
                0x0000000020000060                _impure_ptr
 .data.impure_data
                0x0000000020000064       0x60 /usr/lib/gcc/arm-none-eabi/12.1.0/../../../../arm-none-eabi/lib/thumb/v7e-m+fp/softfp/libc_nano.a(lib_a-impure.o)
 *(.RamFunc)
 *(.RamFunc*)
                0x00000000200000c4                . = ALIGN (0x4)
                0x00000000200000c4                _edata = .

.igot.plt       0x00000000200000c4        0x0 load address 0x00000000080054fc
 .igot.plt      0x00000000200000c4        0x0 /usr/lib/gcc/arm-none-eabi/12.1.0/thumb/v7e-m+fp/softfp/crtbegin.o
                0x00000000200000c4                . = ALIGN (0x4)

.bss            0x00000000200000c4      0xc50 load address 0x00000000080054fc
                0x00000000200000c4                _sbss = .
                0x00000000200000c4                __bss_start__ = _sbss
 *(.bss)
 *(.bss*)
 .bss.completed.1
                0x00000000200000c4        0x1 /usr/lib/gcc/arm-none-eabi/12.1.0/thumb/v7e-m+fp/softfp/crtbegin.o
 *fill*         0x00000000200000c5        0x3 
 .bss.object.0  0x00000000200000c8       0x18 /usr/lib/gcc/arm-none-eabi/12.1.0/thumb/v7e-m+fp/softfp/crtbegin.o
 .bss.verbose   0x00000000200000e0        0x4 Debug/mcu_mdriver.o
                0x00000000200000e0                verbose
 .bss.errors    0x00000000200000e4        0x4 Debug/mcu_mdriver.o
 .bss.test_mem_use
                0x00000000200000e8        0x4 Debug/mcu_mdriver.o
 .bss.mem_start_brk
                0x00000000200000ec        0x4 Debug/mcu_mlib.o
 .bss.mem_brk   0x00000000200000f0        0x4 Debug/mcu_mlib.o
 .bss.heap_listp
                0x00000000200000f4        0x4 Debug/mm.o
 .bss.systime   0x00000000200000f8        0x4 Debug/mcu_timer.o
 .bss.output_str
                0x00000000200000fc      0x800 Debug/mcu.o
                0x00000000200000fc                output_str
 .bss.msg       0x00000000200008fc      0x400 Debug/mcu.o
                0x00000000200008fc                msg
 .bss.output_offset
                0x0000000020000cfc        0x4 Debug/mcu.o
                0x0000000020000cfc                output_offset
 .bss.__malloc_free_list
                0x0000000020000d00        0x4 /usr/lib/gcc/arm-none-eabi/12.1.0/../../../../arm-none-eabi/lib/thumb/v7e-m+fp/softfp/libc_nano.a(lib_a-nano-mallocr.o)
                0x0000000020000d00                __malloc_free_list
 .bss.__malloc_sbrk_start
                0x0000000020000d04        0x4 /usr/lib/gcc/arm-none-eabi/12.1.0/../../../../arm-none-eabi/lib/thumb/v7e-m+fp/softfp/libc_nano.a(lib_a-nano-mallocr.o)
                0x0000000020000d04                __malloc_sbrk_start
 .bss.__lock___malloc_recursive_mutex
                0x0000000020000d08        0x1 /usr/lib/gcc/arm-none-eabi/12.1.0/../../../../arm-none-eabi/lib/thumb/v7e-m+fp/softfp/libc_nano.a(lib_a-lock.o)
                0x0000000020000d08                __lock___malloc_recursive_mutex
 .bss.__lock___sfp_recursive_mutex
                0x0000000020000d09        0x1 /usr/lib/gcc/arm-none-eabi/12.1.0/../../../../arm-none-eabi/lib/thumb/v7e-m+fp/softfp/libc_nano.a(lib_a-lock.o)
                0x0000000020000d09                __lock___sfp_recursive_mutex
 .bss.__lock___sinit_recursive_mutex
                0x0000000020000d0a        0x1 /usr/lib/gcc/arm-none-eabi/12.1.0/../../../../arm-none-eabi/lib/thumb/v7e-m+fp/softfp/libc_nano.a(lib_a-lock.o)
                0x0000000020000d0a                __lock___sinit_recursive_mutex
 *fill*         0x0000000020000d0b        0x1 
 .bss.errno     0x0000000020000d0c        0x4 /usr/lib/gcc/arm-none-eabi/12.1.0/../../../../arm-none-eabi/lib/thumb/v7e-m+fp/softfp/libc_nano.a(lib_a-reent.o)
                0x0000000020000d0c                errno
 .bss.heap_end.0
                0x0000000020000d10        0x4 /usr/lib/gcc/arm-none-eabi/12.1.0/../../../../arm-none-eabi/lib/thumb/v7e-m+fp/softfp/libnosys.a(sbrk.o)
 *(COMMON)
                0x0000000020000d14                . = ALIGN (0x4)
                0x0000000020000d14                _ebss = .
                0x0000000020000d14                __bss_end__ = _ebss

._user_heap_stack
                0x0000000020000d14      0x604 load address 0x00000000080054fc
                0x0000000020000d18                . = ALIGN (0x8)
 *fill*         0x0000000020000d14        0x4 
                0x0000000020000d18                PROVIDE (end = .)
                [!provide]                        PROVIDE (_end = .)
                0x0000000020000f18                . = (. + _Min_Heap_Size)
 *fill*         0x0000000020000d18      0x200 
                0x0000000020001318                . = (. + _Min_Stack_Size)
 *fill*         0x0000000020000f18      0x400 
                0x0000000020001318                . = ALIGN (0x8)

/DISCARD/
 libc.a(*)
 libm.a(*)
 libgcc.a(*)

.ARM.attributes
                0x0000000000000000       0x2e
 *(.ARM.attributes)
 .ARM.attributes
                0x0000000000000000       0x22 /usr/lib/gcc/arm-none-eabi/12.1.0/thumb/v7e-m+fp/softfp/crti.o
 .ARM.attributes
                0x0000000000000022       0x32 /usr/lib/gcc/arm-none-eabi/12.1.0/thumb/v7e-m+fp/softfp/crtbegin.o
 .ARM.attributes
                0x0000000000000054       0x32 Debug/mcu_mdriver.o
 .ARM.attributes
                0x0000000000000086       0x32 Debug/mcu_mlib.o
 .ARM.attributes
                0x00000000000000b8       0x32 Debug/mm.o
 .ARM.attributes
                0x00000000000000ea       0x32 Debug/mcu_timer.o
 .ARM.attributes
                0x000000000000011c       0x32 Debug/mcu.o
 .ARM.attributes
                0x000000000000014e       0x32 Debug/system_stm32f4xx.o
 .ARM.attributes
                0x0000000000000180       0x21 Debug/startup_stm32f411xe.o
 .ARM.attributes
                0x00000000000001a1       0x32 /usr/lib/gcc/arm-none-eabi/12.1.0/../../../../arm-none-eabi/lib/thumb/v7e-m+fp/softfp/libc_nano.a(lib_a-assert.o)
 .ARM.attributes
                0x00000000000001d3       0x32 /usr/lib/gcc/arm-none-eabi/12.1.0/../../../../arm-none-eabi/lib/thumb/v7e-m+fp/softfp/libc_nano.a(lib_a-errno.o)
 .ARM.attributes
                0x0000000000000205       0x32 /usr/lib/gcc/arm-none-eabi/12.1.0/../../../../arm-none-eabi/lib/thumb/v7e-m+fp/softfp/libc_nano.a(lib_a-fprintf.o)
 .ARM.attributes
                0x0000000000000237       0x30 /usr/lib/gcc/arm-none-eabi/12.1.0/../../../../arm-none-eabi/lib/thumb/v7e-m+fp/softfp/libc_nano.a(lib_a-impure.o)
 .ARM.attributes
                0x0000000000000267       0x32 /usr/lib/gcc/arm-none-eabi/12.1.0/../../../../arm-none-eabi/lib/thumb/v7e-m+fp/softfp/libc_nano.a(lib_a-init.o)
 .ARM.attributes
                0x0000000000000299       0x32 /usr/lib/gcc/arm-none-eabi/12.1.0/../../../../arm-none-eabi/lib/thumb/v7e-m+fp/softfp/libc_nano.a(lib_a-memcpy-stub.o)
 .ARM.attributes
                0x00000000000002cb       0x32 /usr/lib/gcc/arm-none-eabi/12.1.0/../../../../arm-none-eabi/lib/thumb/v7e-m+fp/softfp/libc_nano.a(lib_a-memset.o)
 .ARM.attributes
                0x00000000000002fd       0x32 /usr/lib/gcc/arm-none-eabi/12.1.0/../../../../arm-none-eabi/lib/thumb/v7e-m+fp/softfp/libc_nano.a(lib_a-nano-mallocr.o)
 .ARM.attributes
                0x000000000000032f       0x32 /usr/lib/gcc/arm-none-eabi/12.1.0/../../../../arm-none-eabi/lib/thumb/v7e-m+fp/softfp/libc_nano.a(lib_a-nano-vfprintf.o)
 .ARM.attributes
                0x0000000000000361       0x32 /usr/lib/gcc/arm-none-eabi/12.1.0/../../../../arm-none-eabi/lib/thumb/v7e-m+fp/softfp/libc_nano.a(lib_a-sbrkr.o)
 .ARM.attributes
                0x0000000000000393       0x32 /usr/lib/gcc/arm-none-eabi/12.1.0/../../../../arm-none-eabi/lib/thumb/v7e-m+fp/softfp/libc_nano.a(lib_a-sprintf.o)
 .ARM.attributes
                0x00000000000003c5       0x32 /usr/lib/gcc/arm-none-eabi/12.1.0/../../../../arm-none-eabi/lib/thumb/v7e-m+fp/softfp/libc_nano.a(lib_a-sscanf.o)
 .ARM.attributes
                0x00000000000003f7       0x32 /usr/lib/gcc/arm-none-eabi/12.1.0/../../../../arm-none-eabi/lib/thumb/v7e-m+fp/softfp/libc_nano.a(lib_a-stdio.o)
 .ARM.attributes
                0x0000000000000429       0x32 /usr/lib/gcc/arm-none-eabi/12.1.0/../../../../arm-none-eabi/lib/thumb/v7e-m+fp/softfp/libc_nano.a(lib_a-strcat.o)
 .ARM.attributes
                0x000000000000045b       0x32 /usr/lib/gcc/arm-none-eabi/12.1.0/../../../../arm-none-eabi/lib/thumb/v7e-m+fp/softfp/libc_nano.a(lib_a-strerror.o)
 .ARM.attributes
                0x000000000000048d       0x17 /usr/lib/gcc/arm-none-eabi/12.1.0/../../../../arm-none-eabi/lib/thumb/v7e-m+fp/softfp/libc_nano.a(lib_a-strlen.o)
 .ARM.attributes
                0x00000000000004a4       0x32 /usr/lib/gcc/arm-none-eabi/12.1.0/../../../../arm-none-eabi/lib/thumb/v7e-m+fp/softfp/libc_nano.a(lib_a-u_strerr.o)
 .ARM.attributes
                0x00000000000004d6       0x32 /usr/lib/gcc/arm-none-eabi/12.1.0/../../../../arm-none-eabi/lib/thumb/v7e-m+fp/softfp/libc_nano.a(lib_a-wbuf.o)
 .ARM.attributes
                0x0000000000000508       0x32 /usr/lib/gcc/arm-none-eabi/12.1.0/../../../../arm-none-eabi/lib/thumb/v7e-m+fp/softfp/libc_nano.a(lib_a-writer.o)
 .ARM.attributes
                0x000000000000053a       0x32 /usr/lib/gcc/arm-none-eabi/12.1.0/../../../../arm-none-eabi/lib/thumb/v7e-m+fp/softfp/libc_nano.a(lib_a-wsetup.o)
 .ARM.attributes
                0x000000000000056c       0x32 /usr/lib/gcc/arm-none-eabi/12.1.0/../../../../arm-none-eabi/lib/thumb/v7e-m+fp/softfp/libc_nano.a(lib_a-abort.o)
 .ARM.attributes
                0x000000000000059e       0x32 /usr/lib/gcc/arm-none-eabi/12.1.0/../../../../arm-none-eabi/lib/thumb/v7e-m+fp/softfp/libc_nano.a(lib_a-closer.o)
 .ARM.attributes
                0x00000000000005d0       0x32 /usr/lib/gcc/arm-none-eabi/12.1.0/../../../../arm-none-eabi/lib/thumb/v7e-m+fp/softfp/libc_nano.a(lib_a-fflush.o)
 .ARM.attributes
                0x0000000000000602       0x32 /usr/lib/gcc/arm-none-eabi/12.1.0/../../../../arm-none-eabi/lib/thumb/v7e-m+fp/softfp/libc_nano.a(lib_a-findfp.o)
 .ARM.attributes
                0x0000000000000634       0x32 /usr/lib/gcc/arm-none-eabi/12.1.0/../../../../arm-none-eabi/lib/thumb/v7e-m+fp/softfp/libc_nano.a(lib_a-fwalk.o)
 .ARM.attributes
                0x0000000000000666       0x32 /usr/lib/gcc/arm-none-eabi/12.1.0/../../../../arm-none-eabi/lib/thumb/v7e-m+fp/softfp/libc_nano.a(lib_a-lock.o)
 .ARM.attributes
                0x0000000000000698       0x32 /usr/lib/gcc/arm-none-eabi/12.1.0/../../../../arm-none-eabi/lib/thumb/v7e-m+fp/softfp/libc_nano.a(lib_a-lseekr.o)
 .ARM.attributes
                0x00000000000006ca       0x32 /usr/lib/gcc/arm-none-eabi/12.1.0/../../../../arm-none-eabi/lib/thumb/v7e-m+fp/softfp/libc_nano.a(lib_a-makebuf.o)
 .ARM.attributes
                0x00000000000006fc       0x1c /usr/lib/gcc/arm-none-eabi/12.1.0/../../../../arm-none-eabi/lib/thumb/v7e-m+fp/softfp/libc_nano.a(lib_a-memchr.o)
 .ARM.attributes
                0x0000000000000718       0x32 /usr/lib/gcc/arm-none-eabi/12.1.0/../../../../arm-none-eabi/lib/thumb/v7e-m+fp/softfp/libc_nano.a(lib_a-memmove.o)
 .ARM.attributes
                0x000000000000074a       0x32 /usr/lib/gcc/arm-none-eabi/12.1.0/../../../../arm-none-eabi/lib/thumb/v7e-m+fp/softfp/libc_nano.a(lib_a-mlock.o)
 .ARM.attributes
                0x000000000000077c       0x32 /usr/lib/gcc/arm-none-eabi/12.1.0/../../../../arm-none-eabi/lib/thumb/v7e-m+fp/softfp/libc_nano.a(lib_a-nano-freer.o)
 .ARM.attributes
                0x00000000000007ae       0x32 /usr/lib/gcc/arm-none-eabi/12.1.0/../../../../arm-none-eabi/lib/thumb/v7e-m+fp/softfp/libc_nano.a(lib_a-nano-reallocr.o)
 .ARM.attributes
                0x00000000000007e0       0x32 /usr/lib/gcc/arm-none-eabi/12.1.0/../../../../arm-none-eabi/lib/thumb/v7e-m+fp/softfp/libc_nano.a(lib_a-nano-svfprintf.o)
 .ARM.attributes
                0x0000000000000812       0x32 /usr/lib/gcc/arm-none-eabi/12.1.0/../../../../arm-none-eabi/lib/thumb/v7e-m+fp/softfp/libc_nano.a(lib_a-nano-svfscanf.o)
 .ARM.attributes
                0x0000000000000844       0x32 /usr/lib/gcc/arm-none-eabi/12.1.0/../../../../arm-none-eabi/lib/thumb/v7e-m+fp/softfp/libc_nano.a(lib_a-nano-vfprintf_i.o)
 .ARM.attributes
                0x0000000000000876       0x32 /usr/lib/gcc/arm-none-eabi/12.1.0/../../../../arm-none-eabi/lib/thumb/v7e-m+fp/softfp/libc_nano.a(lib_a-nano-vfscanf_i.o)
 .ARM.attributes
                0x00000000000008a8       0x32 /usr/lib/gcc/arm-none-eabi/12.1.0/../../../../arm-none-eabi/lib/thumb/v7e-m+fp/softfp/libc_nano.a(lib_a-readr.o)
 .ARM.attributes
                0x00000000000008da       0x32 /usr/lib/gcc/arm-none-eabi/12.1.0/../../../../arm-none-eabi/lib/thumb/v7e-m+fp/softfp/libc_nano.a(lib_a-reent.o)
 .ARM.attributes
                0x000000000000090c       0x32 /usr/lib/gcc/arm-none-eabi/12.1.0/../../../../arm-none-eabi/lib/thumb/v7e-m+fp/softfp/libc_nano.a(lib_a-sccl.o)
 .ARM.attributes
                0x000000000000093e       0x32 /usr/lib/gcc/arm-none-eabi/12.1.0/../../../../arm-none-eabi/lib/thumb/v7e-m+fp/softfp/libc_nano.a(lib_a-signal.o)
 .ARM.attributes
                0x0000000000000970       0x32 /usr/lib/gcc/arm-none-eabi/12.1.0/../../../../arm-none-eabi/lib/thumb/v7e-m+fp/softfp/libc_nano.a(lib_a-signalr.o)
 .ARM.attributes
                0x00000000000009a2       0x32 /usr/lib/gcc/arm-none-eabi/12.1.0/../../../../arm-none-eabi/lib/thumb/v7e-m+fp/softfp/libc_nano.a(lib_a-strtol.o)
 .ARM.attributes
                0x00000000000009d4       0x32 /usr/lib/gcc/arm-none-eabi/12.1.0/../../../../arm-none-eabi/lib/thumb/v7e-m+fp/softfp/libc_nano.a(lib_a-strtoul.o)
 .ARM.attributes
                0x0000000000000a06       0x32 /usr/lib/gcc/arm-none-eabi/12.1.0/../../../../arm-none-eabi/lib/thumb/v7e-m+fp/softfp/libc_nano.a(lib_a-ungetc.o)
 .ARM.attributes
                0x0000000000000a38       0x30 /usr/lib/gcc/arm-none-eabi/12.1.0/../../../../arm-none-eabi/lib/thumb/v7e-m+fp/softfp/libc_nano.a(lib_a-ctype_.o)
 .ARM.attributes
                0x0000000000000a68       0x32 /usr/lib/gcc/arm-none-eabi/12.1.0/../../../../arm-none-eabi/lib/thumb/v7e-m+fp/softfp/libc_nano.a(lib_a-fstatr.o)
 .ARM.attributes
                0x0000000000000a9a       0x32 /usr/lib/gcc/arm-none-eabi/12.1.0/../../../../arm-none-eabi/lib/thumb/v7e-m+fp/softfp/libc_nano.a(lib_a-isattyr.o)
 .ARM.attributes
                0x0000000000000acc       0x32 /usr/lib/gcc/arm-none-eabi/12.1.0/../../../../arm-none-eabi/lib/thumb/v7e-m+fp/softfp/libc_nano.a(lib_a-nano-msizer.o)
 .ARM.attributes
                0x0000000000000afe       0x22 /usr/lib/gcc/arm-none-eabi/12.1.0/thumb/v7e-m+fp/softfp/libgcc.a(_arm_addsubdf3.o)
 .ARM.attributes
                0x0000000000000b20       0x22 /usr/lib/gcc/arm-none-eabi/12.1.0/thumb/v7e-m+fp/softfp/libgcc.a(_arm_muldivdf3.o)
 .ARM.attributes
                0x0000000000000b42       0x22 /usr/lib/gcc/arm-none-eabi/12.1.0/thumb/v7e-m+fp/softfp/libgcc.a(_arm_fixdfsi.o)
 .ARM.attributes
                0x0000000000000b64       0x32 /usr/lib/gcc/arm-none-eabi/12.1.0/../../../../arm-none-eabi/lib/thumb/v7e-m+fp/softfp/libnosys.a(close.o)
 .ARM.attributes
                0x0000000000000b96       0x32 /usr/lib/gcc/arm-none-eabi/12.1.0/../../../../arm-none-eabi/lib/thumb/v7e-m+fp/softfp/libnosys.a(fstat.o)
 .ARM.attributes
                0x0000000000000bc8       0x32 /usr/lib/gcc/arm-none-eabi/12.1.0/../../../../arm-none-eabi/lib/thumb/v7e-m+fp/softfp/libnosys.a(getpid.o)
 .ARM.attributes
                0x0000000000000bfa       0x32 /usr/lib/gcc/arm-none-eabi/12.1.0/../../../../arm-none-eabi/lib/thumb/v7e-m+fp/softfp/libnosys.a(isatty.o)
 .ARM.attributes
                0x0000000000000c2c       0x32 /usr/lib/gcc/arm-none-eabi/12.1.0/../../../../arm-none-eabi/lib/thumb/v7e-m+fp/softfp/libnosys.a(kill.o)
 .ARM.attributes
                0x0000000000000c5e       0x32 /usr/lib/gcc/arm-none-eabi/12.1.0/../../../../arm-none-eabi/lib/thumb/v7e-m+fp/softfp/libnosys.a(lseek.o)
 .ARM.attributes
                0x0000000000000c90       0x32 /usr/lib/gcc/arm-none-eabi/12.1.0/../../../../arm-none-eabi/lib/thumb/v7e-m+fp/softfp/libnosys.a(read.o)
 .ARM.attributes
                0x0000000000000cc2       0x32 /usr/lib/gcc/arm-none-eabi/12.1.0/../../../../arm-none-eabi/lib/thumb/v7e-m+fp/softfp/libnosys.a(sbrk.o)
 .ARM.attributes
                0x0000000000000cf4       0x32 /usr/lib/gcc/arm-none-eabi/12.1.0/../../../../arm-none-eabi/lib/thumb/v7e-m+fp/softfp/libnosys.a(write.o)
 .ARM.attributes
                0x0000000000000d26       0x32 /usr/lib/gcc/arm-none-eabi/12.1.0/../../../../arm-none-eabi/lib/thumb/v7e-m+fp/softfp/libnosys.a(_exit.o)
 .ARM.attributes
                0x0000000000000d58       0x22 /usr/lib/gcc/arm-none-eabi/12.1.0/thumb/v7e-m+fp/softfp/crtn.o
OUTPUT(Debug/mcu_mdriver.elf elf32-littlearm)
LOAD linker stubs
LOAD /usr/lib/gcc/arm-none-eabi/12.1.0/../../../../arm-none-eabi/lib/thumb/v7e-m+fp/softfp/libc.a
LOAD /usr/lib/gcc/arm-none-eabi/12.1.0/../../../../arm-none-eabi/lib/thumb/v7e-m+fp/softfp/libm.a
LOAD /usr/lib/gcc/arm-none-eabi/12.1.0/thumb/v7e-m+fp/softfp/libgcc.a

.debug_info     0x0000000000000000    0x1aa50
 .debug_info    0x0000000000000000      0xae2 Debug/mcu_mdriver.o
 .debug_info    0x0000000000000ae2      0x211 Debug/mcu_mlib.o
 .debug_info    0x0000000000000cf3      0x4f3 Debug/mm.o
 .debug_info    0x00000000000011e6      0xaaf Debug/mcu_timer.o
 .debug_info    0x0000000000001c95      0x189 Debug/mcu.o
 .debug_info    0x0000000000001e1e      0x5be Debug/system_stm32f4xx.o
 .debug_info    0x00000000000023dc       0x22 Debug/startup_stm32f411xe.o
 .debug_info    0x00000000000023fe      0x87e /usr/lib/gcc/arm-none-eabi/12.1.0/../../../../arm-none-eabi/lib/thumb/v7e-m+fp/softfp/libc_nano.a(lib_a-assert.o)
 .debug_info    0x0000000000002c7c      0x75b /usr/lib/gcc/arm-none-eabi/12.1.0/../../../../arm-none-eabi/lib/thumb/v7e-m+fp/softfp/libc_nano.a(lib_a-errno.o)
 .debug_info    0x00000000000033d7      0x8b5 /usr/lib/gcc/arm-none-eabi/12.1.0/../../../../arm-none-eabi/lib/thumb/v7e-m+fp/softfp/libc_nano.a(lib_a-fprintf.o)
 .debug_info    0x0000000000003c8c      0x806 /usr/lib/gcc/arm-none-eabi/12.1.0/../../../../arm-none-eabi/lib/thumb/v7e-m+fp/softfp/libc_nano.a(lib_a-impure.o)
 .debug_info    0x0000000000004492      0x10b /usr/lib/gcc/arm-none-eabi/12.1.0/../../../../arm-none-eabi/lib/thumb/v7e-m+fp/softfp/libc_nano.a(lib_a-init.o)
 .debug_info    0x000000000000459d      0x121 /usr/lib/gcc/arm-none-eabi/12.1.0/../../../../arm-none-eabi/lib/thumb/v7e-m+fp/softfp/libc_nano.a(lib_a-memcpy-stub.o)
 .debug_info    0x00000000000046be       0xe0 /usr/lib/gcc/arm-none-eabi/12.1.0/../../../../arm-none-eabi/lib/thumb/v7e-m+fp/softfp/libc_nano.a(lib_a-memset.o)
 .debug_info    0x000000000000479e      0xa1c /usr/lib/gcc/arm-none-eabi/12.1.0/../../../../arm-none-eabi/lib/thumb/v7e-m+fp/softfp/libc_nano.a(lib_a-nano-mallocr.o)
 .debug_info    0x00000000000051ba     0x1176 /usr/lib/gcc/arm-none-eabi/12.1.0/../../../../arm-none-eabi/lib/thumb/v7e-m+fp/softfp/libc_nano.a(lib_a-nano-vfprintf.o)
 .debug_info    0x0000000000006330      0x7dc /usr/lib/gcc/arm-none-eabi/12.1.0/../../../../arm-none-eabi/lib/thumb/v7e-m+fp/softfp/libc_nano.a(lib_a-sbrkr.o)
 .debug_info    0x0000000000006b0c      0x8df /usr/lib/gcc/arm-none-eabi/12.1.0/../../../../arm-none-eabi/lib/thumb/v7e-m+fp/softfp/libc_nano.a(lib_a-sprintf.o)
 .debug_info    0x00000000000073eb      0x94e /usr/lib/gcc/arm-none-eabi/12.1.0/../../../../arm-none-eabi/lib/thumb/v7e-m+fp/softfp/libc_nano.a(lib_a-sscanf.o)
 .debug_info    0x0000000000007d39      0xab4 /usr/lib/gcc/arm-none-eabi/12.1.0/../../../../arm-none-eabi/lib/thumb/v7e-m+fp/softfp/libc_nano.a(lib_a-stdio.o)
 .debug_info    0x00000000000087ed       0xe1 /usr/lib/gcc/arm-none-eabi/12.1.0/../../../../arm-none-eabi/lib/thumb/v7e-m+fp/softfp/libc_nano.a(lib_a-strcat.o)
 .debug_info    0x00000000000088ce      0x8cb /usr/lib/gcc/arm-none-eabi/12.1.0/../../../../arm-none-eabi/lib/thumb/v7e-m+fp/softfp/libc_nano.a(lib_a-strerror.o)
 .debug_info    0x0000000000009199       0x24 /usr/lib/gcc/arm-none-eabi/12.1.0/../../../../arm-none-eabi/lib/thumb/v7e-m+fp/softfp/libc_nano.a(lib_a-strlen.o)
 .debug_info    0x00000000000091bd       0x88 /usr/lib/gcc/arm-none-eabi/12.1.0/../../../../arm-none-eabi/lib/thumb/v7e-m+fp/softfp/libc_nano.a(lib_a-u_strerr.o)
 .debug_info    0x0000000000009245      0x95d /usr/lib/gcc/arm-none-eabi/12.1.0/../../../../arm-none-eabi/lib/thumb/v7e-m+fp/softfp/libc_nano.a(lib_a-wbuf.o)
 .debug_info    0x0000000000009ba2      0x813 /usr/lib/gcc/arm-none-eabi/12.1.0/../../../../arm-none-eabi/lib/thumb/v7e-m+fp/softfp/libc_nano.a(lib_a-writer.o)
 .debug_info    0x000000000000a3b5      0x8b9 /usr/lib/gcc/arm-none-eabi/12.1.0/../../../../arm-none-eabi/lib/thumb/v7e-m+fp/softfp/libc_nano.a(lib_a-wsetup.o)
 .debug_info    0x000000000000ac6e       0xd8 /usr/lib/gcc/arm-none-eabi/12.1.0/../../../../arm-none-eabi/lib/thumb/v7e-m+fp/softfp/libc_nano.a(lib_a-abort.o)
 .debug_info    0x000000000000ad46      0x7b7 /usr/lib/gcc/arm-none-eabi/12.1.0/../../../../arm-none-eabi/lib/thumb/v7e-m+fp/softfp/libc_nano.a(lib_a-closer.o)
 .debug_info    0x000000000000b4fd      0xa9e /usr/lib/gcc/arm-none-eabi/12.1.0/../../../../arm-none-eabi/lib/thumb/v7e-m+fp/softfp/libc_nano.a(lib_a-fflush.o)
 .debug_info    0x000000000000bf9b      0xff1 /usr/lib/gcc/arm-none-eabi/12.1.0/../../../../arm-none-eabi/lib/thumb/v7e-m+fp/softfp/libc_nano.a(lib_a-findfp.o)
 .debug_info    0x000000000000cf8c      0x899 /usr/lib/gcc/arm-none-eabi/12.1.0/../../../../arm-none-eabi/lib/thumb/v7e-m+fp/softfp/libc_nano.a(lib_a-fwalk.o)
 .debug_info    0x000000000000d825      0x21a /usr/lib/gcc/arm-none-eabi/12.1.0/../../../../arm-none-eabi/lib/thumb/v7e-m+fp/softfp/libc_nano.a(lib_a-lock.o)
 .debug_info    0x000000000000da3f      0x7f6 /usr/lib/gcc/arm-none-eabi/12.1.0/../../../../arm-none-eabi/lib/thumb/v7e-m+fp/softfp/libc_nano.a(lib_a-lseekr.o)
 .debug_info    0x000000000000e235      0xb8b /usr/lib/gcc/arm-none-eabi/12.1.0/../../../../arm-none-eabi/lib/thumb/v7e-m+fp/softfp/libc_nano.a(lib_a-makebuf.o)
 .debug_info    0x000000000000edc0       0x25 /usr/lib/gcc/arm-none-eabi/12.1.0/../../../../arm-none-eabi/lib/thumb/v7e-m+fp/softfp/libc_nano.a(lib_a-memchr.o)
 .debug_info    0x000000000000ede5      0x10f /usr/lib/gcc/arm-none-eabi/12.1.0/../../../../arm-none-eabi/lib/thumb/v7e-m+fp/softfp/libc_nano.a(lib_a-memmove.o)
 .debug_info    0x000000000000eef4      0x7cb /usr/lib/gcc/arm-none-eabi/12.1.0/../../../../arm-none-eabi/lib/thumb/v7e-m+fp/softfp/libc_nano.a(lib_a-mlock.o)
 .debug_info    0x000000000000f6bf      0x8a6 /usr/lib/gcc/arm-none-eabi/12.1.0/../../../../arm-none-eabi/lib/thumb/v7e-m+fp/softfp/libc_nano.a(lib_a-nano-freer.o)
 .debug_info    0x000000000000ff65      0x927 /usr/lib/gcc/arm-none-eabi/12.1.0/../../../../arm-none-eabi/lib/thumb/v7e-m+fp/softfp/libc_nano.a(lib_a-nano-reallocr.o)
 .debug_info    0x000000000001088c     0x1124 /usr/lib/gcc/arm-none-eabi/12.1.0/../../../../arm-none-eabi/lib/thumb/v7e-m+fp/softfp/libc_nano.a(lib_a-nano-svfprintf.o)
 .debug_info    0x00000000000119b0      0xf62 /usr/lib/gcc/arm-none-eabi/12.1.0/../../../../arm-none-eabi/lib/thumb/v7e-m+fp/softfp/libc_nano.a(lib_a-nano-svfscanf.o)
 .debug_info    0x0000000000012912      0xe42 /usr/lib/gcc/arm-none-eabi/12.1.0/../../../../arm-none-eabi/lib/thumb/v7e-m+fp/softfp/libc_nano.a(lib_a-nano-vfprintf_i.o)
 .debug_info    0x0000000000013754      0xe11 /usr/lib/gcc/arm-none-eabi/12.1.0/../../../../arm-none-eabi/lib/thumb/v7e-m+fp/softfp/libc_nano.a(lib_a-nano-vfscanf_i.o)
 .debug_info    0x0000000000014565      0x80d /usr/lib/gcc/arm-none-eabi/12.1.0/../../../../arm-none-eabi/lib/thumb/v7e-m+fp/softfp/libc_nano.a(lib_a-readr.o)
 .debug_info    0x0000000000014d72      0x936 /usr/lib/gcc/arm-none-eabi/12.1.0/../../../../arm-none-eabi/lib/thumb/v7e-m+fp/softfp/libc_nano.a(lib_a-reent.o)
 .debug_info    0x00000000000156a8      0x10e /usr/lib/gcc/arm-none-eabi/12.1.0/../../../../arm-none-eabi/lib/thumb/v7e-m+fp/softfp/libc_nano.a(lib_a-sccl.o)
 .debug_info    0x00000000000157b6      0xa8f /usr/lib/gcc/arm-none-eabi/12.1.0/../../../../arm-none-eabi/lib/thumb/v7e-m+fp/softfp/libc_nano.a(lib_a-signal.o)
 .debug_info    0x0000000000016245      0x83e /usr/lib/gcc/arm-none-eabi/12.1.0/../../../../arm-none-eabi/lib/thumb/v7e-m+fp/softfp/libc_nano.a(lib_a-signalr.o)
 .debug_info    0x0000000000016a83      0xd9d /usr/lib/gcc/arm-none-eabi/12.1.0/../../../../arm-none-eabi/lib/thumb/v7e-m+fp/softfp/libc_nano.a(lib_a-strtol.o)
 .debug_info    0x0000000000017820      0xd0b /usr/lib/gcc/arm-none-eabi/12.1.0/../../../../arm-none-eabi/lib/thumb/v7e-m+fp/softfp/libc_nano.a(lib_a-strtoul.o)
 .debug_info    0x000000000001852b      0xa7e /usr/lib/gcc/arm-none-eabi/12.1.0/../../../../arm-none-eabi/lib/thumb/v7e-m+fp/softfp/libc_nano.a(lib_a-ungetc.o)
 .debug_info    0x0000000000018fa9       0xb9 /usr/lib/gcc/arm-none-eabi/12.1.0/../../../../arm-none-eabi/lib/thumb/v7e-m+fp/softfp/libc_nano.a(lib_a-ctype_.o)
 .debug_info    0x0000000000019062      0x9d5 /usr/lib/gcc/arm-none-eabi/12.1.0/../../../../arm-none-eabi/lib/thumb/v7e-m+fp/softfp/libc_nano.a(lib_a-fstatr.o)
 .debug_info    0x0000000000019a37      0x7b7 /usr/lib/gcc/arm-none-eabi/12.1.0/../../../../arm-none-eabi/lib/thumb/v7e-m+fp/softfp/libc_nano.a(lib_a-isattyr.o)
 .debug_info    0x000000000001a1ee      0x7f4 /usr/lib/gcc/arm-none-eabi/12.1.0/../../../../arm-none-eabi/lib/thumb/v7e-m+fp/softfp/libc_nano.a(lib_a-nano-msizer.o)
 .debug_info    0x000000000001a9e2       0x25 /usr/lib/gcc/arm-none-eabi/12.1.0/thumb/v7e-m+fp/softfp/libgcc.a(_arm_addsubdf3.o)
 .debug_info    0x000000000001aa07       0x25 /usr/lib/gcc/arm-none-eabi/12.1.0/thumb/v7e-m+fp/softfp/libgcc.a(_arm_muldivdf3.o)
 .debug_info    0x000000000001aa2c       0x24 /usr/lib/gcc/arm-none-eabi/12.1.0/thumb/v7e-m+fp/softfp/libgcc.a(_arm_fixdfsi.o)

.debug_abbrev   0x0000000000000000     0x61ec
 .debug_abbrev  0x0000000000000000      0x269 Debug/mcu_mdriver.o
 .debug_abbrev  0x0000000000000269      0x156 Debug/mcu_mlib.o
 .debug_abbrev  0x00000000000003bf      0x232 Debug/mm.o
 .debug_abbrev  0x00000000000005f1      0x201 Debug/mcu_timer.o
 .debug_abbrev  0x00000000000007f2       0xf7 Debug/mcu.o
 .debug_abbrev  0x00000000000008e9       0xf9 Debug/system_stm32f4xx.o
 .debug_abbrev  0x00000000000009e2       0x12 Debug/startup_stm32f411xe.o
 .debug_abbrev  0x00000000000009f4      0x1ea /usr/lib/gcc/arm-none-eabi/12.1.0/../../../../arm-none-eabi/lib/thumb/v7e-m+fp/softfp/libc_nano.a(lib_a-assert.o)
 .debug_abbrev  0x0000000000000bde      0x15e /usr/lib/gcc/arm-none-eabi/12.1.0/../../../../arm-none-eabi/lib/thumb/v7e-m+fp/softfp/libc_nano.a(lib_a-errno.o)
 .debug_abbrev  0x0000000000000d3c      0x21d /usr/lib/gcc/arm-none-eabi/12.1.0/../../../../arm-none-eabi/lib/thumb/v7e-m+fp/softfp/libc_nano.a(lib_a-fprintf.o)
 .debug_abbrev  0x0000000000000f59      0x15a /usr/lib/gcc/arm-none-eabi/12.1.0/../../../../arm-none-eabi/lib/thumb/v7e-m+fp/softfp/libc_nano.a(lib_a-impure.o)
 .debug_abbrev  0x00000000000010b3       0xc9 /usr/lib/gcc/arm-none-eabi/12.1.0/../../../../arm-none-eabi/lib/thumb/v7e-m+fp/softfp/libc_nano.a(lib_a-init.o)
 .debug_abbrev  0x000000000000117c       0xc1 /usr/lib/gcc/arm-none-eabi/12.1.0/../../../../arm-none-eabi/lib/thumb/v7e-m+fp/softfp/libc_nano.a(lib_a-memcpy-stub.o)
 .debug_abbrev  0x000000000000123d       0x9e /usr/lib/gcc/arm-none-eabi/12.1.0/../../../../arm-none-eabi/lib/thumb/v7e-m+fp/softfp/libc_nano.a(lib_a-memset.o)
 .debug_abbrev  0x00000000000012db      0x24a /usr/lib/gcc/arm-none-eabi/12.1.0/../../../../arm-none-eabi/lib/thumb/v7e-m+fp/softfp/libc_nano.a(lib_a-nano-mallocr.o)
 .debug_abbrev  0x0000000000001525      0x317 /usr/lib/gcc/arm-none-eabi/12.1.0/../../../../arm-none-eabi/lib/thumb/v7e-m+fp/softfp/libc_nano.a(lib_a-nano-vfprintf.o)
 .debug_abbrev  0x000000000000183c      0x1da /usr/lib/gcc/arm-none-eabi/12.1.0/../../../../arm-none-eabi/lib/thumb/v7e-m+fp/softfp/libc_nano.a(lib_a-sbrkr.o)
 .debug_abbrev  0x0000000000001a16      0x21c /usr/lib/gcc/arm-none-eabi/12.1.0/../../../../arm-none-eabi/lib/thumb/v7e-m+fp/softfp/libc_nano.a(lib_a-sprintf.o)
 .debug_abbrev  0x0000000000001c32      0x226 /usr/lib/gcc/arm-none-eabi/12.1.0/../../../../arm-none-eabi/lib/thumb/v7e-m+fp/softfp/libc_nano.a(lib_a-sscanf.o)
 .debug_abbrev  0x0000000000001e58      0x221 /usr/lib/gcc/arm-none-eabi/12.1.0/../../../../arm-none-eabi/lib/thumb/v7e-m+fp/softfp/libc_nano.a(lib_a-stdio.o)
 .debug_abbrev  0x0000000000002079       0x86 /usr/lib/gcc/arm-none-eabi/12.1.0/../../../../arm-none-eabi/lib/thumb/v7e-m+fp/softfp/libc_nano.a(lib_a-strcat.o)
 .debug_abbrev  0x00000000000020ff      0x1f2 /usr/lib/gcc/arm-none-eabi/12.1.0/../../../../arm-none-eabi/lib/thumb/v7e-m+fp/softfp/libc_nano.a(lib_a-strerror.o)
 .debug_abbrev  0x00000000000022f1       0x14 /usr/lib/gcc/arm-none-eabi/12.1.0/../../../../arm-none-eabi/lib/thumb/v7e-m+fp/softfp/libc_nano.a(lib_a-strlen.o)
 .debug_abbrev  0x0000000000002305       0x77 /usr/lib/gcc/arm-none-eabi/12.1.0/../../../../arm-none-eabi/lib/thumb/v7e-m+fp/softfp/libc_nano.a(lib_a-u_strerr.o)
 .debug_abbrev  0x000000000000237c      0x22e /usr/lib/gcc/arm-none-eabi/12.1.0/../../../../arm-none-eabi/lib/thumb/v7e-m+fp/softfp/libc_nano.a(lib_a-wbuf.o)
 .debug_abbrev  0x00000000000025aa      0x1b5 /usr/lib/gcc/arm-none-eabi/12.1.0/../../../../arm-none-eabi/lib/thumb/v7e-m+fp/softfp/libc_nano.a(lib_a-writer.o)
 .debug_abbrev  0x000000000000275f      0x1d9 /usr/lib/gcc/arm-none-eabi/12.1.0/../../../../arm-none-eabi/lib/thumb/v7e-m+fp/softfp/libc_nano.a(lib_a-wsetup.o)
 .debug_abbrev  0x0000000000002938       0x99 /usr/lib/gcc/arm-none-eabi/12.1.0/../../../../arm-none-eabi/lib/thumb/v7e-m+fp/softfp/libc_nano.a(lib_a-abort.o)
 .debug_abbrev  0x00000000000029d1      0x1b0 /usr/lib/gcc/arm-none-eabi/12.1.0/../../../../arm-none-eabi/lib/thumb/v7e-m+fp/softfp/libc_nano.a(lib_a-closer.o)
 .debug_abbrev  0x0000000000002b81      0x2a7 /usr/lib/gcc/arm-none-eabi/12.1.0/../../../../arm-none-eabi/lib/thumb/v7e-m+fp/softfp/libc_nano.a(lib_a-fflush.o)
 .debug_abbrev  0x0000000000002e28      0x398 /usr/lib/gcc/arm-none-eabi/12.1.0/../../../../arm-none-eabi/lib/thumb/v7e-m+fp/softfp/libc_nano.a(lib_a-findfp.o)
 .debug_abbrev  0x00000000000031c0      0x19f /usr/lib/gcc/arm-none-eabi/12.1.0/../../../../arm-none-eabi/lib/thumb/v7e-m+fp/softfp/libc_nano.a(lib_a-fwalk.o)
 .debug_abbrev  0x000000000000335f      0x115 /usr/lib/gcc/arm-none-eabi/12.1.0/../../../../arm-none-eabi/lib/thumb/v7e-m+fp/softfp/libc_nano.a(lib_a-lock.o)
 .debug_abbrev  0x0000000000003474      0x1c4 /usr/lib/gcc/arm-none-eabi/12.1.0/../../../../arm-none-eabi/lib/thumb/v7e-m+fp/softfp/libc_nano.a(lib_a-lseekr.o)
 .debug_abbrev  0x0000000000003638      0x2a3 /usr/lib/gcc/arm-none-eabi/12.1.0/../../../../arm-none-eabi/lib/thumb/v7e-m+fp/softfp/libc_nano.a(lib_a-makebuf.o)
 .debug_abbrev  0x00000000000038db       0x14 /usr/lib/gcc/arm-none-eabi/12.1.0/../../../../arm-none-eabi/lib/thumb/v7e-m+fp/softfp/libc_nano.a(lib_a-memchr.o)
 .debug_abbrev  0x00000000000038ef       0xac /usr/lib/gcc/arm-none-eabi/12.1.0/../../../../arm-none-eabi/lib/thumb/v7e-m+fp/softfp/libc_nano.a(lib_a-memmove.o)
 .debug_abbrev  0x000000000000399b      0x1bf /usr/lib/gcc/arm-none-eabi/12.1.0/../../../../arm-none-eabi/lib/thumb/v7e-m+fp/softfp/libc_nano.a(lib_a-mlock.o)
 .debug_abbrev  0x0000000000003b5a      0x23b /usr/lib/gcc/arm-none-eabi/12.1.0/../../../../arm-none-eabi/lib/thumb/v7e-m+fp/softfp/libc_nano.a(lib_a-nano-freer.o)
 .debug_abbrev  0x0000000000003d95      0x217 /usr/lib/gcc/arm-none-eabi/12.1.0/../../../../arm-none-eabi/lib/thumb/v7e-m+fp/softfp/libc_nano.a(lib_a-nano-reallocr.o)
 .debug_abbrev  0x0000000000003fac      0x31e /usr/lib/gcc/arm-none-eabi/12.1.0/../../../../arm-none-eabi/lib/thumb/v7e-m+fp/softfp/libc_nano.a(lib_a-nano-svfprintf.o)
 .debug_abbrev  0x00000000000042ca      0x312 /usr/lib/gcc/arm-none-eabi/12.1.0/../../../../arm-none-eabi/lib/thumb/v7e-m+fp/softfp/libc_nano.a(lib_a-nano-svfscanf.o)
 .debug_abbrev  0x00000000000045dc      0x28e /usr/lib/gcc/arm-none-eabi/12.1.0/../../../../arm-none-eabi/lib/thumb/v7e-m+fp/softfp/libc_nano.a(lib_a-nano-vfprintf_i.o)
 .debug_abbrev  0x000000000000486a      0x29f /usr/lib/gcc/arm-none-eabi/12.1.0/../../../../arm-none-eabi/lib/thumb/v7e-m+fp/softfp/libc_nano.a(lib_a-nano-vfscanf_i.o)
 .debug_abbrev  0x0000000000004b09      0x1b0 /usr/lib/gcc/arm-none-eabi/12.1.0/../../../../arm-none-eabi/lib/thumb/v7e-m+fp/softfp/libc_nano.a(lib_a-readr.o)
 .debug_abbrev  0x0000000000004cb9      0x233 /usr/lib/gcc/arm-none-eabi/12.1.0/../../../../arm-none-eabi/lib/thumb/v7e-m+fp/softfp/libc_nano.a(lib_a-reent.o)
 .debug_abbrev  0x0000000000004eec       0x9a /usr/lib/gcc/arm-none-eabi/12.1.0/../../../../arm-none-eabi/lib/thumb/v7e-m+fp/softfp/libc_nano.a(lib_a-sccl.o)
 .debug_abbrev  0x0000000000004f86      0x296 /usr/lib/gcc/arm-none-eabi/12.1.0/../../../../arm-none-eabi/lib/thumb/v7e-m+fp/softfp/libc_nano.a(lib_a-signal.o)
 .debug_abbrev  0x000000000000521c      0x1fd /usr/lib/gcc/arm-none-eabi/12.1.0/../../../../arm-none-eabi/lib/thumb/v7e-m+fp/softfp/libc_nano.a(lib_a-signalr.o)
 .debug_abbrev  0x0000000000005419      0x2ee /usr/lib/gcc/arm-none-eabi/12.1.0/../../../../arm-none-eabi/lib/thumb/v7e-m+fp/softfp/libc_nano.a(lib_a-strtol.o)
 .debug_abbrev  0x0000000000005707      0x2c7 /usr/lib/gcc/arm-none-eabi/12.1.0/../../../../arm-none-eabi/lib/thumb/v7e-m+fp/softfp/libc_nano.a(lib_a-strtoul.o)
 .debug_abbrev  0x00000000000059ce      0x277 /usr/lib/gcc/arm-none-eabi/12.1.0/../../../../arm-none-eabi/lib/thumb/v7e-m+fp/softfp/libc_nano.a(lib_a-ungetc.o)
 .debug_abbrev  0x0000000000005c45       0x62 /usr/lib/gcc/arm-none-eabi/12.1.0/../../../../arm-none-eabi/lib/thumb/v7e-m+fp/softfp/libc_nano.a(lib_a-ctype_.o)
 .debug_abbrev  0x0000000000005ca7      0x1c3 /usr/lib/gcc/arm-none-eabi/12.1.0/../../../../arm-none-eabi/lib/thumb/v7e-m+fp/softfp/libc_nano.a(lib_a-fstatr.o)
 .debug_abbrev  0x0000000000005e6a      0x1b0 /usr/lib/gcc/arm-none-eabi/12.1.0/../../../../arm-none-eabi/lib/thumb/v7e-m+fp/softfp/libc_nano.a(lib_a-isattyr.o)
 .debug_abbrev  0x000000000000601a      0x196 /usr/lib/gcc/arm-none-eabi/12.1.0/../../../../arm-none-eabi/lib/thumb/v7e-m+fp/softfp/libc_nano.a(lib_a-nano-msizer.o)
 .debug_abbrev  0x00000000000061b0       0x14 /usr/lib/gcc/arm-none-eabi/12.1.0/thumb/v7e-m+fp/softfp/libgcc.a(_arm_addsubdf3.o)
 .debug_abbrev  0x00000000000061c4       0x14 /usr/lib/gcc/arm-none-eabi/12.1.0/thumb/v7e-m+fp/softfp/libgcc.a(_arm_muldivdf3.o)
 .debug_abbrev  0x00000000000061d8       0x14 /usr/lib/gcc/arm-none-eabi/12.1.0/thumb/v7e-m+fp/softfp/libgcc.a(_arm_fixdfsi.o)

.debug_loc      0x0000000000000000      0x682
 .debug_loc     0x0000000000000000      0x30d Debug/mcu_mdriver.o
 .debug_loc     0x000000000000030d       0x79 Debug/mcu_mlib.o
 .debug_loc     0x0000000000000386      0x22c Debug/mm.o
 .debug_loc     0x00000000000005b2       0x98 Debug/mcu_timer.o
 .debug_loc     0x000000000000064a       0x38 Debug/mcu.o

.debug_aranges  0x0000000000000000      0xa48
 .debug_aranges
                0x0000000000000000       0x88 Debug/mcu_mdriver.o
 .debug_aranges
                0x0000000000000088       0x58 Debug/mcu_mlib.o
 .debug_aranges
                0x00000000000000e0       0x70 Debug/mm.o
 .debug_aranges
                0x0000000000000150       0x40 Debug/mcu_timer.o
 .debug_aranges
                0x0000000000000190       0x28 Debug/mcu.o
 .debug_aranges
                0x00000000000001b8       0x28 Debug/system_stm32f4xx.o
 .debug_aranges
                0x00000000000001e0       0x28 Debug/startup_stm32f411xe.o
 .debug_aranges
                0x0000000000000208       0x28 /usr/lib/gcc/arm-none-eabi/12.1.0/../../../../arm-none-eabi/lib/thumb/v7e-m+fp/softfp/libc_nano.a(lib_a-assert.o)
 .debug_aranges
                0x0000000000000230       0x20 /usr/lib/gcc/arm-none-eabi/12.1.0/../../../../arm-none-eabi/lib/thumb/v7e-m+fp/softfp/libc_nano.a(lib_a-errno.o)
 .debug_aranges
                0x0000000000000250       0x28 /usr/lib/gcc/arm-none-eabi/12.1.0/../../../../arm-none-eabi/lib/thumb/v7e-m+fp/softfp/libc_nano.a(lib_a-fprintf.o)
 .debug_aranges
                0x0000000000000278       0x18 /usr/lib/gcc/arm-none-eabi/12.1.0/../../../../arm-none-eabi/lib/thumb/v7e-m+fp/softfp/libc_nano.a(lib_a-impure.o)
 .debug_aranges
                0x0000000000000290       0x20 /usr/lib/gcc/arm-none-eabi/12.1.0/../../../../arm-none-eabi/lib/thumb/v7e-m+fp/softfp/libc_nano.a(lib_a-init.o)
 .debug_aranges
                0x00000000000002b0       0x20 /usr/lib/gcc/arm-none-eabi/12.1.0/../../../../arm-none-eabi/lib/thumb/v7e-m+fp/softfp/libc_nano.a(lib_a-memcpy-stub.o)
 .debug_aranges
                0x00000000000002d0       0x20 /usr/lib/gcc/arm-none-eabi/12.1.0/../../../../arm-none-eabi/lib/thumb/v7e-m+fp/softfp/libc_nano.a(lib_a-memset.o)
 .debug_aranges
                0x00000000000002f0       0x28 /usr/lib/gcc/arm-none-eabi/12.1.0/../../../../arm-none-eabi/lib/thumb/v7e-m+fp/softfp/libc_nano.a(lib_a-nano-mallocr.o)
 .debug_aranges
                0x0000000000000318       0x40 /usr/lib/gcc/arm-none-eabi/12.1.0/../../../../arm-none-eabi/lib/thumb/v7e-m+fp/softfp/libc_nano.a(lib_a-nano-vfprintf.o)
 .debug_aranges
                0x0000000000000358       0x20 /usr/lib/gcc/arm-none-eabi/12.1.0/../../../../arm-none-eabi/lib/thumb/v7e-m+fp/softfp/libc_nano.a(lib_a-sbrkr.o)
 .debug_aranges
                0x0000000000000378       0x28 /usr/lib/gcc/arm-none-eabi/12.1.0/../../../../arm-none-eabi/lib/thumb/v7e-m+fp/softfp/libc_nano.a(lib_a-sprintf.o)
 .debug_aranges
                0x00000000000003a0       0x28 /usr/lib/gcc/arm-none-eabi/12.1.0/../../../../arm-none-eabi/lib/thumb/v7e-m+fp/softfp/libc_nano.a(lib_a-sscanf.o)
 .debug_aranges
                0x00000000000003c8       0x40 /usr/lib/gcc/arm-none-eabi/12.1.0/../../../../arm-none-eabi/lib/thumb/v7e-m+fp/softfp/libc_nano.a(lib_a-stdio.o)
 .debug_aranges
                0x0000000000000408       0x20 /usr/lib/gcc/arm-none-eabi/12.1.0/../../../../arm-none-eabi/lib/thumb/v7e-m+fp/softfp/libc_nano.a(lib_a-strcat.o)
 .debug_aranges
                0x0000000000000428       0x30 /usr/lib/gcc/arm-none-eabi/12.1.0/../../../../arm-none-eabi/lib/thumb/v7e-m+fp/softfp/libc_nano.a(lib_a-strerror.o)
 .debug_aranges
                0x0000000000000458       0x20 /usr/lib/gcc/arm-none-eabi/12.1.0/../../../../arm-none-eabi/lib/thumb/v7e-m+fp/softfp/libc_nano.a(lib_a-strlen.o)
 .debug_aranges
                0x0000000000000478       0x20 /usr/lib/gcc/arm-none-eabi/12.1.0/../../../../arm-none-eabi/lib/thumb/v7e-m+fp/softfp/libc_nano.a(lib_a-u_strerr.o)
 .debug_aranges
                0x0000000000000498       0x28 /usr/lib/gcc/arm-none-eabi/12.1.0/../../../../arm-none-eabi/lib/thumb/v7e-m+fp/softfp/libc_nano.a(lib_a-wbuf.o)
 .debug_aranges
                0x00000000000004c0       0x20 /usr/lib/gcc/arm-none-eabi/12.1.0/../../../../arm-none-eabi/lib/thumb/v7e-m+fp/softfp/libc_nano.a(lib_a-writer.o)
 .debug_aranges
                0x00000000000004e0       0x20 /usr/lib/gcc/arm-none-eabi/12.1.0/../../../../arm-none-eabi/lib/thumb/v7e-m+fp/softfp/libc_nano.a(lib_a-wsetup.o)
 .debug_aranges
                0x0000000000000500       0x20 /usr/lib/gcc/arm-none-eabi/12.1.0/../../../../arm-none-eabi/lib/thumb/v7e-m+fp/softfp/libc_nano.a(lib_a-abort.o)
 .debug_aranges
                0x0000000000000520       0x20 /usr/lib/gcc/arm-none-eabi/12.1.0/../../../../arm-none-eabi/lib/thumb/v7e-m+fp/softfp/libc_nano.a(lib_a-closer.o)
 .debug_aranges
                0x0000000000000540       0x30 /usr/lib/gcc/arm-none-eabi/12.1.0/../../../../arm-none-eabi/lib/thumb/v7e-m+fp/softfp/libc_nano.a(lib_a-fflush.o)
 .debug_aranges
                0x0000000000000570       0x88 /usr/lib/gcc/arm-none-eabi/12.1.0/../../../../arm-none-eabi/lib/thumb/v7e-m+fp/softfp/libc_nano.a(lib_a-findfp.o)
 .debug_aranges
                0x00000000000005f8       0x28 /usr/lib/gcc/arm-none-eabi/12.1.0/../../../../arm-none-eabi/lib/thumb/v7e-m+fp/softfp/libc_nano.a(lib_a-fwalk.o)
 .debug_aranges
                0x0000000000000620       0x28 /usr/lib/gcc/arm-none-eabi/12.1.0/../../../../arm-none-eabi/lib/thumb/v7e-m+fp/softfp/libc_nano.a(lib_a-lock.o)
 .debug_aranges
                0x0000000000000648       0x20 /usr/lib/gcc/arm-none-eabi/12.1.0/../../../../arm-none-eabi/lib/thumb/v7e-m+fp/softfp/libc_nano.a(lib_a-lseekr.o)
 .debug_aranges
                0x0000000000000668       0x28 /usr/lib/gcc/arm-none-eabi/12.1.0/../../../../arm-none-eabi/lib/thumb/v7e-m+fp/softfp/libc_nano.a(lib_a-makebuf.o)
 .debug_aranges
                0x0000000000000690       0x20 /usr/lib/gcc/arm-none-eabi/12.1.0/../../../../arm-none-eabi/lib/thumb/v7e-m+fp/softfp/libc_nano.a(lib_a-memchr.o)
 .debug_aranges
                0x00000000000006b0       0x20 /usr/lib/gcc/arm-none-eabi/12.1.0/../../../../arm-none-eabi/lib/thumb/v7e-m+fp/softfp/libc_nano.a(lib_a-memmove.o)
 .debug_aranges
                0x00000000000006d0       0x28 /usr/lib/gcc/arm-none-eabi/12.1.0/../../../../arm-none-eabi/lib/thumb/v7e-m+fp/softfp/libc_nano.a(lib_a-mlock.o)
 .debug_aranges
                0x00000000000006f8       0x20 /usr/lib/gcc/arm-none-eabi/12.1.0/../../../../arm-none-eabi/lib/thumb/v7e-m+fp/softfp/libc_nano.a(lib_a-nano-freer.o)
 .debug_aranges
                0x0000000000000718       0x20 /usr/lib/gcc/arm-none-eabi/12.1.0/../../../../arm-none-eabi/lib/thumb/v7e-m+fp/softfp/libc_nano.a(lib_a-nano-reallocr.o)
 .debug_aranges
                0x0000000000000738       0x30 /usr/lib/gcc/arm-none-eabi/12.1.0/../../../../arm-none-eabi/lib/thumb/v7e-m+fp/softfp/libc_nano.a(lib_a-nano-svfprintf.o)
 .debug_aranges
                0x0000000000000768       0x30 /usr/lib/gcc/arm-none-eabi/12.1.0/../../../../arm-none-eabi/lib/thumb/v7e-m+fp/softfp/libc_nano.a(lib_a-nano-svfscanf.o)
 .debug_aranges
                0x0000000000000798       0x28 /usr/lib/gcc/arm-none-eabi/12.1.0/../../../../arm-none-eabi/lib/thumb/v7e-m+fp/softfp/libc_nano.a(lib_a-nano-vfprintf_i.o)
 .debug_aranges
                0x00000000000007c0       0x28 /usr/lib/gcc/arm-none-eabi/12.1.0/../../../../arm-none-eabi/lib/thumb/v7e-m+fp/softfp/libc_nano.a(lib_a-nano-vfscanf_i.o)
 .debug_aranges
                0x00000000000007e8       0x20 /usr/lib/gcc/arm-none-eabi/12.1.0/../../../../arm-none-eabi/lib/thumb/v7e-m+fp/softfp/libc_nano.a(lib_a-readr.o)
 .debug_aranges
                0x0000000000000808       0x28 /usr/lib/gcc/arm-none-eabi/12.1.0/../../../../arm-none-eabi/lib/thumb/v7e-m+fp/softfp/libc_nano.a(lib_a-reent.o)
 .debug_aranges
                0x0000000000000830       0x20 /usr/lib/gcc/arm-none-eabi/12.1.0/../../../../arm-none-eabi/lib/thumb/v7e-m+fp/softfp/libc_nano.a(lib_a-sccl.o)
 .debug_aranges
                0x0000000000000850       0x58 /usr/lib/gcc/arm-none-eabi/12.1.0/../../../../arm-none-eabi/lib/thumb/v7e-m+fp/softfp/libc_nano.a(lib_a-signal.o)
 .debug_aranges
                0x00000000000008a8       0x28 /usr/lib/gcc/arm-none-eabi/12.1.0/../../../../arm-none-eabi/lib/thumb/v7e-m+fp/softfp/libc_nano.a(lib_a-signalr.o)
 .debug_aranges
                0x00000000000008d0       0x38 /usr/lib/gcc/arm-none-eabi/12.1.0/../../../../arm-none-eabi/lib/thumb/v7e-m+fp/softfp/libc_nano.a(lib_a-strtol.o)
 .debug_aranges
                0x0000000000000908       0x38 /usr/lib/gcc/arm-none-eabi/12.1.0/../../../../arm-none-eabi/lib/thumb/v7e-m+fp/softfp/libc_nano.a(lib_a-strtoul.o)
 .debug_aranges
                0x0000000000000940       0x30 /usr/lib/gcc/arm-none-eabi/12.1.0/../../../../arm-none-eabi/lib/thumb/v7e-m+fp/softfp/libc_nano.a(lib_a-ungetc.o)
 .debug_aranges
                0x0000000000000970       0x18 /usr/lib/gcc/arm-none-eabi/12.1.0/../../../../arm-none-eabi/lib/thumb/v7e-m+fp/softfp/libc_nano.a(lib_a-ctype_.o)
 .debug_aranges
                0x0000000000000988       0x20 /usr/lib/gcc/arm-none-eabi/12.1.0/../../../../arm-none-eabi/lib/thumb/v7e-m+fp/softfp/libc_nano.a(lib_a-fstatr.o)
 .debug_aranges
                0x00000000000009a8       0x20 /usr/lib/gcc/arm-none-eabi/12.1.0/../../../../arm-none-eabi/lib/thumb/v7e-m+fp/softfp/libc_nano.a(lib_a-isattyr.o)
 .debug_aranges
                0x00000000000009c8       0x20 /usr/lib/gcc/arm-none-eabi/12.1.0/../../../../arm-none-eabi/lib/thumb/v7e-m+fp/softfp/libc_nano.a(lib_a-nano-msizer.o)
 .debug_aranges
                0x00000000000009e8       0x20 /usr/lib/gcc/arm-none-eabi/12.1.0/thumb/v7e-m+fp/softfp/libgcc.a(_arm_addsubdf3.o)
 .debug_aranges
                0x0000000000000a08       0x20 /usr/lib/gcc/arm-none-eabi/12.1.0/thumb/v7e-m+fp/softfp/libgcc.a(_arm_muldivdf3.o)
 .debug_aranges
                0x0000000000000a28       0x20 /usr/lib/gcc/arm-none-eabi/12.1.0/thumb/v7e-m+fp/softfp/libgcc.a(_arm_fixdfsi.o)

.debug_ranges   0x0000000000000000      0x1a0
 .debug_ranges  0x0000000000000000       0x78 Debug/mcu_mdriver.o
 .debug_ranges  0x0000000000000078       0x48 Debug/mcu_mlib.o
 .debug_ranges  0x00000000000000c0       0x60 Debug/mm.o
 .debug_ranges  0x0000000000000120       0x30 Debug/mcu_timer.o
 .debug_ranges  0x0000000000000150       0x18 Debug/mcu.o
 .debug_ranges  0x0000000000000168       0x18 Debug/system_stm32f4xx.o
 .debug_ranges  0x0000000000000180       0x20 Debug/startup_stm32f411xe.o

.debug_line     0x0000000000000000     0x992a
 .debug_line    0x0000000000000000      0x7b8 Debug/mcu_mdriver.o
 .debug_line    0x00000000000007b8      0x188 Debug/mcu_mlib.o
 .debug_line    0x0000000000000940      0x36a Debug/mm.o
 .debug_line    0x0000000000000caa      0x240 Debug/mcu_timer.o
 .debug_line    0x0000000000000eea       0xcc Debug/mcu.o
 .debug_line    0x0000000000000fb6      0x1a2 Debug/system_stm32f4xx.o
 .debug_line    0x0000000000001158       0x84 Debug/startup_stm32f411xe.o
 .debug_line    0x00000000000011dc      0x1d2 /usr/lib/gcc/arm-none-eabi/12.1.0/../../../../arm-none-eabi/lib/thumb/v7e-m+fp/softfp/libc_nano.a(lib_a-assert.o)
 .debug_line    0x00000000000013ae      0x130 /usr/lib/gcc/arm-none-eabi/12.1.0/../../../../arm-none-eabi/lib/thumb/v7e-m+fp/softfp/libc_nano.a(lib_a-errno.o)
 .debug_line    0x00000000000014de      0x1e1 /usr/lib/gcc/arm-none-eabi/12.1.0/../../../../arm-none-eabi/lib/thumb/v7e-m+fp/softfp/libc_nano.a(lib_a-fprintf.o)
 .debug_line    0x00000000000016bf      0x10e /usr/lib/gcc/arm-none-eabi/12.1.0/../../../../arm-none-eabi/lib/thumb/v7e-m+fp/softfp/libc_nano.a(lib_a-impure.o)
 .debug_line    0x00000000000017cd      0x13b /usr/lib/gcc/arm-none-eabi/12.1.0/../../../../arm-none-eabi/lib/thumb/v7e-m+fp/softfp/libc_nano.a(lib_a-init.o)
 .debug_line    0x0000000000001908      0x147 /usr/lib/gcc/arm-none-eabi/12.1.0/../../../../arm-none-eabi/lib/thumb/v7e-m+fp/softfp/libc_nano.a(lib_a-memcpy-stub.o)
 .debug_line    0x0000000000001a4f      0x129 /usr/lib/gcc/arm-none-eabi/12.1.0/../../../../arm-none-eabi/lib/thumb/v7e-m+fp/softfp/libc_nano.a(lib_a-memset.o)
 .debug_line    0x0000000000001b78      0x437 /usr/lib/gcc/arm-none-eabi/12.1.0/../../../../arm-none-eabi/lib/thumb/v7e-m+fp/softfp/libc_nano.a(lib_a-nano-mallocr.o)
 .debug_line    0x0000000000001faf      0x6a5 /usr/lib/gcc/arm-none-eabi/12.1.0/../../../../arm-none-eabi/lib/thumb/v7e-m+fp/softfp/libc_nano.a(lib_a-nano-vfprintf.o)
 .debug_line    0x0000000000002654      0x1be /usr/lib/gcc/arm-none-eabi/12.1.0/../../../../arm-none-eabi/lib/thumb/v7e-m+fp/softfp/libc_nano.a(lib_a-sbrkr.o)
 .debug_line    0x0000000000002812      0x252 /usr/lib/gcc/arm-none-eabi/12.1.0/../../../../arm-none-eabi/lib/thumb/v7e-m+fp/softfp/libc_nano.a(lib_a-sprintf.o)
 .debug_line    0x0000000000002a64      0x27d /usr/lib/gcc/arm-none-eabi/12.1.0/../../../../arm-none-eabi/lib/thumb/v7e-m+fp/softfp/libc_nano.a(lib_a-sscanf.o)
 .debug_line    0x0000000000002ce1      0x297 /usr/lib/gcc/arm-none-eabi/12.1.0/../../../../arm-none-eabi/lib/thumb/v7e-m+fp/softfp/libc_nano.a(lib_a-stdio.o)
 .debug_line    0x0000000000002f78      0x10d /usr/lib/gcc/arm-none-eabi/12.1.0/../../../../arm-none-eabi/lib/thumb/v7e-m+fp/softfp/libc_nano.a(lib_a-strcat.o)
 .debug_line    0x0000000000003085      0x522 /usr/lib/gcc/arm-none-eabi/12.1.0/../../../../arm-none-eabi/lib/thumb/v7e-m+fp/softfp/libc_nano.a(lib_a-strerror.o)
 .debug_line    0x00000000000035a7       0x4f /usr/lib/gcc/arm-none-eabi/12.1.0/../../../../arm-none-eabi/lib/thumb/v7e-m+fp/softfp/libc_nano.a(lib_a-strlen.o)
 .debug_line    0x00000000000035f6       0x86 /usr/lib/gcc/arm-none-eabi/12.1.0/../../../../arm-none-eabi/lib/thumb/v7e-m+fp/softfp/libc_nano.a(lib_a-u_strerr.o)
 .debug_line    0x000000000000367c      0x2a1 /usr/lib/gcc/arm-none-eabi/12.1.0/../../../../arm-none-eabi/lib/thumb/v7e-m+fp/softfp/libc_nano.a(lib_a-wbuf.o)
 .debug_line    0x000000000000391d      0x1bd /usr/lib/gcc/arm-none-eabi/12.1.0/../../../../arm-none-eabi/lib/thumb/v7e-m+fp/softfp/libc_nano.a(lib_a-writer.o)
 .debug_line    0x0000000000003ada      0x2e5 /usr/lib/gcc/arm-none-eabi/12.1.0/../../../../arm-none-eabi/lib/thumb/v7e-m+fp/softfp/libc_nano.a(lib_a-wsetup.o)
 .debug_line    0x0000000000003dbf      0x147 /usr/lib/gcc/arm-none-eabi/12.1.0/../../../../arm-none-eabi/lib/thumb/v7e-m+fp/softfp/libc_nano.a(lib_a-abort.o)
 .debug_line    0x0000000000003f06      0x1be /usr/lib/gcc/arm-none-eabi/12.1.0/../../../../arm-none-eabi/lib/thumb/v7e-m+fp/softfp/libc_nano.a(lib_a-closer.o)
 .debug_line    0x00000000000040c4      0x44b /usr/lib/gcc/arm-none-eabi/12.1.0/../../../../arm-none-eabi/lib/thumb/v7e-m+fp/softfp/libc_nano.a(lib_a-fflush.o)
 .debug_line    0x000000000000450f      0x545 /usr/lib/gcc/arm-none-eabi/12.1.0/../../../../arm-none-eabi/lib/thumb/v7e-m+fp/softfp/libc_nano.a(lib_a-findfp.o)
 .debug_line    0x0000000000004a54      0x276 /usr/lib/gcc/arm-none-eabi/12.1.0/../../../../arm-none-eabi/lib/thumb/v7e-m+fp/softfp/libc_nano.a(lib_a-fwalk.o)
 .debug_line    0x0000000000004cca       0xeb /usr/lib/gcc/arm-none-eabi/12.1.0/../../../../arm-none-eabi/lib/thumb/v7e-m+fp/softfp/libc_nano.a(lib_a-lock.o)
 .debug_line    0x0000000000004db5      0x1bd /usr/lib/gcc/arm-none-eabi/12.1.0/../../../../arm-none-eabi/lib/thumb/v7e-m+fp/softfp/libc_nano.a(lib_a-lseekr.o)
 .debug_line    0x0000000000004f72      0x364 /usr/lib/gcc/arm-none-eabi/12.1.0/../../../../arm-none-eabi/lib/thumb/v7e-m+fp/softfp/libc_nano.a(lib_a-makebuf.o)
 .debug_line    0x00000000000052d6       0x82 /usr/lib/gcc/arm-none-eabi/12.1.0/../../../../arm-none-eabi/lib/thumb/v7e-m+fp/softfp/libc_nano.a(lib_a-memchr.o)
 .debug_line    0x0000000000005358      0x167 /usr/lib/gcc/arm-none-eabi/12.1.0/../../../../arm-none-eabi/lib/thumb/v7e-m+fp/softfp/libc_nano.a(lib_a-memmove.o)
 .debug_line    0x00000000000054bf      0x190 /usr/lib/gcc/arm-none-eabi/12.1.0/../../../../arm-none-eabi/lib/thumb/v7e-m+fp/softfp/libc_nano.a(lib_a-mlock.o)
 .debug_line    0x000000000000564f      0x2b8 /usr/lib/gcc/arm-none-eabi/12.1.0/../../../../arm-none-eabi/lib/thumb/v7e-m+fp/softfp/libc_nano.a(lib_a-nano-freer.o)
 .debug_line    0x0000000000005907      0x207 /usr/lib/gcc/arm-none-eabi/12.1.0/../../../../arm-none-eabi/lib/thumb/v7e-m+fp/softfp/libc_nano.a(lib_a-nano-reallocr.o)
 .debug_line    0x0000000000005b0e      0x7fd /usr/lib/gcc/arm-none-eabi/12.1.0/../../../../arm-none-eabi/lib/thumb/v7e-m+fp/softfp/libc_nano.a(lib_a-nano-svfprintf.o)
 .debug_line    0x000000000000630b      0x730 /usr/lib/gcc/arm-none-eabi/12.1.0/../../../../arm-none-eabi/lib/thumb/v7e-m+fp/softfp/libc_nano.a(lib_a-nano-svfscanf.o)
 .debug_line    0x0000000000006a3b      0x6d8 /usr/lib/gcc/arm-none-eabi/12.1.0/../../../../arm-none-eabi/lib/thumb/v7e-m+fp/softfp/libc_nano.a(lib_a-nano-vfprintf_i.o)
 .debug_line    0x0000000000007113      0x681 /usr/lib/gcc/arm-none-eabi/12.1.0/../../../../arm-none-eabi/lib/thumb/v7e-m+fp/softfp/libc_nano.a(lib_a-nano-vfscanf_i.o)
 .debug_line    0x0000000000007794      0x1bc /usr/lib/gcc/arm-none-eabi/12.1.0/../../../../arm-none-eabi/lib/thumb/v7e-m+fp/softfp/libc_nano.a(lib_a-readr.o)
 .debug_line    0x0000000000007950      0x2c3 /usr/lib/gcc/arm-none-eabi/12.1.0/../../../../arm-none-eabi/lib/thumb/v7e-m+fp/softfp/libc_nano.a(lib_a-reent.o)
 .debug_line    0x0000000000007c13      0x1b9 /usr/lib/gcc/arm-none-eabi/12.1.0/../../../../arm-none-eabi/lib/thumb/v7e-m+fp/softfp/libc_nano.a(lib_a-sccl.o)
 .debug_line    0x0000000000007dcc      0x3e3 /usr/lib/gcc/arm-none-eabi/12.1.0/../../../../arm-none-eabi/lib/thumb/v7e-m+fp/softfp/libc_nano.a(lib_a-signal.o)
 .debug_line    0x00000000000081af      0x1ef /usr/lib/gcc/arm-none-eabi/12.1.0/../../../../arm-none-eabi/lib/thumb/v7e-m+fp/softfp/libc_nano.a(lib_a-signalr.o)
 .debug_line    0x000000000000839e      0x409 /usr/lib/gcc/arm-none-eabi/12.1.0/../../../../arm-none-eabi/lib/thumb/v7e-m+fp/softfp/libc_nano.a(lib_a-strtol.o)
 .debug_line    0x00000000000087a7      0x3d6 /usr/lib/gcc/arm-none-eabi/12.1.0/../../../../arm-none-eabi/lib/thumb/v7e-m+fp/softfp/libc_nano.a(lib_a-strtoul.o)
 .debug_line    0x0000000000008b7d      0x443 /usr/lib/gcc/arm-none-eabi/12.1.0/../../../../arm-none-eabi/lib/thumb/v7e-m+fp/softfp/libc_nano.a(lib_a-ungetc.o)
 .debug_line    0x0000000000008fc0       0x72 /usr/lib/gcc/arm-none-eabi/12.1.0/../../../../arm-none-eabi/lib/thumb/v7e-m+fp/softfp/libc_nano.a(lib_a-ctype_.o)